Archive member included to satisfy reference by file (symbol)

c:/altera/15.0/nios2eds/bin/gnu/h-x86_64-mingw32/bin/../lib/gcc/nios2-elf/4.9.1\libgcc.a(_fixunsdfsi.o)
                              obj/default/touch.o (__fixunsdfsi)
c:/altera/15.0/nios2eds/bin/gnu/h-x86_64-mingw32/bin/../lib/gcc/nios2-elf/4.9.1\libgcc.a(adddf3.o)
                              obj/default/touch.o (__adddf3)
c:/altera/15.0/nios2eds/bin/gnu/h-x86_64-mingw32/bin/../lib/gcc/nios2-elf/4.9.1\libgcc.a(divdf3.o)
                              obj/default/touch.o (__divdf3)
c:/altera/15.0/nios2eds/bin/gnu/h-x86_64-mingw32/bin/../lib/gcc/nios2-elf/4.9.1\libgcc.a(eqdf2.o)
                              obj/default/touch.o (__eqdf2)
c:/altera/15.0/nios2eds/bin/gnu/h-x86_64-mingw32/bin/../lib/gcc/nios2-elf/4.9.1\libgcc.a(gedf2.o)
                              c:/altera/15.0/nios2eds/bin/gnu/h-x86_64-mingw32/bin/../lib/gcc/nios2-elf/4.9.1\libgcc.a(_fixunsdfsi.o) (__gedf2)
c:/altera/15.0/nios2eds/bin/gnu/h-x86_64-mingw32/bin/../lib/gcc/nios2-elf/4.9.1\libgcc.a(muldf3.o)
                              obj/default/touch.o (__muldf3)
c:/altera/15.0/nios2eds/bin/gnu/h-x86_64-mingw32/bin/../lib/gcc/nios2-elf/4.9.1\libgcc.a(subdf3.o)
                              c:/altera/15.0/nios2eds/bin/gnu/h-x86_64-mingw32/bin/../lib/gcc/nios2-elf/4.9.1\libgcc.a(_fixunsdfsi.o) (__subdf3)
c:/altera/15.0/nios2eds/bin/gnu/h-x86_64-mingw32/bin/../lib/gcc/nios2-elf/4.9.1\libgcc.a(fixdfsi.o)
                              c:/altera/15.0/nios2eds/bin/gnu/h-x86_64-mingw32/bin/../lib/gcc/nios2-elf/4.9.1\libgcc.a(_fixunsdfsi.o) (__fixdfsi)
c:/altera/15.0/nios2eds/bin/gnu/h-x86_64-mingw32/bin/../lib/gcc/nios2-elf/4.9.1\libgcc.a(floatsidf.o)
                              obj/default/touch.o (__floatsidf)
c:/altera/15.0/nios2eds/bin/gnu/h-x86_64-mingw32/bin/../lib/gcc/nios2-elf/4.9.1\libgcc.a(_clzsi2.o)
                              c:/altera/15.0/nios2eds/bin/gnu/h-x86_64-mingw32/bin/../lib/gcc/nios2-elf/4.9.1\libgcc.a(adddf3.o) (__clzsi2)
c:/altera/15.0/nios2eds/bin/gnu/h-x86_64-mingw32/bin/../lib/gcc/nios2-elf/4.9.1\libgcc.a(lib2-divmod.o)
                              c:/altera/15.0/nios2eds/bin/gnu/h-x86_64-mingw32/bin/../lib/gcc/nios2-elf/4.9.1\libgcc.a(divdf3.o) (__udivsi3)
c:/altera/15.0/nios2eds/bin/gnu/h-x86_64-mingw32/bin/../lib/gcc/nios2-elf/4.9.1\libgcc.a(_clz.o)
                              c:/altera/15.0/nios2eds/bin/gnu/h-x86_64-mingw32/bin/../lib/gcc/nios2-elf/4.9.1\libgcc.a(_clzsi2.o) (__clz_tab)
c:/altera/15.0/nios2eds/bin/gnu/h-x86_64-mingw32/bin/../lib/gcc/nios2-elf/4.9.1/../../../../../H-x86_64-mingw32/nios2-elf/lib\libc.a(lib_a-memcpy.o)
                              obj/default/AsciiLib.o (memcpy)
c:/altera/15.0/nios2eds/bin/gnu/h-x86_64-mingw32/bin/../lib/gcc/nios2-elf/4.9.1/../../../../../H-x86_64-mingw32/nios2-elf/lib\libc.a(lib_a-rand.o)
                              obj/default/main.o (rand)
c:/altera/15.0/nios2eds/bin/gnu/h-x86_64-mingw32/bin/../lib/gcc/nios2-elf/4.9.1/../../../../../H-x86_64-mingw32/nios2-elf/lib\libc.a(lib_a-impure.o)
                              c:/altera/15.0/nios2eds/bin/gnu/h-x86_64-mingw32/bin/../lib/gcc/nios2-elf/4.9.1/../../../../../H-x86_64-mingw32/nios2-elf/lib\libc.a(lib_a-rand.o) (_impure_ptr)
c:/altera/15.0/nios2eds/bin/gnu/h-x86_64-mingw32/bin/../lib/gcc/nios2-elf/4.9.1\libgcc.a(_muldi3.o)
                              c:/altera/15.0/nios2eds/bin/gnu/h-x86_64-mingw32/bin/../lib/gcc/nios2-elf/4.9.1/../../../../../H-x86_64-mingw32/nios2-elf/lib\libc.a(lib_a-rand.o) (__muldi3)
../sterli_gen2_bsp/\libucosii_bsp.a(alt_main.o)
                              ../sterli_gen2_bsp//obj/HAL/src/crt0.o (alt_main)
../sterli_gen2_bsp/\libucosii_bsp.a(alt_usleep.o)
                              obj/default/LCD32.o (usleep)
../sterli_gen2_bsp/\libucosii_bsp.a(alt_env_lock.o)
                              ../sterli_gen2_bsp/\libucosii_bsp.a(alt_main.o) (alt_envsem)
../sterli_gen2_bsp/\libucosii_bsp.a(alt_malloc_lock.o)
                              ../sterli_gen2_bsp/\libucosii_bsp.a(alt_main.o) (alt_heapsem)
../sterli_gen2_bsp/\libucosii_bsp.a(os_core.o)
                              ../sterli_gen2_bsp/\libucosii_bsp.a(alt_usleep.o) (OSRunning)
../sterli_gen2_bsp/\libucosii_bsp.a(os_dbg.o)
                              ../sterli_gen2_bsp/\libucosii_bsp.a(os_core.o) (OSDebugInit)
../sterli_gen2_bsp/\libucosii_bsp.a(os_flag.o)
                              ../sterli_gen2_bsp/\libucosii_bsp.a(os_core.o) (OS_FlagInit)
../sterli_gen2_bsp/\libucosii_bsp.a(os_mem.o)
                              ../sterli_gen2_bsp/\libucosii_bsp.a(os_core.o) (OS_MemInit)
../sterli_gen2_bsp/\libucosii_bsp.a(os_q.o)
                              ../sterli_gen2_bsp/\libucosii_bsp.a(os_core.o) (OS_QInit)
../sterli_gen2_bsp/\libucosii_bsp.a(os_sem.o)
                              ../sterli_gen2_bsp/\libucosii_bsp.a(alt_main.o) (OSSemCreate)
../sterli_gen2_bsp/\libucosii_bsp.a(os_task.o)
[...]
Memory Configuration

Name             Origin             Length             Attributes
sdram_BEFORE_EXCEPTION 0x0000000000800000 0x0000000000000020
sdram            0x0000000000800020 0x00000000007fffe0
reset            0x0000000001001000 0x0000000000000020
flash            0x0000000001001020 0x00000000000007e0
*default*        0x0000000000000000 0xffffffffffffffff

Linker script and memory map

LOAD ../sterli_gen2_bsp//obj/HAL/src/crt0.o
LOAD obj/default/AsciiLib.o
LOAD obj/default/LCD32.o
LOAD obj/default/main.o
LOAD obj/default/tahomabold_20.o
LOAD obj/default/touch.o
LOAD c:/altera/15.0/nios2eds/bin/gnu/h-x86_64-mingw32/bin/../lib/gcc/nios2-elf/4.9.1/../../../../../H-x86_64-mingw32/nios2-elf/lib\libstdc++.a
LOAD c:/altera/15.0/nios2eds/bin/gnu/h-x86_64-mingw32/bin/../lib/gcc/nios2-elf/4.9.1/../../../../../H-x86_64-mingw32/nios2-elf/lib\libm.a
LOAD c:/altera/15.0/nios2eds/bin/gnu/h-x86_64-mingw32/bin/../lib/gcc/nios2-elf/4.9.1\libgcc.a
START GROUP
LOAD c:/altera/15.0/nios2eds/bin/gnu/h-x86_64-mingw32/bin/../lib/gcc/nios2-elf/4.9.1/../../../../../H-x86_64-mingw32/nios2-elf/lib\libc.a
LOAD c:/altera/15.0/nios2eds/bin/gnu/h-x86_64-mingw32/bin/../lib/gcc/nios2-elf/4.9.1\libgcc.a
LOAD ../sterli_gen2_bsp/\libucosii_bsp.a
LOAD c:/altera/15.0/nios2eds/bin/gnu/h-x86_64-mingw32/bin/../lib/gcc/nios2-elf/4.9.1/../../../../../H-x86_64-mingw32/nios2-elf/lib\libm.a
END GROUP
LOAD c:/altera/15.0/nios2eds/bin/gnu/h-x86_64-mingw32/bin/../lib/gcc/nios2-elf/4.9.1\libgcc.a
                0x0000000000800000                __alt_mem_sdram = 0x800000
                0x0000000001001000                __alt_mem_flash = 0x1001000

.entry          0x0000000001001000        0x0
 *(.entry)
 .entry         0x0000000001001000        0x0 ../sterli_gen2_bsp//obj/HAL/src/crt0.o
                0x0000000001001000                __reset

.exceptions     0x0000000000800020      0x220
                0x0000000000800020                PROVIDE (__ram_exceptions_start, ABSOLUTE (.))
                0x0000000000800020                . = ALIGN (0x20)
 *(.irq)
 *(.exceptions.entry.label)
 .exceptions.entry.label
                0x0000000000800020        0x0 ../sterli_gen2_bsp/\libucosii_bsp.a(alt_irq_entry.o)
                0x0000000000800020                alt_irq_entry
 .exceptions.entry.label
                0x0000000000800020        0x0 ../sterli_gen2_bsp/\libucosii_bsp.a(alt_exception_entry.o)
                0x0000000000800020                alt_exception
 *(.exceptions.entry.user)
 *(.exceptions.entry.ecc_fatal)
 *(.exceptions.entry)
 .exceptions.entry
                0x0000000000800020       0x54 ../sterli_gen2_bsp/\libucosii_bsp.a(alt_exception_entry.o)
 *(.exceptions.irqtest.user)
 *(.exceptions.irqtest)
 .exceptions.irqtest
                0x0000000000800074       0x10 ../sterli_gen2_bsp/\libucosii_bsp.a(alt_irq_entry.o)
 *(.exceptions.irqhandler.user)
 *(.exceptions.irqhandler)
 .exceptions.irqhandler
                0x0000000000800084        0x4 ../sterli_gen2_bsp/\libucosii_bsp.a(alt_irq_entry.o)
 *(.exceptions.irqreturn.user)
 *(.exceptions.irqreturn)
 .exceptions.irqreturn
                0x0000000000800088        0x4 ../sterli_gen2_bsp/\libucosii_bsp.a(alt_irq_entry.o)
 *(.exceptions.notirq.label)
 .exceptions.notirq.label
                0x000000000080008c        0x0 ../sterli_gen2_bsp/\libucosii_bsp.a(alt_irq_entry.o)
 *(.exceptions.notirq.user)
 *(.exceptions.notirq)
 .exceptions.notirq
                0x000000000080008c        0x8 ../sterli_gen2_bsp/\libucosii_bsp.a(alt_exception_entry.o)
 *(.exceptions.soft.user)
 *(.exceptions.soft)
 *(.exceptions.unknown.user)
 *(.exceptions.unknown)
 .exceptions.unknown
                0x0000000000800094       0x14 ../sterli_gen2_bsp/\libucosii_bsp.a(alt_exception_entry.o)
 *(.exceptions.exit.label)
 .exceptions.exit.label
                0x00000000008000a8        0x0 ../sterli_gen2_bsp/\libucosii_bsp.a(alt_irq_entry.o)
 .exceptions.exit.label
                0x00000000008000a8        0x0 ../sterli_gen2_bsp/\libucosii_bsp.a(alt_exception_entry.o)
 *(.exceptions.exit.user)
 *(.exceptions.exit)
 .exceptions.exit
                0x00000000008000a8       0x54 ../sterli_gen2_bsp/\libucosii_bsp.a(alt_exception_entry.o)
 *(.exceptions)
 .exceptions    0x00000000008000fc       0xd0 ../sterli_gen2_bsp/\libucosii_bsp.a(alt_irq_handler.o)
                0x00000000008000fc                alt_irq_handler
 .exceptions    0x00000000008001cc       0x74 ../sterli_gen2_bsp/\libucosii_bsp.a(alt_instruction_exception_entry.o)
                0x00000000008001cc                alt_instruction_exception_entry
                0x0000000000800240                PROVIDE (__ram_exceptions_end, ABSOLUTE (.))
                0x0000000000800020                PROVIDE (__flash_exceptions_start, LOADADDR (.exceptions))

.text           0x0000000000800240    0x12a70
                0x0000000000800240                PROVIDE (stext, ABSOLUTE (.))
 *(.interp)
 *(.hash)
 *(.dynsym)
 *(.dynstr)
 *(.gnu.version)
 *(.gnu.version_d)
 *(.gnu.version_r)
 *(.rel.init)
 *(.rela.init)
 *(.rel.text .rel.text.* .rel.gnu.linkonce.t.*)
 *(.rela.text .rela.text.* .rela.gnu.linkonce.t.*)
 *(.rel.fini)
 *(.rela.fini)
 *(.rel.rodata .rel.rodata.* .rel.gnu.linkonce.r.*)
 *(.rela.rodata .rela.rodata.* .rela.gnu.linkonce.r.*)
 *(.rel.data .rel.data.* .rel.gnu.linkonce.d.*)
 *(.rela.data .rela.data.* .rela.gnu.linkonce.d.*)
 *(.rel.tdata .rel.tdata.* .rel.gnu.linkonce.td.*)
 *(.rela.tdata .rela.tdata.* .rela.gnu.linkonce.td.*)
 *(.rel.tbss .rel.tbss.* .rel.gnu.linkonce.tb.*)
 *(.rela.tbss .rela.tbss.* .rela.gnu.linkonce.tb.*)
 *(.rel.ctors)
 *(.rela.ctors)
 *(.rel.dtors)
 *(.rela.dtors)
 *(.rel.got)
 *(.rela.got)
 *(.rel.sdata .rel.sdata.* .rel.gnu.linkonce.s.*)
 *(.rela.sdata .rela.sdata.* .rela.gnu.linkonce.s.*)
 *(.rel.sbss .rel.sbss.* .rel.gnu.linkonce.sb.*)
 *(.rela.sbss .rela.sbss.* .rela.gnu.linkonce.sb.*)
 *(.rel.sdata2 .rel.sdata2.* .rel.gnu.linkonce.s2.*)
 *(.rela.sdata2 .rela.sdata2.* .rela.gnu.linkonce.s2.*)
 *(.rel.sbss2 .rel.sbss2.* .rel.gnu.linkonce.sb2.*)
 *(.rela.sbss2 .rela.sbss2.* .rela.gnu.linkonce.sb2.*)
 *(.rel.bss .rel.bss.* .rel.gnu.linkonce.b.*)
 *(.rela.bss .rela.bss.* .rela.gnu.linkonce.b.*)
 *(.rel.plt)
 *(.rela.plt)
 *(.rel.dyn)
 *(.init)
 *(.plt)
 *(.text .stub .text.* .gnu.linkonce.t.*)
 .text          0x0000000000800240       0x48 ../sterli_gen2_bsp//obj/HAL/src/crt0.o
                0x0000000000800240                _start
 .text          0x0000000000800288       0x64 obj/default/AsciiLib.o
                0x0000000000800288                GetASCIICode
 .text          0x00000000008002ec     0x2c40 obj/default/LCD32.o
                0x00000000008002ec                LCD_WriteIndex
                0x0000000000800370                LCD_WriteData
                0x00000000008003e4                LCD_ReadData
                0x0000000000800484                LCD_WriteReg
                0x00000000008004f0                LCD_ReadReg
                0x0000000000800554                LCD_SetCursor
                0x000000000080069c                LCD_Initializtion
                0x0000000000800d28                LCD_Clear
                0x0000000000800e40                LCD_show_test
                0x0000000000800f74                LCD_BGR2RGB
                0x0000000000800fec                LCD_GetPoint
                0x0000000000801160                LCD_SetPoint
                0x00000000008011d8                LCD_DrawLine
                0x0000000000801478                PutChar
                0x00000000008015a8                GUI_Text
                0x0000000000801678                vid_draw_line
                0x0000000000801730                vid_set_pixel
                0x0000000000801784                vid_draw_horiz_line
                0x00000000008017f8                vid_draw_sloped_line
                0x0000000000801a60                vid_draw_box
                0x0000000000801b80                vid_paint_block
                0x0000000000801c10                vid_print_char
                0x0000000000801cfc                vid_print_string
                0x0000000000801dfc                vid_draw_circle
                0x0000000000801f28                vid_round_corner_points
                0x00000000008025d0                delay_ms
                0x0000000000802628                vid_print_string_alpha
                0x000000000080286c                seperate_color_channels
                0x00000000008029b4                merge_color_channels
                0x0000000000802ae4                alpha_blending
                0x0000000000802cac                vid_print_char_alpha
                0x0000000000802e4c                vid_string_pixel_length_alpha
 .text          0x0000000000802f2c      0x184 obj/default/main.o
                0x0000000000802f2c                main
                0x0000000000803018                init_system_
 .text          0x00000000008030b0        0x0 obj/default/tahomabold_20.o
 .text          0x00000000008030b0     0x159c obj/default/touch.o
                0x00000000008030b0                TP_Init
                0x00000000008030ec                DelayUS
                0x000000000080311c                WR_CMD
                0x0000000000803170                RD_AD
                0x000000000080323c                Read_X
                0x00000000008032a4                Read_Y
                0x000000000080330c                TP_GetAdXY
                0x0000000000803368                TP_DrawPoint
                0x00000000008033b8                DrawCross
                0x00000000008036c4                Read_Ads7846
                0x0000000000803a44                setCalibrationMatrix
                0x000000000080407c                getDisplayPoint
                0x000000000080436c                TouchPanel_Calibrate
                0x00000000008044a4                auto_calibration
                0x0000000000804544                event_is_up
 .text          0x000000000080464c       0x74 c:/altera/15.0/nios2eds/bin/gnu/h-x86_64-mingw32/bin/../lib/gcc/nios2-elf/4.9.1\libgcc.a(_fixunsdfsi.o)
                0x000000000080464c                __fixunsdfsi
 .text          0x00000000008046c0      0x89c c:/altera/15.0/nios2eds/bin/gnu/h-x86_64-mingw32/bin/../lib/gcc/nios2-elf/4.9.1\libgcc.a(adddf3.o)
                0x00000000008046c0                __adddf3
 .text          0x0000000000804f5c      0x8cc c:/altera/15.0/nios2eds/bin/gnu/h-x86_64-mingw32/bin/../lib/gcc/nios2-elf/4.9.1\libgcc.a(divdf3.o)
                0x0000000000804f5c                __divdf3
 .text          0x0000000000805828       0x84 c:/altera/15.0/nios2eds/bin/gnu/h-x86_64-mingw32/bin/../lib/gcc/nios2-elf/4.9.1\libgcc.a(eqdf2.o)
                0x0000000000805828                __nedf2
                0x0000000000805828                __eqdf2
 .text          0x00000000008058ac       0xe0 c:/altera/15.0/nios2eds/bin/gnu/h-x86_64-mingw32/bin/../lib/gcc/nios2-elf/4.9.1\libgcc.a(gedf2.o)
                0x00000000008058ac                __gedf2
                0x00000000008058ac                __gtdf2
 .text          0x000000000080598c      0x724 c:/altera/15.0/nios2eds/bin/gnu/h-x86_64-mingw32/bin/../lib/gcc/nios2-elf/4.9.1\libgcc.a(muldf3.o)
                0x000000000080598c                __muldf3
 .text          0x00000000008060b0      0x8d0 c:/altera/15.0/nios2eds/bin/gnu/h-x86_64-mingw32/bin/../lib/gcc/nios2-elf/4.9.1\libgcc.a(subdf3.o)
                0x00000000008060b0                __subdf3
 .text          0x0000000000806980       0x88 c:/altera/15.0/nios2eds/bin/gnu/h-x86_64-mingw32/bin/../lib/gcc/nios2-elf/4.9.1\libgcc.a(fixdfsi.o)
                0x0000000000806980                __fixdfsi
 .text          0x0000000000806a08       0xd0 c:/altera/15.0/nios2eds/bin/gnu/h-x86_64-mingw32/bin/../lib/gcc/nios2-elf/4.9.1\libgcc.a(floatsidf.o)
                0x0000000000806a08                __floatsidf
 .text          0x0000000000806ad8       0x64 c:/altera/15.0/nios2eds/bin/gnu/h-x86_64-mingw32/bin/../lib/gcc/nios2-elf/4.9.1\libgcc.a(_clzsi2.o)
                0x0000000000806ad8                __clzsi2
 .text          0x0000000000806b3c      0x12c c:/altera/15.0/nios2eds/bin/gnu/h-x86_64-mingw32/bin/../lib/gcc/nios2-elf/4.9.1\libgcc.a(lib2-divmod.o)
                0x0000000000806ba8                __divsi3
                0x0000000000806bfc                __modsi3
                0x0000000000806c58                __udivsi3
                0x0000000000806c60                __umodsi3
 .text          0x0000000000806c68        0x0 c:/altera/15.0/nios2eds/bin/gnu/h-x86_64-mingw32/bin/../lib/gcc/nios2-elf/4.9.1\libgcc.a(_clz.o)
 .text          0x0000000000806c68      0x138 c:/altera/15.0/nios2eds/bin/gnu/h-x86_64-mingw32/bin/../lib/gcc/nios2-elf/4.9.1/../../../../../H-x86_64-mingw32/nios2-elf/lib\libc.a(lib_a-memcpy.o)
                0x0000000000806c68                memcpy
 .text          0x0000000000806da0       0x7c c:/altera/15.0/nios2eds/bin/gnu/h-x86_64-mingw32/bin/../lib/gcc/nios2-elf/4.9.1/../../../../../H-x86_64-mingw32/nios2-elf/lib\libc.a(lib_a-rand.o)
                0x0000000000806da0                srand
                0x0000000000806db8                rand
 .text          0x0000000000806e1c        0x0 c:/altera/15.0/nios2eds/bin/gnu/h-x86_64-mingw32/bin/../lib/gcc/nios2-elf/4.9.1/../../../../../H-x86_64-mingw32/nios2-elf/lib\libc.a(lib_a-impure.o)
 .text          0x0000000000806e1c       0x60 c:/altera/15.0/nios2eds/bin/gnu/h-x86_64-mingw32/bin/../lib/gcc/nios2-elf/4.9.1\libgcc.a(_muldi3.o)
                0x0000000000806e1c                __muldi3
 .text          0x0000000000806e7c       0xd4 ../sterli_gen2_bsp/\libucosii_bsp.a(alt_main.o)
                0x0000000000806e7c                alt_main
 .text          0x0000000000806f50      0x114 ../sterli_gen2_bsp/\libucosii_bsp.a(alt_usleep.o)
                0x0000000000806f50                usleep
 .text          0x0000000000807064      0x11c ../sterli_gen2_bsp/\libucosii_bsp.a(alt_env_lock.o)
                0x0000000000807064                __env_lock
                0x0000000000807124                __env_unlock
 .text          0x0000000000807180      0x1f0 ../sterli_gen2_bsp/\libucosii_bsp.a(alt_malloc_lock.o)
                0x0000000000807180                __malloc_lock
                0x00000000008072a0                __malloc_unlock
 .text          0x0000000000807370     0x1fd4 ../sterli_gen2_bsp/\libucosii_bsp.a(os_core.o)
                0x0000000000807370                OSEventNameGet
                0x0000000000807490                OSEventNameSet
                0x00000000008075cc                OSEventPendMulti
                0x0000000000807bdc                OSInit
                0x0000000000807c30                OSIntEnter
                0x0000000000807cac                OSIntExit
                0x0000000000807da0                OSSchedLock
                0x0000000000807e28                OSSchedUnlock
                0x0000000000807f00                OSStart
                0x0000000000807f6c                OSStatInit
                0x0000000000808018                OSTimeTick
                0x0000000000808234                OSVersion
                0x0000000000808254                OS_Dummy
                0x0000000000808270                OS_EventTaskRdy
                0x0000000000808408                OS_EventTaskWait
                0x0000000000808514                OS_EventTaskWaitMulti
                0x0000000000808660                OS_EventTaskRemove
                0x0000000000808714                OS_EventTaskRemoveMulti
                0x0000000000808810                OS_EventWaitListInit
                0x0000000000808bd4                OS_MemClr
                0x0000000000808c24                OS_MemCopy
                0x0000000000808c88                OS_Sched
                0x0000000000808dc4                OS_StrCopy
                0x0000000000808e38                OS_StrLen
                0x0000000000808e8c                OS_TaskIdle
                0x0000000000808ee8                OS_TaskStat
                0x0000000000808fa8                OS_TaskStatStkChk
                0x0000000000809070                OS_TCBInit
 .text          0x0000000000809344      0x18c ../sterli_gen2_bsp/\libucosii_bsp.a(os_dbg.o)
                0x0000000000809344                OSDebugInit
 .text          0x00000000008094d0     0x181c ../sterli_gen2_bsp/\libucosii_bsp.a(os_flag.o)
                0x00000000008094d0                OSFlagAccept
                0x00000000008097d8                OSFlagCreate
                0x0000000000809900                OSFlagDel
                0x0000000000809b70                OSFlagNameGet
                0x0000000000809ca0                OSFlagNameSet
                0x0000000000809df0                OSFlagPend
                0x000000000080a3e0                OSFlagPendGetFlagsRdy
                0x000000000080a448                OSFlagPost
                0x000000000080a7d0                OSFlagQuery
                0x000000000080aa58                OS_FlagInit
                0x000000000080ac4c                OS_FlagUnlink
 .text          0x000000000080acec      0x784 ../sterli_gen2_bsp/\libucosii_bsp.a(os_mem.o)
                0x000000000080acec                OSMemCreate
                0x000000000080aee0                OSMemGet
                0x000000000080afd0                OSMemNameGet
                0x000000000080b0c8                OSMemNameSet
                0x000000000080b1e0                OSMemPut
                0x000000000080b2b8                OSMemQuery
                0x000000000080b3a0                OS_MemInit
 .text          0x000000000080b470     0x1210 ../sterli_gen2_bsp/\libucosii_bsp.a(os_q.o)
                0x000000000080b470                OSQAccept
                0x000000000080b5b0                OSQCreate
                0x000000000080b7ac                OSQDel
                0x000000000080ba74                OSQFlush
                0x000000000080bb2c                OSQPend
                0x000000000080be28                OSQPendAbort
                0x000000000080bf94                OSQPost
                0x000000000080c0fc                OSQPostFront
                0x000000000080c26c                OSQPostOpt
                0x000000000080c478                OSQQuery
                0x000000000080c5d4                OS_QInit
 .text          0x000000000080c680      0xb08 ../sterli_gen2_bsp/\libucosii_bsp.a(os_sem.o)
                0x000000000080c680                OSSemAccept
                0x000000000080c730                OSSemCreate
                0x000000000080c830                OSSemDel
                0x000000000080ca98                OSSemPend
                0x000000000080cd00                OSSemPendAbort
                0x000000000080ce6c                OSSemPost
                0x000000000080cf7c                OSSemQuery
                0x000000000080d08c                OSSemSet
 .text          0x000000000080d188     0x18f4 ../sterli_gen2_bsp/\libucosii_bsp.a(os_task.o)
                0x000000000080d188                OSTaskChangePrio
                0x000000000080d6c8                OSTaskCreate
                0x000000000080d884                OSTaskCreateExt
                0x000000000080da70                OSTaskDel
                0x000000000080de50                OSTaskDelReq
                0x000000000080dfa8                OSTaskNameGet
                0x000000000080e150                OSTaskNameSet
                0x000000000080e310                OSTaskResume
                0x000000000080e508                OSTaskStkChk
                0x000000000080e6d0                OSTaskSuspend
                0x000000000080e8e4                OSTaskQuery
                0x000000000080ea10                OS_TaskStkClr
 .text          0x000000000080ea7c      0x550 ../sterli_gen2_bsp/\libucosii_bsp.a(os_time.o)
                0x000000000080ea7c                OSTimeDly
                0x000000000080ebc4                OSTimeDlyHMSM
                0x000000000080ed14                OSTimeDlyResume
                0x000000000080ef04                OSTimeGet
                0x000000000080ef68                OSTimeSet
 .text          0x000000000080efcc       0xdc ../sterli_gen2_bsp/\libucosii_bsp.a(alt_sys_init.o)
                0x000000000080f004                alt_irq_init
                0x000000000080f038                alt_sys_init
 .text          0x000000000080f0a8      0x990 ../sterli_gen2_bsp/\libucosii_bsp.a(altera_avalon_epcs_flash_controller.o)
                0x000000000080f0e0                alt_epcs_flash_init
                0x000000000080f4ac                alt_epcs_flash_write
                0x000000000080f70c                alt_epcs_flash_get_info
                0x000000000080f82c                alt_epcs_flash_erase_block
                0x000000000080f8a0                alt_epcs_flash_write_block
                0x000000000080f9a0                alt_epcs_flash_read
 .text          0x000000000080fa38      0x164 ../sterli_gen2_bsp/\libucosii_bsp.a(altera_avalon_jtag_uart_fd.o)
                0x000000000080fa38                altera_avalon_jtag_uart_read_fd
                0x000000000080fa98                altera_avalon_jtag_uart_write_fd
                0x000000000080faf8                altera_avalon_jtag_uart_close_fd
                0x000000000080fb48                altera_avalon_jtag_uart_ioctl_fd
 .text          0x000000000080fb9c      0x568 ../sterli_gen2_bsp/\libucosii_bsp.a(altera_avalon_jtag_uart_init.o)
                0x000000000080fb9c                altera_avalon_jtag_uart_init
                0x000000000081009c                altera_avalon_jtag_uart_close
 .text          0x0000000000810104       0xec ../sterli_gen2_bsp/\libucosii_bsp.a(altera_avalon_jtag_uart_ioctl.o)
                0x0000000000810104                altera_avalon_jtag_uart_ioctl
 .text          0x00000000008101f0      0x2b4 ../sterli_gen2_bsp/\libucosii_bsp.a(altera_avalon_jtag_uart_read.o)
                0x00000000008101f0                altera_avalon_jtag_uart_read
 .text          0x00000000008104a4      0x2c0 ../sterli_gen2_bsp/\libucosii_bsp.a(altera_avalon_jtag_uart_write.o)
                0x00000000008104a4                altera_avalon_jtag_uart_write
 .text          0x0000000000810764      0x204 ../sterli_gen2_bsp/\libucosii_bsp.a(altera_avalon_spi.o)
                0x0000000000810764                alt_avalon_spi_command
 .text          0x0000000000810968       0xfc ../sterli_gen2_bsp/\libucosii_bsp.a(altera_avalon_timer_sc.o)
                0x00000000008109dc                alt_avalon_timer_sc_init
 .text          0x0000000000810a64      0x62c ../sterli_gen2_bsp/\libucosii_bsp.a(epcs_commands.o)
                0x0000000000810a64                epcs_read_status_register
                0x0000000000810b30                epcs_sector_erase
                0x0000000000810c28                epcs_read_buffer
                0x0000000000810d1c                epcs_write_enable
                0x0000000000810d6c                epcs_write_status_register
                0x0000000000810dd4                epcs_write_buffer
                0x0000000000810ef0                epcs_read_electronic_signature
                0x0000000000810f58                epcs_read_device_id
                0x0000000000810fd8                epcs_enter_4_bytes_mode
                0x0000000000811034                epcs_exit_4_bytes_mode
 .text          0x0000000000811090      0x140 ../sterli_gen2_bsp/\libucosii_bsp.a(alt_alarm_start.o)
                0x0000000000811090                alt_alarm_start
 .text          0x00000000008111d0      0x128 ../sterli_gen2_bsp/\libucosii_bsp.a(alt_busy_sleep.o)
                0x00000000008111d0                alt_busy_sleep
 .text          0x00000000008112f8      0x120 ../sterli_gen2_bsp/\libucosii_bsp.a(alt_close.o)
                0x0000000000811348                close
 .text          0x0000000000811418       0x2c ../sterli_gen2_bsp/\libucosii_bsp.a(alt_dev.o)
 .text          0x0000000000811444       0xf4 ../sterli_gen2_bsp/\libucosii_bsp.a(alt_dev_llist_insert.o)
                0x0000000000811494                alt_dev_llist_insert
 .text          0x0000000000811538       0x5c ../sterli_gen2_bsp/\libucosii_bsp.a(alt_do_ctors.o)
                0x0000000000811538                _do_ctors
 .text          0x0000000000811594       0x5c ../sterli_gen2_bsp/\libucosii_bsp.a(alt_do_dtors.o)
                0x0000000000811594                _do_dtors
 .text          0x00000000008115f0        0x0 ../sterli_gen2_bsp/\libucosii_bsp.a(alt_errno.o)
 .text          0x00000000008115f0       0xb8 ../sterli_gen2_bsp/\libucosii_bsp.a(alt_flash_dev.o)
                0x00000000008115f0                alt_flash_open_dev
                0x0000000000811658                alt_flash_close_dev
 .text          0x00000000008116a8      0x1e0 ../sterli_gen2_bsp/\libucosii_bsp.a(alt_iic.o)
                0x00000000008116a8                alt_ic_isr_register
                0x00000000008116f8                alt_ic_irq_enable
                0x0000000000811798                alt_ic_irq_disable
                0x000000000081183c                alt_ic_irq_enabled
 .text          0x0000000000811888       0xf0 ../sterli_gen2_bsp/\libucosii_bsp.a(alt_iic_isr_register.o)
                0x0000000000811888                alt_iic_isr_register
 .text          0x0000000000811978      0x138 ../sterli_gen2_bsp/\libucosii_bsp.a(alt_io_redirect.o)
                0x0000000000811a38                alt_io_redirect
 .text          0x0000000000811ab0        0x0 ../sterli_gen2_bsp/\libucosii_bsp.a(alt_irq_entry.o)
 .text          0x0000000000811ab0        0x0 ../sterli_gen2_bsp/\libucosii_bsp.a(alt_irq_handler.o)
 .text          0x0000000000811ab0        0x0 ../sterli_gen2_bsp/\libucosii_bsp.a(alt_irq_vars.o)
 .text          0x0000000000811ab0      0x274 ../sterli_gen2_bsp/\libucosii_bsp.a(alt_open.o)
                0x0000000000811bcc                open
 .text          0x0000000000811d24       0x60 ../sterli_gen2_bsp/\libucosii_bsp.a(alt_release_fd.o)
                0x0000000000811d24                alt_release_fd
 .text          0x0000000000811d84      0x19c ../sterli_gen2_bsp/\libucosii_bsp.a(alt_tick.o)
                0x0000000000811d84                alt_alarm_stop
                0x0000000000811e1c                alt_tick
 .text          0x0000000000811f20       0x20 ../sterli_gen2_bsp/\libucosii_bsp.a(altera_nios2_gen2_irq.o)
                0x0000000000811f20                altera_nios2_gen2_irq_init
 .text          0x0000000000811f40       0xd0 ../sterli_gen2_bsp/\libucosii_bsp.a(os_cpu_a.o)
                0x0000000000811f40                OSCtxSw
                0x0000000000811f40                OSIntCtxSw
                0x0000000000811fcc                OSStartHighRdy
                0x0000000000811fec                OSStartTsk
 .text          0x0000000000812010      0x3fc ../sterli_gen2_bsp/\libucosii_bsp.a(os_cpu_c.o)
                0x0000000000812010                OSTaskStkInit
                0x0000000000812304                OSTaskCreateHook
                0x0000000000812324                OSTaskDelHook
                0x0000000000812344                OSTaskSwHook
                0x0000000000812360                OSTaskStatHook
                0x000000000081237c                OSTimeTickHook
                0x0000000000812398                OSInitHookBegin
                0x00000000008123b4                OSInitHookEnd
                0x00000000008123d0                OSTaskIdleHook
                0x00000000008123ec                OSTCBInitHook
 .text          0x000000000081240c        0x0 ../sterli_gen2_bsp/\libucosii_bsp.a(alt_exception_entry.o)
 .text          0x000000000081240c       0x90 ../sterli_gen2_bsp/\libucosii_bsp.a(alt_find_dev.o)
                0x000000000081240c                alt_find_dev
 .text          0x000000000081249c      0x114 ../sterli_gen2_bsp/\libucosii_bsp.a(alt_find_file.o)
                0x000000000081249c                alt_find_file
 .text          0x00000000008125b0       0xfc ../sterli_gen2_bsp/\libucosii_bsp.a(alt_get_fd.o)
                0x00000000008125b0                alt_get_fd
 .text          0x00000000008126ac       0x9c ../sterli_gen2_bsp/\libucosii_bsp.a(alt_instruction_exception_entry.o)
                0x00000000008126ac                alt_exception_cause_generated_bad_addr
 .text          0x0000000000812748       0x14 c:/altera/15.0/nios2eds/bin/gnu/h-x86_64-mingw32/bin/../lib/gcc/nios2-elf/4.9.1/../../../../../H-x86_64-mingw32/nios2-elf/lib\libc.a(lib_a-atexit.o)
                0x0000000000812748                atexit
 .text          0x000000000081275c       0x38 c:/altera/15.0/nios2eds/bin/gnu/h-x86_64-mingw32/bin/../lib/gcc/nios2-elf/4.9.1/../../../../../H-x86_64-mingw32/nios2-elf/lib\libc.a(lib_a-exit.o)
                0x000000000081275c                exit
 .text          0x0000000000812794        0x0 c:/altera/15.0/nios2eds/bin/gnu/h-x86_64-mingw32/bin/../lib/gcc/nios2-elf/4.9.1/../../../../../H-x86_64-mingw32/nios2-elf/lib\libc.a(lib_a-int_errno.o)
 .text          0x0000000000812794       0x7c c:/altera/15.0/nios2eds/bin/gnu/h-x86_64-mingw32/bin/../lib/gcc/nios2-elf/4.9.1/../../../../../H-x86_64-mingw32/nios2-elf/lib\libc.a(lib_a-memcmp.o)
                0x0000000000812794                memcmp
 .text          0x0000000000812810      0x124 c:/altera/15.0/nios2eds/bin/gnu/h-x86_64-mingw32/bin/../lib/gcc/nios2-elf/4.9.1/../../../../../H-x86_64-mingw32/nios2-elf/lib\libc.a(lib_a-memset.o)
                0x0000000000812810                memset
 .text          0x0000000000812934       0x98 c:/altera/15.0/nios2eds/bin/gnu/h-x86_64-mingw32/bin/../lib/gcc/nios2-elf/4.9.1/../../../../../H-x86_64-mingw32/nios2-elf/lib\libc.a(lib_a-strlen.o)
                0x0000000000812934                strlen
 .text          0x00000000008129cc      0x114 c:/altera/15.0/nios2eds/bin/gnu/h-x86_64-mingw32/bin/../lib/gcc/nios2-elf/4.9.1/../../../../../H-x86_64-mingw32/nios2-elf/lib\libc.a(lib_a-__atexit.o)
                0x00000000008129cc                __register_exitproc
 .text          0x0000000000812ae0      0x194 c:/altera/15.0/nios2eds/bin/gnu/h-x86_64-mingw32/bin/../lib/gcc/nios2-elf/4.9.1/../../../../../H-x86_64-mingw32/nios2-elf/lib\libc.a(lib_a-__call_atexit.o)
                0x0000000000812ae0                __call_exitprocs
 .text          0x0000000000812c74       0x3c ../sterli_gen2_bsp/\libucosii_bsp.a(alt_exit.o)
                0x0000000000812c74                _exit
 *(.gnu.warning.*)
 *(.fini)
                0x0000000000812cb0                PROVIDE (__etext, ABSOLUTE (.))
                0x0000000000812cb0                PROVIDE (_etext, ABSOLUTE (.))
                0x0000000000812cb0                PROVIDE (etext, ABSOLUTE (.))
 *(.eh_frame_hdr)
                0x0000000000812cb0                . = ALIGN (0x4)
                0x0000000000812cb0                PROVIDE (__preinit_array_start, ABSOLUTE (.))
 *(.preinit_array)
                0x0000000000812cb0                PROVIDE (__preinit_array_end, ABSOLUTE (.))
                0x0000000000812cb0                PROVIDE (__init_array_start, ABSOLUTE (.))
 *(.init_array)
                0x0000000000812cb0                PROVIDE (__init_array_end, ABSOLUTE (.))
                0x0000000000812cb0                PROVIDE (__fini_array_start, ABSOLUTE (.))
 *(.fini_array)
                0x0000000000812cb0                PROVIDE (__fini_array_end, ABSOLUTE (.))
 *(.eh_frame)
 *(.gcc_except_table .gcc_except_table.*)
 *(.dynamic)
                0x0000000000812cb0                PROVIDE (__CTOR_LIST__, ABSOLUTE (.))
 *(.ctors)
 *(SORT(.ctors.*))
                0x0000000000812cb0                PROVIDE (__CTOR_END__, ABSOLUTE (.))
                0x0000000000812cb0                PROVIDE (__DTOR_LIST__, ABSOLUTE (.))
 *(.dtors)
 *(SORT(.dtors.*))
                0x0000000000812cb0                PROVIDE (__DTOR_END__, ABSOLUTE (.))
 *(.jcr)
                0x0000000000812cb0                . = ALIGN (0x4)

.rodata         0x0000000000812cb0     0x806c
                0x0000000000812cb0                PROVIDE (__ram_rodata_start, ABSOLUTE (.))
                0x0000000000812cb0                . = ALIGN (0x4)
 *(.rodata .rodata.* .gnu.linkonce.r.*)
 .rodata        0x0000000000812cb0      0x5f0 obj/default/AsciiLib.o
 .rodata        0x00000000008132a0       0x10 obj/default/LCD32.o
                0x00000000008132a0                colorfol1
 .rodata        0x00000000008132b0     0x77f2 obj/default/tahomabold_20.o
 *fill*         0x000000000081aaa2        0x2 
 .rodata        0x000000000081aaa4       0x20 obj/default/touch.o
 .rodata        0x000000000081aac4      0x100 c:/altera/15.0/nios2eds/bin/gnu/h-x86_64-mingw32/bin/../lib/gcc/nios2-elf/4.9.1\libgcc.a(_clz.o)
                0x000000000081aac4                __clz_tab
 .rodata.str1.4
                0x000000000081abc4        0x4 c:/altera/15.0/nios2eds/bin/gnu/h-x86_64-mingw32/bin/../lib/gcc/nios2-elf/4.9.1/../../../../../H-x86_64-mingw32/nios2-elf/lib\libc.a(lib_a-impure.o)
 .rodata        0x000000000081abc8        0xc ../sterli_gen2_bsp/\libucosii_bsp.a(alt_main.o)
 .rodata        0x000000000081abd4      0x120 ../sterli_gen2_bsp/\libucosii_bsp.a(os_core.o)
                0x000000000081abd4                OSUnMapTbl
 .rodata        0x000000000081acf4       0x18 ../sterli_gen2_bsp/\libucosii_bsp.a(alt_sys_init.o)
 .rodata        0x000000000081ad0c        0xc ../sterli_gen2_bsp/\libucosii_bsp.a(alt_dev.o)
 .rodata        0x000000000081ad18        0x4 ../sterli_gen2_bsp/\libucosii_bsp.a(os_cpu_c.o)
 *(.rodata1)
                0x000000000081ad1c                . = ALIGN (0x4)
                0x000000000081ad1c                PROVIDE (__ram_rodata_end, ABSOLUTE (.))
                0x0000000000812cb0                PROVIDE (__flash_rodata_start, LOADADDR (.rodata))

.rwdata         0x000000000081ad1c     0x27a4
                0x000000000081ad1c                PROVIDE (__ram_rwdata_start, ABSOLUTE (.))
                0x000000000081ad1c                . = ALIGN (0x4)
 *(.got.plt)
 *(.got)
 *(.data1)
 *(.data .data.* .gnu.linkonce.d.*)
 .data          0x000000000081ad1c        0x0 ../sterli_gen2_bsp//obj/HAL/src/crt0.o
 .data          0x000000000081ad1c        0x0 obj/default/AsciiLib.o
 .data          0x000000000081ad1c      0x415 obj/default/LCD32.o
                0x000000000081ad1c                cour10_font_array
 .data          0x000000000081b131        0x0 obj/default/main.o
 *fill*         0x000000000081b131        0x3 
 .data          0x000000000081b134      0xbc0 obj/default/tahomabold_20.o
                0x000000000081b134                tahomabold_20
 .data          0x000000000081bcf4        0xc obj/default/touch.o
                0x000000000081bcf4                DisplaySample
 .data          0x000000000081bd00        0x0 c:/altera/15.0/nios2eds/bin/gnu/h-x86_64-mingw32/bin/../lib/gcc/nios2-elf/4.9.1\libgcc.a(_fixunsdfsi.o)
 .data          0x000000000081bd00        0x0 c:/altera/15.0/nios2eds/bin/gnu/h-x86_64-mingw32/bin/../lib/gcc/nios2-elf/4.9.1\libgcc.a(adddf3.o)
 .data          0x000000000081bd00        0x0 c:/altera/15.0/nios2eds/bin/gnu/h-x86_64-mingw32/bin/../lib/gcc/nios2-elf/4.9.1\libgcc.a(divdf3.o)
 .data          0x000000000081bd00        0x0 c:/altera/15.0/nios2eds/bin/gnu/h-x86_64-mingw32/bin/../lib/gcc/nios2-elf/4.9.1\libgcc.a(eqdf2.o)
 .data          0x000000000081bd00        0x0 c:/altera/15.0/nios2eds/bin/gnu/h-x86_64-mingw32/bin/../lib/gcc/nios2-elf/4.9.1\libgcc.a(gedf2.o)
 .data          0x000000000081bd00        0x0 c:/altera/15.0/nios2eds/bin/gnu/h-x86_64-mingw32/bin/../lib/gcc/nios2-elf/4.9.1\libgcc.a(muldf3.o)
 .data          0x000000000081bd00        0x0 c:/altera/15.0/nios2eds/bin/gnu/h-x86_64-mingw32/bin/../lib/gcc/nios2-elf/4.9.1\libgcc.a(subdf3.o)
 .data          0x000000000081bd00        0x0 c:/altera/15.0/nios2eds/bin/gnu/h-x86_64-mingw32/bin/../lib/gcc/nios2-elf/4.9.1\libgcc.a(fixdfsi.o)
 .data          0x000000000081bd00        0x0 c:/altera/15.0/nios2eds/bin/gnu/h-x86_64-mingw32/bin/../lib/gcc/nios2-elf/4.9.1\libgcc.a(floatsidf.o)
 .data          0x000000000081bd00        0x0 c:/altera/15.0/nios2eds/bin/gnu/h-x86_64-mingw32/bin/../lib/gcc/nios2-elf/4.9.1\libgcc.a(_clzsi2.o)
 .data          0x000000000081bd00        0x0 c:/altera/15.0/nios2eds/bin/gnu/h-x86_64-mingw32/bin/../lib/gcc/nios2-elf/4.9.1\libgcc.a(lib2-divmod.o)
 .data          0x000000000081bd00        0x0 c:/altera/15.0/nios2eds/bin/gnu/h-x86_64-mingw32/bin/../lib/gcc/nios2-elf/4.9.1\libgcc.a(_clz.o)
 .data          0x000000000081bd00        0x0 c:/altera/15.0/nios2eds/bin/gnu/h-x86_64-mingw32/bin/../lib/gcc/nios2-elf/4.9.1/../../../../../H-x86_64-mingw32/nios2-elf/lib\libc.a(lib_a-memcpy.o)
 .data          0x000000000081bd00        0x0 c:/altera/15.0/nios2eds/bin/gnu/h-x86_64-mingw32/bin/../lib/gcc/nios2-elf/4.9.1/../../../../../H-x86_64-mingw32/nios2-elf/lib\libc.a(lib_a-rand.o)
 .data          0x000000000081bd00      0x424 c:/altera/15.0/nios2eds/bin/gnu/h-x86_64-mingw32/bin/../lib/gcc/nios2-elf/4.9.1/../../../../../H-x86_64-mingw32/nios2-elf/lib\libc.a(lib_a-impure.o)
 .data          0x000000000081c124        0x0 c:/altera/15.0/nios2eds/bin/gnu/h-x86_64-mingw32/bin/../lib/gcc/nios2-elf/4.9.1\libgcc.a(_muldi3.o)
 .data          0x000000000081c124        0x0 ../sterli_gen2_bsp/\libucosii_bsp.a(alt_main.o)
 .data          0x000000000081c124        0x0 ../sterli_gen2_bsp/\libucosii_bsp.a(alt_usleep.o)
 .data          0x000000000081c124        0x0 ../sterli_gen2_bsp/\libucosii_bsp.a(alt_env_lock.o)
 .data          0x000000000081c124        0x0 ../sterli_gen2_bsp/\libucosii_bsp.a(alt_malloc_lock.o)
 .data          0x000000000081c124        0x0 ../sterli_gen2_bsp/\libucosii_bsp.a(os_core.o)
 .data          0x000000000081c124        0x0 ../sterli_gen2_bsp/\libucosii_bsp.a(os_dbg.o)
 .data          0x000000000081c124        0x0 ../sterli_gen2_bsp/\libucosii_bsp.a(os_flag.o)
 .data          0x000000000081c124        0x0 ../sterli_gen2_bsp/\libucosii_bsp.a(os_mem.o)
 .data          0x000000000081c124        0x0 ../sterli_gen2_bsp/\libucosii_bsp.a(os_q.o)
 .data          0x000000000081c124        0x0 ../sterli_gen2_bsp/\libucosii_bsp.a(os_sem.o)
 .data          0x000000000081c124        0x0 ../sterli_gen2_bsp/\libucosii_bsp.a(os_task.o)
 .data          0x000000000081c124        0x0 ../sterli_gen2_bsp/\libucosii_bsp.a(os_time.o)
 .data          0x000000000081c124     0x1138 ../sterli_gen2_bsp/\libucosii_bsp.a(alt_sys_init.o)
 .data          0x000000000081d25c        0x0 ../sterli_gen2_bsp/\libucosii_bsp.a(altera_avalon_epcs_flash_controller.o)
 .data          0x000000000081d25c        0x0 ../sterli_gen2_bsp/\libucosii_bsp.a(altera_avalon_jtag_uart_fd.o)
 .data          0x000000000081d25c        0x0 ../sterli_gen2_bsp/\libucosii_bsp.a(altera_avalon_jtag_uart_init.o)
 .data          0x000000000081d25c        0x0 ../sterli_gen2_bsp/\libucosii_bsp.a(altera_avalon_jtag_uart_ioctl.o)
 .data          0x000000000081d25c        0x0 ../sterli_gen2_bsp/\libucosii_bsp.a(altera_avalon_jtag_uart_read.o)
 .data          0x000000000081d25c        0x0 ../sterli_gen2_bsp/\libucosii_bsp.a(altera_avalon_jtag_uart_write.o)
 .data          0x000000000081d25c        0x0 ../sterli_gen2_bsp/\libucosii_bsp.a(altera_avalon_spi.o)
 .data          0x000000000081d25c        0x0 ../sterli_gen2_bsp/\libucosii_bsp.a(altera_avalon_timer_sc.o)
 .data          0x000000000081d25c        0x0 ../sterli_gen2_bsp/\libucosii_bsp.a(epcs_commands.o)
 .data          0x000000000081d25c        0x0 ../sterli_gen2_bsp/\libucosii_bsp.a(alt_alarm_start.o)
 .data          0x000000000081d25c        0x0 ../sterli_gen2_bsp/\libucosii_bsp.a(alt_busy_sleep.o)
 .data          0x000000000081d25c        0x0 ../sterli_gen2_bsp/\libucosii_bsp.a(alt_close.o)
 .data          0x000000000081d25c      0x1a8 ../sterli_gen2_bsp/\libucosii_bsp.a(alt_dev.o)
                0x000000000081d25c                alt_dev_null
                0x000000000081d284                alt_fd_list
 .data          0x000000000081d404        0x0 ../sterli_gen2_bsp/\libucosii_bsp.a(alt_dev_llist_insert.o)
 .data          0x000000000081d404        0x0 ../sterli_gen2_bsp/\libucosii_bsp.a(alt_do_ctors.o)
 .data          0x000000000081d404        0x0 ../sterli_gen2_bsp/\libucosii_bsp.a(alt_do_dtors.o)
 .data          0x000000000081d404        0x0 ../sterli_gen2_bsp/\libucosii_bsp.a(alt_errno.o)
 .data          0x000000000081d404        0x0 ../sterli_gen2_bsp/\libucosii_bsp.a(alt_flash_dev.o)
 .data          0x000000000081d404        0x0 ../sterli_gen2_bsp/\libucosii_bsp.a(alt_iic.o)
 .data          0x000000000081d404        0x0 ../sterli_gen2_bsp/\libucosii_bsp.a(alt_iic_isr_register.o)
 .data          0x000000000081d404        0x0 ../sterli_gen2_bsp/\libucosii_bsp.a(alt_io_redirect.o)
 .data          0x000000000081d404        0x0 ../sterli_gen2_bsp/\libucosii_bsp.a(alt_irq_entry.o)
 .data          0x000000000081d404        0x0 ../sterli_gen2_bsp/\libucosii_bsp.a(alt_irq_handler.o)
 .data          0x000000000081d404        0x0 ../sterli_gen2_bsp/\libucosii_bsp.a(alt_irq_vars.o)
 .data          0x000000000081d404        0x0 ../sterli_gen2_bsp/\libucosii_bsp.a(alt_open.o)
 .data          0x000000000081d404        0x0 ../sterli_gen2_bsp/\libucosii_bsp.a(alt_release_fd.o)
 .data          0x000000000081d404        0x0 ../sterli_gen2_bsp/\libucosii_bsp.a(alt_tick.o)
 .data          0x000000000081d404        0x0 ../sterli_gen2_bsp/\libucosii_bsp.a(altera_nios2_gen2_irq.o)
 .data          0x000000000081d404        0x0 ../sterli_gen2_bsp/\libucosii_bsp.a(os_cpu_a.o)
 .data          0x000000000081d404        0x0 ../sterli_gen2_bsp/\libucosii_bsp.a(os_cpu_c.o)
 .data          0x000000000081d404        0x0 ../sterli_gen2_bsp/\libucosii_bsp.a(alt_exception_entry.o)
 .data          0x000000000081d404        0x0 ../sterli_gen2_bsp/\libucosii_bsp.a(alt_find_dev.o)
 .data          0x000000000081d404        0x0 ../sterli_gen2_bsp/\libucosii_bsp.a(alt_find_file.o)
 .data          0x000000000081d404        0x0 ../sterli_gen2_bsp/\libucosii_bsp.a(alt_get_fd.o)
 .data          0x000000000081d404        0x0 ../sterli_gen2_bsp/\libucosii_bsp.a(alt_instruction_exception_entry.o)
 .data          0x000000000081d404        0x0 c:/altera/15.0/nios2eds/bin/gnu/h-x86_64-mingw32/bin/../lib/gcc/nios2-elf/4.9.1/../../../../../H-x86_64-mingw32/nios2-elf/lib\libc.a(lib_a-atexit.o)
 .data          0x000000000081d404        0x0 c:/altera/15.0/nios2eds/bin/gnu/h-x86_64-mingw32/bin/../lib/gcc/nios2-elf/4.9.1/../../../../../H-x86_64-mingw32/nios2-elf/lib\libc.a(lib_a-exit.o)
 .data          0x000000000081d404        0x0 c:/altera/15.0/nios2eds/bin/gnu/h-x86_64-mingw32/bin/../lib/gcc/nios2-elf/4.9.1/../../../../../H-x86_64-mingw32/nios2-elf/lib\libc.a(lib_a-int_errno.o)
 .data          0x000000000081d404        0x0 c:/altera/15.0/nios2eds/bin/gnu/h-x86_64-mingw32/bin/../lib/gcc/nios2-elf/4.9.1/../../../../../H-x86_64-mingw32/nios2-elf/lib\libc.a(lib_a-memcmp.o)
 .data          0x000000000081d404        0x0 c:/altera/15.0/nios2eds/bin/gnu/h-x86_64-mingw32/bin/../lib/gcc/nios2-elf/4.9.1/../../../../../H-x86_64-mingw32/nios2-elf/lib\libc.a(lib_a-memset.o)
 .data          0x000000000081d404        0x0 c:/altera/15.0/nios2eds/bin/gnu/h-x86_64-mingw32/bin/../lib/gcc/nios2-elf/4.9.1/../../../../../H-x86_64-mingw32/nios2-elf/lib\libc.a(lib_a-strlen.o)
 .data          0x000000000081d404        0x0 c:/altera/15.0/nios2eds/bin/gnu/h-x86_64-mingw32/bin/../lib/gcc/nios2-elf/4.9.1/../../../../../H-x86_64-mingw32/nios2-elf/lib\libc.a(lib_a-__atexit.o)
 .data          0x000000000081d404        0x0 c:/altera/15.0/nios2eds/bin/gnu/h-x86_64-mingw32/bin/../lib/gcc/nios2-elf/4.9.1/../../../../../H-x86_64-mingw32/nios2-elf/lib\libc.a(lib_a-__call_atexit.o)
 .data          0x000000000081d404        0x0 ../sterli_gen2_bsp/\libucosii_bsp.a(alt_exit.o)
                0x0000000000825404                _gp = ABSOLUTE ((. + 0x8000))
                0x0000000000825404                PROVIDE (gp, _gp)
 *(.rwdata .rwdata.*)
 *(.sdata .sdata.* .gnu.linkonce.s.*)
 .sdata         0x000000000081d404        0x4 obj/default/LCD32.o
                0x000000000081d404                cour10_font
 .sdata         0x000000000081d408        0x8 obj/default/touch.o
                0x000000000081d408                y_touch
                0x000000000081d40c                y2_touch
 .sdata         0x000000000081d410        0x8 c:/altera/15.0/nios2eds/bin/gnu/h-x86_64-mingw32/bin/../lib/gcc/nios2-elf/4.9.1/../../../../../H-x86_64-mingw32/nios2-elf/lib\libc.a(lib_a-impure.o)
                0x000000000081d410                _global_impure_ptr
                0x000000000081d414                _impure_ptr
 .sdata         0x000000000081d418        0x4 ../sterli_gen2_bsp/\libucosii_bsp.a(alt_env_lock.o)
 .sdata         0x000000000081d41c        0x4 ../sterli_gen2_bsp/\libucosii_bsp.a(alt_malloc_lock.o)
 .sdata         0x000000000081d420       0x74 ../sterli_gen2_bsp/\libucosii_bsp.a(os_dbg.o)
                0x000000000081d420                OSDebugEn
                0x000000000081d424                OSEndiannessTest
                0x000000000081d428                OSEventEn
                0x000000000081d42a                OSEventMax
                0x000000000081d42c                OSEventNameSize
                0x000000000081d42e                OSEventSize
                0x000000000081d430                OSEventTblSize
                0x000000000081d432                OSEventMultiEn
                0x000000000081d434                OSFlagEn
                0x000000000081d436                OSFlagGrpSize
                0x000000000081d438                OSFlagNodeSize
                0x000000000081d43a                OSFlagWidth
                0x000000000081d43c                OSFlagMax
                0x000000000081d43e                OSFlagNameSize
                0x000000000081d440                OSLowestPrio
                0x000000000081d442                OSMboxEn
                0x000000000081d444                OSMemEn
                0x000000000081d446                OSMemMax
                0x000000000081d448                OSMemNameSize
                0x000000000081d44a                OSMemSize
                0x000000000081d44c                OSMemTblSize
                0x000000000081d44e                OSMutexEn
                0x000000000081d450                OSPtrSize
                0x000000000081d452                OSQEn
                0x000000000081d454                OSQMax
                0x000000000081d456                OSQSize
                0x000000000081d458                OSRdyTblSize
                0x000000000081d45a                OSSemEn
                0x000000000081d45c                OSStkWidth
                0x000000000081d45e                OSTaskCreateEn
                0x000000000081d460                OSTaskCreateExtEn
                0x000000000081d462                OSTaskDelEn
                0x000000000081d464                OSTaskIdleStkSize
                0x000000000081d466                OSTaskProfileEn
                0x000000000081d468                OSTaskMax
                0x000000000081d46a                OSTaskNameSize
                0x000000000081d46c                OSTaskStatEn
                0x000000000081d46e                OSTaskStatStkSize
                0x000000000081d470                OSTaskStatStkChkEn
                0x000000000081d472                OSTaskSwHookEn
                0x000000000081d474                OSTCBPrioTblMax
                0x000000000081d476                OSTCBSize
                0x000000000081d478                OSTicksPerSec
                0x000000000081d47a                OSTimeTickHookEn
                0x000000000081d47c                OSVersionNbr
                0x000000000081d47e                OSTmrEn
                0x000000000081d480                OSTmrCfgMax
                0x000000000081d482                OSTmrCfgNameSize
                0x000000000081d484                OSTmrCfgWheelSize
                0x000000000081d486                OSTmrCfgTicksPerSec
                0x000000000081d488                OSTmrSize
                0x000000000081d48a                OSTmrTblSize
                0x000000000081d48c                OSTmrWheelSize
                0x000000000081d48e                OSTmrWheelTblSize
                0x000000000081d490                OSDataSize
 .sdata         0x000000000081d494       0x14 ../sterli_gen2_bsp/\libucosii_bsp.a(alt_dev.o)
                0x000000000081d494                alt_fs_list
                0x000000000081d49c                alt_dev_list
                0x000000000081d4a4                alt_max_fd
 .sdata         0x000000000081d4a8        0x4 ../sterli_gen2_bsp/\libucosii_bsp.a(alt_errno.o)
                0x000000000081d4a8                alt_errno
 .sdata         0x000000000081d4ac        0x8 ../sterli_gen2_bsp/\libucosii_bsp.a(alt_flash_dev.o)
                0x000000000081d4ac                alt_flash_dev_list
 .sdata         0x000000000081d4b4        0x4 ../sterli_gen2_bsp/\libucosii_bsp.a(alt_irq_vars.o)
                0x000000000081d4b4                alt_priority_mask
 .sdata         0x000000000081d4b8        0x8 ../sterli_gen2_bsp/\libucosii_bsp.a(alt_tick.o)
                0x000000000081d4b8                alt_alarm_list
 *(.sdata2 .sdata2.* .gnu.linkonce.s2.*)
                0x000000000081d4c0                . = ALIGN (0x4)
                0x000000000081d4c0                _edata = ABSOLUTE (.)
                0x000000000081d4c0                PROVIDE (edata, ABSOLUTE (.))
                0x000000000081d4c0                PROVIDE (__ram_rwdata_end, ABSOLUTE (.))
                0x000000000081ad1c                PROVIDE (__flash_rwdata_start, LOADADDR (.rwdata))

.bss            0x000000000081d4c0     0x3404
                0x000000000081d4c0                __bss_start = ABSOLUTE (.)
                0x000000000081d4c0                PROVIDE (__sbss_start, ABSOLUTE (.))
                0x000000000081d4c0                PROVIDE (___sbss_start, ABSOLUTE (.))
 *(.dynsbss)
 *(.sbss .sbss.* .gnu.linkonce.sb.*)
 .sbss          0x000000000081d4c0        0x1 obj/default/LCD32.o
 *fill*         0x000000000081d4c1        0x3 
 .sbss          0x000000000081d4c4        0x8 obj/default/touch.o
                0x000000000081d4c4                STATE_touch
 .sbss          0x000000000081d4cc        0xc obj/default/touch.o
                0x000000000081d4cc                x_touch
                0x000000000081d4d0                display
                0x000000000081d4d4                x2
 .sbss          0x000000000081d4d8        0xc ../sterli_gen2_bsp/\libucosii_bsp.a(alt_main.o)
                0x000000000081d4d8                alt_argc
                0x000000000081d4dc                alt_argv
                0x000000000081d4e0                alt_envp
 .sbss          0x000000000081d4e4        0x8 ../sterli_gen2_bsp/\libucosii_bsp.a(alt_env_lock.o)
                0x000000000081d4e8                alt_envsem
 .sbss          0x000000000081d4ec        0x8 ../sterli_gen2_bsp/\libucosii_bsp.a(alt_malloc_lock.o)
                0x000000000081d4f0                alt_heapsem
 .sbss          0x000000000081d4f4       0x50 ../sterli_gen2_bsp/\libucosii_bsp.a(os_core.o)
                0x000000000081d4f4                OSLockNesting
                0x000000000081d4f5                OSRunning
                0x000000000081d4f8                OSIdleCtr
                0x000000000081d4fc                OSPrioHighRdy
                0x000000000081d4fd                OSPrioCur
                0x000000000081d500                OSTCBList
                0x000000000081d504                OSTickStepState
                0x000000000081d508                OSCtxSwCtr
                0x000000000081d50c                OSIdleCtrMax
                0x000000000081d510                OSTCBFreeList
                0x000000000081d514                OSCPUUsage
                0x000000000081d515                OSTaskCtr
                0x000000000081d518                OSMemFreeList
                0x000000000081d51c                OSTCBHighRdy
                0x000000000081d520                OSQFreeList
                0x000000000081d524                OSRdyGrp
                0x000000000081d525                OSRdyTbl
                0x000000000081d528                OSEventFreeList
                0x000000000081d52c                OSIntNesting
                0x000000000081d530                OSTCBCur
                0x000000000081d534                OSTime
                0x000000000081d538                OSFlagFreeList
                0x000000000081d53c                OSStatRdy
                0x000000000081d540                OSIdleCtrRun
 .sbss          0x000000000081d544        0x4 ../sterli_gen2_bsp/\libucosii_bsp.a(alt_dev.o)
                0x000000000081d544                alt_fd_list_lock
 .sbss          0x000000000081d548        0x4 ../sterli_gen2_bsp/\libucosii_bsp.a(alt_irq_vars.o)
                0x000000000081d548                alt_irq_active
 .sbss          0x000000000081d54c        0x8 ../sterli_gen2_bsp/\libucosii_bsp.a(alt_tick.o)
                0x000000000081d54c                _alt_tick_rate
                0x000000000081d550                _alt_nticks
 .sbss          0x000000000081d554        0x4 ../sterli_gen2_bsp/\libucosii_bsp.a(alt_instruction_exception_entry.o)
                0x000000000081d554                alt_instruction_exception_handler
 .sbss          0x000000000081d558        0x4 c:/altera/15.0/nios2eds/bin/gnu/h-x86_64-mingw32/bin/../lib/gcc/nios2-elf/4.9.1/../../../../../H-x86_64-mingw32/nios2-elf/lib\libc.a(lib_a-int_errno.o)
                0x000000000081d558                errno
 *(.sbss2 .sbss2.* .gnu.linkonce.sb2.*)
 *(.scommon)
                0x000000000081d55c                PROVIDE (__sbss_end, ABSOLUTE (.))
                0x000000000081d55c                PROVIDE (___sbss_end, ABSOLUTE (.))
 *(.dynbss)
 *(.bss .bss.* .gnu.linkonce.b.*)
 .bss           0x000000000081d55c        0x0 ../sterli_gen2_bsp//obj/HAL/src/crt0.o
 .bss           0x000000000081d55c        0x0 obj/default/AsciiLib.o
 .bss           0x000000000081d55c        0x0 obj/default/LCD32.o
 .bss           0x000000000081d55c        0x0 obj/default/main.o
 .bss           0x000000000081d55c        0x0 obj/default/tahomabold_20.o
 .bss           0x000000000081d55c        0x0 obj/default/touch.o
 .bss           0x000000000081d55c        0x0 c:/altera/15.0/nios2eds/bin/gnu/h-x86_64-mingw32/bin/../lib/gcc/nios2-elf/4.9.1\libgcc.a(_fixunsdfsi.o)
 .bss           0x000000000081d55c        0x0 c:/altera/15.0/nios2eds/bin/gnu/h-x86_64-mingw32/bin/../lib/gcc/nios2-elf/4.9.1\libgcc.a(adddf3.o)
 .bss           0x000000000081d55c        0x0 c:/altera/15.0/nios2eds/bin/gnu/h-x86_64-mingw32/bin/../lib/gcc/nios2-elf/4.9.1\libgcc.a(divdf3.o)
 .bss           0x000000000081d55c        0x0 c:/altera/15.0/nios2eds/bin/gnu/h-x86_64-mingw32/bin/../lib/gcc/nios2-elf/4.9.1\libgcc.a(eqdf2.o)
 .bss           0x000000000081d55c        0x0 c:/altera/15.0/nios2eds/bin/gnu/h-x86_64-mingw32/bin/../lib/gcc/nios2-elf/4.9.1\libgcc.a(gedf2.o)
 .bss           0x000000000081d55c        0x0 c:/altera/15.0/nios2eds/bin/gnu/h-x86_64-mingw32/bin/../lib/gcc/nios2-elf/4.9.1\libgcc.a(muldf3.o)
 .bss           0x000000000081d55c        0x0 c:/altera/15.0/nios2eds/bin/gnu/h-x86_64-mingw32/bin/../lib/gcc/nios2-elf/4.9.1\libgcc.a(subdf3.o)
 .bss           0x000000000081d55c        0x0 c:/altera/15.0/nios2eds/bin/gnu/h-x86_64-mingw32/bin/../lib/gcc/nios2-elf/4.9.1\libgcc.a(fixdfsi.o)
 .bss           0x000000000081d55c        0x0 c:/altera/15.0/nios2eds/bin/gnu/h-x86_64-mingw32/bin/../lib/gcc/nios2-elf/4.9.1\libgcc.a(floatsidf.o)
 .bss           0x000000000081d55c        0x0 c:/altera/15.0/nios2eds/bin/gnu/h-x86_64-mingw32/bin/../lib/gcc/nios2-elf/4.9.1\libgcc.a(_clzsi2.o)
 .bss           0x000000000081d55c        0x0 c:/altera/15.0/nios2eds/bin/gnu/h-x86_64-mingw32/bin/../lib/gcc/nios2-elf/4.9.1\libgcc.a(lib2-divmod.o)
 .bss           0x000000000081d55c        0x0 c:/altera/15.0/nios2eds/bin/gnu/h-x86_64-mingw32/bin/../lib/gcc/nios2-elf/4.9.1\libgcc.a(_clz.o)
 .bss           0x000000000081d55c        0x0 c:/altera/15.0/nios2eds/bin/gnu/h-x86_64-mingw32/bin/../lib/gcc/nios2-elf/4.9.1/../../../../../H-x86_64-mingw32/nios2-elf/lib\libc.a(lib_a-memcpy.o)
 .bss           0x000000000081d55c        0x0 c:/altera/15.0/nios2eds/bin/gnu/h-x86_64-mingw32/bin/../lib/gcc/nios2-elf/4.9.1/../../../../../H-x86_64-mingw32/nios2-elf/lib\libc.a(lib_a-rand.o)
 .bss           0x000000000081d55c        0x0 c:/altera/15.0/nios2eds/bin/gnu/h-x86_64-mingw32/bin/../lib/gcc/nios2-elf/4.9.1/../../../../../H-x86_64-mingw32/nios2-elf/lib\libc.a(lib_a-impure.o)
 .bss           0x000000000081d55c        0x0 c:/altera/15.0/nios2eds/bin/gnu/h-x86_64-mingw32/bin/../lib/gcc/nios2-elf/4.9.1\libgcc.a(_muldi3.o)
 .bss           0x000000000081d55c        0x0 ../sterli_gen2_bsp/\libucosii_bsp.a(alt_main.o)
 .bss           0x000000000081d55c        0x0 ../sterli_gen2_bsp/\libucosii_bsp.a(alt_usleep.o)
 .bss           0x000000000081d55c        0x0 ../sterli_gen2_bsp/\libucosii_bsp.a(alt_env_lock.o)
 .bss           0x000000000081d55c        0x0 ../sterli_gen2_bsp/\libucosii_bsp.a(alt_malloc_lock.o)
 .bss           0x000000000081d55c        0x0 ../sterli_gen2_bsp/\libucosii_bsp.a(os_core.o)
 .bss           0x000000000081d55c        0x0 ../sterli_gen2_bsp/\libucosii_bsp.a(os_dbg.o)
 .bss           0x000000000081d55c        0x0 ../sterli_gen2_bsp/\libucosii_bsp.a(os_flag.o)
 .bss           0x000000000081d55c        0x0 ../sterli_gen2_bsp/\libucosii_bsp.a(os_mem.o)
 .bss           0x000000000081d55c        0x0 ../sterli_gen2_bsp/\libucosii_bsp.a(os_q.o)
 .bss           0x000000000081d55c        0x0 ../sterli_gen2_bsp/\libucosii_bsp.a(os_sem.o)
 .bss           0x000000000081d55c        0x0 ../sterli_gen2_bsp/\libucosii_bsp.a(os_task.o)
 .bss           0x000000000081d55c        0x0 ../sterli_gen2_bsp/\libucosii_bsp.a(os_time.o)
 .bss           0x000000000081d55c        0x0 ../sterli_gen2_bsp/\libucosii_bsp.a(alt_sys_init.o)
 .bss           0x000000000081d55c        0x0 ../sterli_gen2_bsp/\libucosii_bsp.a(altera_avalon_epcs_flash_controller.o)
 .bss           0x000000000081d55c        0x0 ../sterli_gen2_bsp/\libucosii_bsp.a(altera_avalon_jtag_uart_fd.o)
 .bss           0x000000000081d55c        0x0 ../sterli_gen2_bsp/\libucosii_bsp.a(altera_avalon_jtag_uart_init.o)
 .bss           0x000000000081d55c        0x0 ../sterli_gen2_bsp/\libucosii_bsp.a(altera_avalon_jtag_uart_ioctl.o)
 .bss           0x000000000081d55c        0x0 ../sterli_gen2_bsp/\libucosii_bsp.a(altera_avalon_jtag_uart_read.o)
 .bss           0x000000000081d55c        0x0 ../sterli_gen2_bsp/\libucosii_bsp.a(altera_avalon_jtag_uart_write.o)
 .bss           0x000000000081d55c        0x0 ../sterli_gen2_bsp/\libucosii_bsp.a(altera_avalon_spi.o)
 .bss           0x000000000081d55c        0x0 ../sterli_gen2_bsp/\libucosii_bsp.a(altera_avalon_timer_sc.o)
 .bss           0x000000000081d55c        0x0 ../sterli_gen2_bsp/\libucosii_bsp.a(epcs_commands.o)
 .bss           0x000000000081d55c        0x0 ../sterli_gen2_bsp/\libucosii_bsp.a(alt_alarm_start.o)
 .bss           0x000000000081d55c        0x0 ../sterli_gen2_bsp/\libucosii_bsp.a(alt_busy_sleep.o)
 .bss           0x000000000081d55c        0x0 ../sterli_gen2_bsp/\libucosii_bsp.a(alt_close.o)
 .bss           0x000000000081d55c        0x0 ../sterli_gen2_bsp/\libucosii_bsp.a(alt_dev.o)
 .bss           0x000000000081d55c        0x0 ../sterli_gen2_bsp/\libucosii_bsp.a(alt_dev_llist_insert.o)
 .bss           0x000000000081d55c        0x0 ../sterli_gen2_bsp/\libucosii_bsp.a(alt_do_ctors.o)
 .bss           0x000000000081d55c        0x0 ../sterli_gen2_bsp/\libucosii_bsp.a(alt_do_dtors.o)
 .bss           0x000000000081d55c        0x0 ../sterli_gen2_bsp/\libucosii_bsp.a(alt_errno.o)
 .bss           0x000000000081d55c        0x0 ../sterli_gen2_bsp/\libucosii_bsp.a(alt_flash_dev.o)
 .bss           0x000000000081d55c        0x0 ../sterli_gen2_bsp/\libucosii_bsp.a(alt_iic.o)
 .bss           0x000000000081d55c        0x0 ../sterli_gen2_bsp/\libucosii_bsp.a(alt_iic_isr_register.o)
 .bss           0x000000000081d55c        0x0 ../sterli_gen2_bsp/\libucosii_bsp.a(alt_io_redirect.o)
 .bss           0x000000000081d55c        0x0 ../sterli_gen2_bsp/\libucosii_bsp.a(alt_irq_entry.o)
 .bss           0x000000000081d55c        0x0 ../sterli_gen2_bsp/\libucosii_bsp.a(alt_irq_handler.o)
 .bss           0x000000000081d55c        0x0 ../sterli_gen2_bsp/\libucosii_bsp.a(alt_irq_vars.o)
 .bss           0x000000000081d55c        0x0 ../sterli_gen2_bsp/\libucosii_bsp.a(alt_open.o)
 .bss           0x000000000081d55c        0x0 ../sterli_gen2_bsp/\libucosii_bsp.a(alt_release_fd.o)
 .bss           0x000000000081d55c        0x0 ../sterli_gen2_bsp/\libucosii_bsp.a(alt_tick.o)
 .bss           0x000000000081d55c        0x0 ../sterli_gen2_bsp/\libucosii_bsp.a(altera_nios2_gen2_irq.o)
 .bss           0x000000000081d55c        0x0 ../sterli_gen2_bsp/\libucosii_bsp.a(os_cpu_a.o)
 .bss           0x000000000081d55c        0x0 ../sterli_gen2_bsp/\libucosii_bsp.a(os_cpu_c.o)
 .bss           0x000000000081d55c        0x0 ../sterli_gen2_bsp/\libucosii_bsp.a(alt_exception_entry.o)
 .bss           0x000000000081d55c        0x0 ../sterli_gen2_bsp/\libucosii_bsp.a(alt_find_dev.o)
 .bss           0x000000000081d55c        0x0 ../sterli_gen2_bsp/\libucosii_bsp.a(alt_find_file.o)
 .bss           0x000000000081d55c        0x0 ../sterli_gen2_bsp/\libucosii_bsp.a(alt_get_fd.o)
 .bss           0x000000000081d55c        0x0 ../sterli_gen2_bsp/\libucosii_bsp.a(alt_instruction_exception_entry.o)
 .bss           0x000000000081d55c        0x0 c:/altera/15.0/nios2eds/bin/gnu/h-x86_64-mingw32/bin/../lib/gcc/nios2-elf/4.9.1/../../../../../H-x86_64-mingw32/nios2-elf/lib\libc.a(lib_a-atexit.o)
 .bss           0x000000000081d55c        0x0 c:/altera/15.0/nios2eds/bin/gnu/h-x86_64-mingw32/bin/../lib/gcc/nios2-elf/4.9.1/../../../../../H-x86_64-mingw32/nios2-elf/lib\libc.a(lib_a-exit.o)
 .bss           0x000000000081d55c        0x0 c:/altera/15.0/nios2eds/bin/gnu/h-x86_64-mingw32/bin/../lib/gcc/nios2-elf/4.9.1/../../../../../H-x86_64-mingw32/nios2-elf/lib\libc.a(lib_a-int_errno.o)
 .bss           0x000000000081d55c        0x0 c:/altera/15.0/nios2eds/bin/gnu/h-x86_64-mingw32/bin/../lib/gcc/nios2-elf/4.9.1/../../../../../H-x86_64-mingw32/nios2-elf/lib\libc.a(lib_a-memcmp.o)
 .bss           0x000000000081d55c        0x0 c:/altera/15.0/nios2eds/bin/gnu/h-x86_64-mingw32/bin/../lib/gcc/nios2-elf/4.9.1/../../../../../H-x86_64-mingw32/nios2-elf/lib\libc.a(lib_a-memset.o)
 .bss           0x000000000081d55c        0x0 c:/altera/15.0/nios2eds/bin/gnu/h-x86_64-mingw32/bin/../lib/gcc/nios2-elf/4.9.1/../../../../../H-x86_64-mingw32/nios2-elf/lib\libc.a(lib_a-strlen.o)
 .bss           0x000000000081d55c        0x0 c:/altera/15.0/nios2eds/bin/gnu/h-x86_64-mingw32/bin/../lib/gcc/nios2-elf/4.9.1/../../../../../H-x86_64-mingw32/nios2-elf/lib\libc.a(lib_a-__atexit.o)
 .bss           0x000000000081d55c        0x0 c:/altera/15.0/nios2eds/bin/gnu/h-x86_64-mingw32/bin/../lib/gcc/nios2-elf/4.9.1/../../../../../H-x86_64-mingw32/nios2-elf/lib\libc.a(lib_a-__call_atexit.o)
 .bss           0x000000000081d55c        0x0 ../sterli_gen2_bsp/\libucosii_bsp.a(alt_exit.o)
 *(COMMON)
 COMMON         0x000000000081d55c       0x44 obj/default/touch.o
                0x000000000081d55c                ScreenSample
                0x000000000081d568                matrix
 COMMON         0x000000000081d5a0     0x3224 ../sterli_gen2_bsp/\libucosii_bsp.a(os_core.o)
                0x000000000081d5a0                OSFlagTbl
                0x000000000081d910                OSMemTbl
                0x000000000081e540                OSTaskStatStk
                0x000000000081ed40                OSQTbl
                0x000000000081ef20                OSTaskIdleStk
                0x000000000081f720                OSEventTbl
                0x0000000000820260                OSTCBTbl
                0x0000000000820770                OSTCBPrioTbl
 COMMON         0x00000000008207c4      0x100 ../sterli_gen2_bsp/\libucosii_bsp.a(alt_irq_handler.o)
                0x00000000008207c4                alt_irq
                0x00000000008208c4                . = ALIGN (0x4)
                0x00000000008208c4                __bss_end = ABSOLUTE (.)

.sdram          0x00000000008208c4        0x0
                0x00000000008208c4                PROVIDE (_alt_partition_sdram_start, ABSOLUTE (.))
 *(.sdram .sdram. sdram.*)
                0x00000000008208c4                . = ALIGN (0x4)
                0x00000000008208c4                PROVIDE (_alt_partition_sdram_end, ABSOLUTE (.))
                0x00000000008208c4                _end = ABSOLUTE (.)
                0x00000000008208c4                end = ABSOLUTE (.)
                0x00000000008208c4                __alt_stack_base = ABSOLUTE (.)
                0x00000000008208c4                PROVIDE (_alt_partition_sdram_load_addr, LOADADDR (.sdram))

.flash          0x0000000001001020        0x0
                0x0000000001001020                PROVIDE (_alt_partition_flash_start, ABSOLUTE (.))
 *(.flash .flash. flash.*)
                0x0000000001001020                . = ALIGN (0x4)
                0x0000000001001020                PROVIDE (_alt_partition_flash_end, ABSOLUTE (.))
                0x0000000001001020                PROVIDE (_alt_partition_flash_load_addr, LOADADDR (.flash))

.stab
 *(.stab)

.stabstr
 *(.stabstr)

.stab.excl
 *(.stab.excl)

.stab.exclstr
 *(.stab.exclstr)

.stab.index
 *(.stab.index)

.stab.indexstr
 *(.stab.indexstr)

.comment        0x0000000000000000       0x23
 *(.comment)
 .comment       0x0000000000000000       0x23 obj/default/AsciiLib.o
                                         0x24 (size before relaxing)
 .comment       0x0000000000000000       0x24 obj/default/LCD32.o
 .comment       0x0000000000000000       0x24 obj/default/main.o
 .comment       0x0000000000000000       0x24 obj/default/tahomabold_20.o
 .comment       0x0000000000000000       0x24 obj/default/touch.o
 .comment       0x0000000000000000       0x24 c:/altera/15.0/nios2eds/bin/gnu/h-x86_64-mingw32/bin/../lib/gcc/nios2-elf/4.9.1\libgcc.a(_fixunsdfsi.o)
 .comment       0x0000000000000000       0x24 c:/altera/15.0/nios2eds/bin/gnu/h-x86_64-mingw32/bin/../lib/gcc/nios2-elf/4.9.1\libgcc.a(adddf3.o)
 .comment       0x0000000000000000       0x24 c:/altera/15.0/nios2eds/bin/gnu/h-x86_64-mingw32/bin/../lib/gcc/nios2-elf/4.9.1\libgcc.a(divdf3.o)
 .comment       0x0000000000000000       0x24 c:/altera/15.0/nios2eds/bin/gnu/h-x86_64-mingw32/bin/../lib/gcc/nios2-elf/4.9.1\libgcc.a(eqdf2.o)
 .comment       0x0000000000000000       0x24 c:/altera/15.0/nios2eds/bin/gnu/h-x86_64-mingw32/bin/../lib/gcc/nios2-elf/4.9.1\libgcc.a(gedf2.o)
 .comment       0x0000000000000000       0x24 c:/altera/15.0/nios2eds/bin/gnu/h-x86_64-mingw32/bin/../lib/gcc/nios2-elf/4.9.1\libgcc.a(muldf3.o)
 .comment       0x0000000000000000       0x24 c:/altera/15.0/nios2eds/bin/gnu/h-x86_64-mingw32/bin/../lib/gcc/nios2-elf/4.9.1\libgcc.a(subdf3.o)
 .comment       0x0000000000000000       0x24 c:/altera/15.0/nios2eds/bin/gnu/h-x86_64-mingw32/bin/../lib/gcc/nios2-elf/4.9.1\libgcc.a(fixdfsi.o)
 .comment       0x0000000000000000       0x24 c:/altera/15.0/nios2eds/bin/gnu/h-x86_64-mingw32/bin/../lib/gcc/nios2-elf/4.9.1\libgcc.a(floatsidf.o)
 .comment       0x0000000000000000       0x24 c:/altera/15.0/nios2eds/bin/gnu/h-x86_64-mingw32/bin/../lib/gcc/nios2-elf/4.9.1\libgcc.a(_clzsi2.o)
 .comment       0x0000000000000000       0x24 c:/altera/15.0/nios2eds/bin/gnu/h-x86_64-mingw32/bin/../lib/gcc/nios2-elf/4.9.1\libgcc.a(lib2-divmod.o)
 .comment       0x0000000000000000       0x24 c:/altera/15.0/nios2eds/bin/gnu/h-x86_64-mingw32/bin/../lib/gcc/nios2-elf/4.9.1\libgcc.a(_clz.o)
 .comment       0x0000000000000000       0x24 c:/altera/15.0/nios2eds/bin/gnu/h-x86_64-mingw32/bin/../lib/gcc/nios2-elf/4.9.1/../../../../../H-x86_64-mingw32/nios2-elf/lib\libc.a(lib_a-memcpy.o)
 .comment       0x0000000000000000       0x24 c:/altera/15.0/nios2eds/bin/gnu/h-x86_64-mingw32/bin/../lib/gcc/nios2-elf/4.9.1/../../../../../H-x86_64-mingw32/nios2-elf/lib\libc.a(lib_a-rand.o)
 .comment       0x0000000000000000       0x24 c:/altera/15.0/nios2eds/bin/gnu/h-x86_64-mingw32/bin/../lib/gcc/nios2-elf/4.9.1/../../../../../H-x86_64-mingw32/nios2-elf/lib\libc.a(lib_a-impure.o)
 .comment       0x0000000000000000       0x24 c:/altera/15.0/nios2eds/bin/gnu/h-x86_64-mingw32/bin/../lib/gcc/nios2-elf/4.9.1\libgcc.a(_muldi3.o)
 .comment       0x0000000000000000       0x24 ../sterli_gen2_bsp/\libucosii_bsp.a(alt_main.o)
 .comment       0x0000000000000000       0x24 ../sterli_gen2_bsp/\libucosii_bsp.a(alt_usleep.o)
 .comment       0x0000000000000000       0x24 ../sterli_gen2_bsp/\libucosii_bsp.a(alt_env_lock.o)
 .comment       0x0000000000000000       0x24 ../sterli_gen2_bsp/\libucosii_bsp.a(alt_malloc_lock.o)
 .comment       0x0000000000000000       0x24 ../sterli_gen2_bsp/\libucosii_bsp.a(os_core.o)
 .comment       0x0000000000000000       0x24 ../sterli_gen2_bsp/\libucosii_bsp.a(os_dbg.o)
 .comment       0x0000000000000000       0x24 ../sterli_gen2_bsp/\libucosii_bsp.a(os_flag.o)
 .comment       0x0000000000000000       0x24 ../sterli_gen2_bsp/\libucosii_bsp.a(os_mem.o)
 .comment       0x0000000000000000       0x24 ../sterli_gen2_bsp/\libucosii_bsp.a(os_q.o)
 .comment       0x0000000000000000       0x24 ../sterli_gen2_bsp/\libucosii_bsp.a(os_sem.o)
 .comment       0x0000000000000000       0x24 ../sterli_gen2_bsp/\libucosii_bsp.a(os_task.o)
 .comment       0x0000000000000000       0x24 ../sterli_gen2_bsp/\libucosii_bsp.a(os_time.o)
 .comment       0x0000000000000000       0x24 ../sterli_gen2_bsp/\libucosii_bsp.a(alt_sys_init.o)
 .comment       0x0000000000000000       0x24 ../sterli_gen2_bsp/\libucosii_bsp.a(altera_avalon_epcs_flash_controller.o)
 .comment       0x0000000000000000       0x24 ../sterli_gen2_bsp/\libucosii_bsp.a(altera_avalon_jtag_uart_fd.o)
 .comment       0x0000000000000000       0x24 ../sterli_gen2_bsp/\libucosii_bsp.a(altera_avalon_jtag_uart_init.o)
 .comment       0x0000000000000000       0x24 ../sterli_gen2_bsp/\libucosii_bsp.a(altera_avalon_jtag_uart_ioctl.o)
 .comment       0x0000000000000000       0x24 ../sterli_gen2_bsp/\libucosii_bsp.a(altera_avalon_jtag_uart_read.o)
 .comment       0x0000000000000000       0x24 ../sterli_gen2_bsp/\libucosii_bsp.a(altera_avalon_jtag_uart_write.o)
 .comment       0x0000000000000000       0x24 ../sterli_gen2_bsp/\libucosii_bsp.a(altera_avalon_spi.o)
 .comment       0x0000000000000000       0x24 ../sterli_gen2_bsp/\libucosii_bsp.a(altera_avalon_timer_sc.o)
 .comment       0x0000000000000000       0x24 ../sterli_gen2_bsp/\libucosii_bsp.a(epcs_commands.o)
 .comment       0x0000000000000000       0x24 ../sterli_gen2_bsp/\libucosii_bsp.a(alt_alarm_start.o)
 .comment       0x0000000000000000       0x24 ../sterli_gen2_bsp/\libucosii_bsp.a(alt_busy_sleep.o)
 .comment       0x0000000000000000       0x24 ../sterli_gen2_bsp/\libucosii_bsp.a(alt_close.o)
 .comment       0x0000000000000000       0x24 ../sterli_gen2_bsp/\libucosii_bsp.a(alt_dev.o)
 .comment       0x0000000000000000       0x24 ../sterli_gen2_bsp/\libucosii_bsp.a(alt_dev_llist_insert.o)
 .comment       0x0000000000000000       0x24 ../sterli_gen2_bsp/\libucosii_bsp.a(alt_do_ctors.o)
 .comment       0x0000000000000000       0x24 ../sterli_gen2_bsp/\libucosii_bsp.a(alt_do_dtors.o)
 .comment       0x0000000000000000       0x24 ../sterli_gen2_bsp/\libucosii_bsp.a(alt_errno.o)
 .comment       0x0000000000000000       0x24 ../sterli_gen2_bsp/\libucosii_bsp.a(alt_flash_dev.o)
 .comment       0x0000000000000000       0x24 ../sterli_gen2_bsp/\libucosii_bsp.a(alt_iic.o)
 .comment       0x0000000000000000       0x24 ../sterli_gen2_bsp/\libucosii_bsp.a(alt_iic_isr_register.o)
 .comment       0x0000000000000000       0x24 ../sterli_gen2_bsp/\libucosii_bsp.a(alt_io_redirect.o)
 .comment       0x0000000000000000       0x24 ../sterli_gen2_bsp/\libucosii_bsp.a(alt_irq_handler.o)
 .comment       0x0000000000000000       0x24 ../sterli_gen2_bsp/\libucosii_bsp.a(alt_irq_vars.o)
 .comment       0x0000000000000000       0x24 ../sterli_gen2_bsp/\libucosii_bsp.a(alt_open.o)
 .comment       0x0000000000000000       0x24 ../sterli_gen2_bsp/\libucosii_bsp.a(alt_release_fd.o)
 .comment       0x0000000000000000       0x24 ../sterli_gen2_bsp/\libucosii_bsp.a(alt_tick.o)
 .comment       0x0000000000000000       0x24 ../sterli_gen2_bsp/\libucosii_bsp.a(altera_nios2_gen2_irq.o)
 .comment       0x0000000000000000       0x24 ../sterli_gen2_bsp/\libucosii_bsp.a(os_cpu_c.o)
 .comment       0x0000000000000000       0x24 ../sterli_gen2_bsp/\libucosii_bsp.a(alt_find_dev.o)
 .comment       0x0000000000000000       0x24 ../sterli_gen2_bsp/\libucosii_bsp.a(alt_find_file.o)
 .comment       0x0000000000000000       0x24 ../sterli_gen2_bsp/\libucosii_bsp.a(alt_get_fd.o)
 .comment       0x0000000000000000       0x24 ../sterli_gen2_bsp/\libucosii_bsp.a(alt_instruction_exception_entry.o)
 .comment       0x0000000000000000       0x24 c:/altera/15.0/nios2eds/bin/gnu/h-x86_64-mingw32/bin/../lib/gcc/nios2-elf/4.9.1/../../../../../H-x86_64-mingw32/nios2-elf/lib\libc.a(lib_a-atexit.o)
 .comment       0x0000000000000000       0x24 c:/altera/15.0/nios2eds/bin/gnu/h-x86_64-mingw32/bin/../lib/gcc/nios2-elf/4.9.1/../../../../../H-x86_64-mingw32/nios2-elf/lib\libc.a(lib_a-exit.o)
 .comment       0x0000000000000000       0x24 c:/altera/15.0/nios2eds/bin/gnu/h-x86_64-mingw32/bin/../lib/gcc/nios2-elf/4.9.1/../../../../../H-x86_64-mingw32/nios2-elf/lib\libc.a(lib_a-int_errno.o)
 .comment       0x0000000000000000       0x24 c:/altera/15.0/nios2eds/bin/gnu/h-x86_64-mingw32/bin/../lib/gcc/nios2-elf/4.9.1/../../../../../H-x86_64-mingw32/nios2-elf/lib\libc.a(lib_a-memcmp.o)
 .comment       0x0000000000000000       0x24 c:/altera/15.0/nios2eds/bin/gnu/h-x86_64-mingw32/bin/../lib/gcc/nios2-elf/4.9.1/../../../../../H-x86_64-mingw32/nios2-elf/lib\libc.a(lib_a-memset.o)
 .comment       0x0000000000000000       0x24 c:/altera/15.0/nios2eds/bin/gnu/h-x86_64-mingw32/bin/../lib/gcc/nios2-elf/4.9.1/../../../../../H-x86_64-mingw32/nios2-elf/lib\libc.a(lib_a-strlen.o)
 .comment       0x0000000000000000       0x24 c:/altera/15.0/nios2eds/bin/gnu/h-x86_64-mingw32/bin/../lib/gcc/nios2-elf/4.9.1/../../../../../H-x86_64-mingw32/nios2-elf/lib\libc.a(lib_a-__atexit.o)
 .comment       0x0000000000000000       0x24 c:/altera/15.0/nios2eds/bin/gnu/h-x86_64-mingw32/bin/../lib/gcc/nios2-elf/4.9.1/../../../../../H-x86_64-mingw32/nios2-elf/lib\libc.a(lib_a-__call_atexit.o)
 .comment       0x0000000000000000       0x24 ../sterli_gen2_bsp/\libucosii_bsp.a(alt_exit.o)

.debug
 *(.debug)

.line
 *(.line)

.debug_srcinfo
 *(.debug_srcinfo)

.debug_sfnames
 *(.debug_sfnames)

.debug_aranges  0x0000000000000000      0x9e0
 *(.debug_aranges)
 .debug_aranges
                0x0000000000000000       0x20 ../sterli_gen2_bsp//obj/HAL/src/crt0.o
 .debug_aranges
                0x0000000000000020       0x20 obj/default/AsciiLib.o
 .debug_aranges
                0x0000000000000040       0x20 obj/default/LCD32.o
 .debug_aranges
                0x0000000000000060       0x20 obj/default/main.o
 .debug_aranges
                0x0000000000000080       0x18 obj/default/tahomabold_20.o
 .debug_aranges
                0x0000000000000098       0x20 obj/default/touch.o
 .debug_aranges
                0x00000000000000b8       0x20 c:/altera/15.0/nios2eds/bin/gnu/h-x86_64-mingw32/bin/../lib/gcc/nios2-elf/4.9.1\libgcc.a(_fixunsdfsi.o)
 .debug_aranges
                0x00000000000000d8       0x20 c:/altera/15.0/nios2eds/bin/gnu/h-x86_64-mingw32/bin/../lib/gcc/nios2-elf/4.9.1\libgcc.a(adddf3.o)
 .debug_aranges
                0x00000000000000f8       0x20 c:/altera/15.0/nios2eds/bin/gnu/h-x86_64-mingw32/bin/../lib/gcc/nios2-elf/4.9.1\libgcc.a(divdf3.o)
 .debug_aranges
                0x0000000000000118       0x20 c:/altera/15.0/nios2eds/bin/gnu/h-x86_64-mingw32/bin/../lib/gcc/nios2-elf/4.9.1\libgcc.a(eqdf2.o)
 .debug_aranges
                0x0000000000000138       0x20 c:/altera/15.0/nios2eds/bin/gnu/h-x86_64-mingw32/bin/../lib/gcc/nios2-elf/4.9.1\libgcc.a(gedf2.o)
 .debug_aranges
                0x0000000000000158       0x20 c:/altera/15.0/nios2eds/bin/gnu/h-x86_64-mingw32/bin/../lib/gcc/nios2-elf/4.9.1\libgcc.a(muldf3.o)
 .debug_aranges
                0x0000000000000178       0x20 c:/altera/15.0/nios2eds/bin/gnu/h-x86_64-mingw32/bin/../lib/gcc/nios2-elf/4.9.1\libgcc.a(subdf3.o)
 .debug_aranges
                0x0000000000000198       0x20 c:/altera/15.0/nios2eds/bin/gnu/h-x86_64-mingw32/bin/../lib/gcc/nios2-elf/4.9.1\libgcc.a(fixdfsi.o)
 .debug_aranges
                0x00000000000001b8       0x20 c:/altera/15.0/nios2eds/bin/gnu/h-x86_64-mingw32/bin/../lib/gcc/nios2-elf/4.9.1\libgcc.a(floatsidf.o)
 .debug_aranges
                0x00000000000001d8       0x20 c:/altera/15.0/nios2eds/bin/gnu/h-x86_64-mingw32/bin/../lib/gcc/nios2-elf/4.9.1\libgcc.a(_clzsi2.o)
 .debug_aranges
                0x00000000000001f8       0x20 c:/altera/15.0/nios2eds/bin/gnu/h-x86_64-mingw32/bin/../lib/gcc/nios2-elf/4.9.1\libgcc.a(lib2-divmod.o)
 .debug_aranges
                0x0000000000000218       0x18 c:/altera/15.0/nios2eds/bin/gnu/h-x86_64-mingw32/bin/../lib/gcc/nios2-elf/4.9.1\libgcc.a(_clz.o)
 .debug_aranges
                0x0000000000000230       0x20 c:/altera/15.0/nios2eds/bin/gnu/h-x86_64-mingw32/bin/../lib/gcc/nios2-elf/4.9.1/../../../../../H-x86_64-mingw32/nios2-elf/lib\libc.a(lib_a-memcpy.o)
 .debug_aranges
                0x0000000000000250       0x20 c:/altera/15.0/nios2eds/bin/gnu/h-x86_64-mingw32/bin/../lib/gcc/nios2-elf/4.9.1/../../../../../H-x86_64-mingw32/nios2-elf/lib\libc.a(lib_a-rand.o)
 .debug_aranges
                0x0000000000000270       0x18 c:/altera/15.0/nios2eds/bin/gnu/h-x86_64-mingw32/bin/../lib/gcc/nios2-elf/4.9.1/../../../../../H-x86_64-mingw32/nios2-elf/lib\libc.a(lib_a-impure.o)
 .debug_aranges
                0x0000000000000288       0x20 c:/altera/15.0/nios2eds/bin/gnu/h-x86_64-mingw32/bin/../lib/gcc/nios2-elf/4.9.1\libgcc.a(_muldi3.o)
 .debug_aranges
                0x00000000000002a8       0x20 ../sterli_gen2_bsp/\libucosii_bsp.a(alt_main.o)
 .debug_aranges
                0x00000000000002c8       0x20 ../sterli_gen2_bsp/\libucosii_bsp.a(alt_usleep.o)
 .debug_aranges
                0x00000000000002e8       0x20 ../sterli_gen2_bsp/\libucosii_bsp.a(alt_env_lock.o)
 .debug_aranges
                0x0000000000000308       0x20 ../sterli_gen2_bsp/\libucosii_bsp.a(alt_malloc_lock.o)
 .debug_aranges
                0x0000000000000328       0x20 ../sterli_gen2_bsp/\libucosii_bsp.a(os_core.o)
 .debug_aranges
                0x0000000000000348       0x20 ../sterli_gen2_bsp/\libucosii_bsp.a(os_dbg.o)
 .debug_aranges
                0x0000000000000368       0x20 ../sterli_gen2_bsp/\libucosii_bsp.a(os_flag.o)
 .debug_aranges
                0x0000000000000388       0x20 ../sterli_gen2_bsp/\libucosii_bsp.a(os_mem.o)
 .debug_aranges
                0x00000000000003a8       0x20 ../sterli_gen2_bsp/\libucosii_bsp.a(os_q.o)
 .debug_aranges
                0x00000000000003c8       0x20 ../sterli_gen2_bsp/\libucosii_bsp.a(os_sem.o)
 .debug_aranges
                0x00000000000003e8       0x20 ../sterli_gen2_bsp/\libucosii_bsp.a(os_task.o)
 .debug_aranges
                0x0000000000000408       0x20 ../sterli_gen2_bsp/\libucosii_bsp.a(os_time.o)
 .debug_aranges
                0x0000000000000428       0x20 ../sterli_gen2_bsp/\libucosii_bsp.a(alt_sys_init.o)
 .debug_aranges
                0x0000000000000448       0x20 ../sterli_gen2_bsp/\libucosii_bsp.a(altera_avalon_epcs_flash_controller.o)
 .debug_aranges
                0x0000000000000468       0x20 ../sterli_gen2_bsp/\libucosii_bsp.a(altera_avalon_jtag_uart_fd.o)
 .debug_aranges
                0x0000000000000488       0x20 ../sterli_gen2_bsp/\libucosii_bsp.a(altera_avalon_jtag_uart_init.o)
 .debug_aranges
                0x00000000000004a8       0x20 ../sterli_gen2_bsp/\libucosii_bsp.a(altera_avalon_jtag_uart_ioctl.o)
 .debug_aranges
                0x00000000000004c8       0x20 ../sterli_gen2_bsp/\libucosii_bsp.a(altera_avalon_jtag_uart_read.o)
 .debug_aranges
                0x00000000000004e8       0x20 ../sterli_gen2_bsp/\libucosii_bsp.a(altera_avalon_jtag_uart_write.o)
 .debug_aranges
                0x0000000000000508       0x20 ../sterli_gen2_bsp/\libucosii_bsp.a(altera_avalon_spi.o)
 .debug_aranges
                0x0000000000000528       0x20 ../sterli_gen2_bsp/\libucosii_bsp.a(altera_avalon_timer_sc.o)
 .debug_aranges
                0x0000000000000548       0x20 ../sterli_gen2_bsp/\libucosii_bsp.a(epcs_commands.o)
 .debug_aranges
                0x0000000000000568       0x20 ../sterli_gen2_bsp/\libucosii_bsp.a(alt_alarm_start.o)
 .debug_aranges
                0x0000000000000588       0x20 ../sterli_gen2_bsp/\libucosii_bsp.a(alt_busy_sleep.o)
 .debug_aranges
                0x00000000000005a8       0x20 ../sterli_gen2_bsp/\libucosii_bsp.a(alt_close.o)
 .debug_aranges
                0x00000000000005c8       0x20 ../sterli_gen2_bsp/\libucosii_bsp.a(alt_dev.o)
 .debug_aranges
                0x00000000000005e8       0x20 ../sterli_gen2_bsp/\libucosii_bsp.a(alt_dev_llist_insert.o)
 .debug_aranges
                0x0000000000000608       0x20 ../sterli_gen2_bsp/\libucosii_bsp.a(alt_do_ctors.o)
 .debug_aranges
                0x0000000000000628       0x20 ../sterli_gen2_bsp/\libucosii_bsp.a(alt_do_dtors.o)
 .debug_aranges
                0x0000000000000648       0x18 ../sterli_gen2_bsp/\libucosii_bsp.a(alt_errno.o)
 .debug_aranges
                0x0000000000000660       0x20 ../sterli_gen2_bsp/\libucosii_bsp.a(alt_flash_dev.o)
 .debug_aranges
                0x0000000000000680       0x20 ../sterli_gen2_bsp/\libucosii_bsp.a(alt_iic.o)
 .debug_aranges
                0x00000000000006a0       0x20 ../sterli_gen2_bsp/\libucosii_bsp.a(alt_iic_isr_register.o)
 .debug_aranges
                0x00000000000006c0       0x20 ../sterli_gen2_bsp/\libucosii_bsp.a(alt_io_redirect.o)
 .debug_aranges
                0x00000000000006e0       0x30 ../sterli_gen2_bsp/\libucosii_bsp.a(alt_irq_entry.o)
 .debug_aranges
                0x0000000000000710       0x20 ../sterli_gen2_bsp/\libucosii_bsp.a(alt_irq_handler.o)
 .debug_aranges
                0x0000000000000730       0x18 ../sterli_gen2_bsp/\libucosii_bsp.a(alt_irq_vars.o)
 .debug_aranges
                0x0000000000000748       0x20 ../sterli_gen2_bsp/\libucosii_bsp.a(alt_open.o)
 .debug_aranges
                0x0000000000000768       0x20 ../sterli_gen2_bsp/\libucosii_bsp.a(alt_release_fd.o)
 .debug_aranges
                0x0000000000000788       0x20 ../sterli_gen2_bsp/\libucosii_bsp.a(alt_tick.o)
 .debug_aranges
                0x00000000000007a8       0x20 ../sterli_gen2_bsp/\libucosii_bsp.a(altera_nios2_gen2_irq.o)
 .debug_aranges
                0x00000000000007c8       0x20 ../sterli_gen2_bsp/\libucosii_bsp.a(os_cpu_a.o)
 .debug_aranges
                0x00000000000007e8       0x20 ../sterli_gen2_bsp/\libucosii_bsp.a(os_cpu_c.o)
 .debug_aranges
                0x0000000000000808       0x38 ../sterli_gen2_bsp/\libucosii_bsp.a(alt_exception_entry.o)
 .debug_aranges
                0x0000000000000840       0x20 ../sterli_gen2_bsp/\libucosii_bsp.a(alt_find_dev.o)
 .debug_aranges
                0x0000000000000860       0x20 ../sterli_gen2_bsp/\libucosii_bsp.a(alt_find_file.o)
 .debug_aranges
                0x0000000000000880       0x20 ../sterli_gen2_bsp/\libucosii_bsp.a(alt_get_fd.o)
 .debug_aranges
                0x00000000000008a0       0x28 ../sterli_gen2_bsp/\libucosii_bsp.a(alt_instruction_exception_entry.o)
 .debug_aranges
                0x00000000000008c8       0x20 c:/altera/15.0/nios2eds/bin/gnu/h-x86_64-mingw32/bin/../lib/gcc/nios2-elf/4.9.1/../../../../../H-x86_64-mingw32/nios2-elf/lib\libc.a(lib_a-atexit.o)
 .debug_aranges
                0x00000000000008e8       0x20 c:/altera/15.0/nios2eds/bin/gnu/h-x86_64-mingw32/bin/../lib/gcc/nios2-elf/4.9.1/../../../../../H-x86_64-mingw32/nios2-elf/lib\libc.a(lib_a-exit.o)
 .debug_aranges
                0x0000000000000908       0x18 c:/altera/15.0/nios2eds/bin/gnu/h-x86_64-mingw32/bin/../lib/gcc/nios2-elf/4.9.1/../../../../../H-x86_64-mingw32/nios2-elf/lib\libc.a(lib_a-int_errno.o)
 .debug_aranges
                0x0000000000000920       0x20 c:/altera/15.0/nios2eds/bin/gnu/h-x86_64-mingw32/bin/../lib/gcc/nios2-elf/4.9.1/../../../../../H-x86_64-mingw32/nios2-elf/lib\libc.a(lib_a-memcmp.o)
 .debug_aranges
                0x0000000000000940       0x20 c:/altera/15.0/nios2eds/bin/gnu/h-x86_64-mingw32/bin/../lib/gcc/nios2-elf/4.9.1/../../../../../H-x86_64-mingw32/nios2-elf/lib\libc.a(lib_a-memset.o)
 .debug_aranges
                0x0000000000000960       0x20 c:/altera/15.0/nios2eds/bin/gnu/h-x86_64-mingw32/bin/../lib/gcc/nios2-elf/4.9.1/../../../../../H-x86_64-mingw32/nios2-elf/lib\libc.a(lib_a-strlen.o)
 .debug_aranges
                0x0000000000000980       0x20 c:/altera/15.0/nios2eds/bin/gnu/h-x86_64-mingw32/bin/../lib/gcc/nios2-elf/4.9.1/../../../../../H-x86_64-mingw32/nios2-elf/lib\libc.a(lib_a-__atexit.o)
 .debug_aranges
                0x00000000000009a0       0x20 c:/altera/15.0/nios2eds/bin/gnu/h-x86_64-mingw32/bin/../lib/gcc/nios2-elf/4.9.1/../../../../../H-x86_64-mingw32/nios2-elf/lib\libc.a(lib_a-__call_atexit.o)
 .debug_aranges
                0x00000000000009c0       0x20 ../sterli_gen2_bsp/\libucosii_bsp.a(alt_exit.o)

.debug_pubnames
 *(.debug_pubnames)

.debug_info     0x0000000000000000    0x17552
 *(.debug_info .gnu.linkonce.wi.*)
 .debug_info    0x0000000000000000       0x66 ../sterli_gen2_bsp//obj/HAL/src/crt0.o
 .debug_info    0x0000000000000066       0xe1 obj/default/AsciiLib.o
 .debug_info    0x0000000000000147      0xfb9 obj/default/LCD32.o
 .debug_info    0x0000000000001100       0xe1 obj/default/main.o
 .debug_info    0x00000000000011e1      0xa47 obj/default/tahomabold_20.o
 .debug_info    0x0000000000001c28      0x5af obj/default/touch.o
 .debug_info    0x00000000000021d7       0xc0 c:/altera/15.0/nios2eds/bin/gnu/h-x86_64-mingw32/bin/../lib/gcc/nios2-elf/4.9.1\libgcc.a(_fixunsdfsi.o)
 .debug_info    0x0000000000002297      0x485 c:/altera/15.0/nios2eds/bin/gnu/h-x86_64-mingw32/bin/../lib/gcc/nios2-elf/4.9.1\libgcc.a(adddf3.o)
 .debug_info    0x000000000000271c      0x5c6 c:/altera/15.0/nios2eds/bin/gnu/h-x86_64-mingw32/bin/../lib/gcc/nios2-elf/4.9.1\libgcc.a(divdf3.o)
 .debug_info    0x0000000000002ce2      0x1e2 c:/altera/15.0/nios2eds/bin/gnu/h-x86_64-mingw32/bin/../lib/gcc/nios2-elf/4.9.1\libgcc.a(eqdf2.o)
 .debug_info    0x0000000000002ec4      0x202 c:/altera/15.0/nios2eds/bin/gnu/h-x86_64-mingw32/bin/../lib/gcc/nios2-elf/4.9.1\libgcc.a(gedf2.o)
 .debug_info    0x00000000000030c6      0x5f2 c:/altera/15.0/nios2eds/bin/gnu/h-x86_64-mingw32/bin/../lib/gcc/nios2-elf/4.9.1\libgcc.a(muldf3.o)
 .debug_info    0x00000000000036b8      0x4a2 c:/altera/15.0/nios2eds/bin/gnu/h-x86_64-mingw32/bin/../lib/gcc/nios2-elf/4.9.1\libgcc.a(subdf3.o)
 .debug_info    0x0000000000003b5a      0x1a6 c:/altera/15.0/nios2eds/bin/gnu/h-x86_64-mingw32/bin/../lib/gcc/nios2-elf/4.9.1\libgcc.a(fixdfsi.o)
 .debug_info    0x0000000000003d00      0x1b6 c:/altera/15.0/nios2eds/bin/gnu/h-x86_64-mingw32/bin/../lib/gcc/nios2-elf/4.9.1\libgcc.a(floatsidf.o)
 .debug_info    0x0000000000003eb6      0x11d c:/altera/15.0/nios2eds/bin/gnu/h-x86_64-mingw32/bin/../lib/gcc/nios2-elf/4.9.1\libgcc.a(_clzsi2.o)
 .debug_info    0x0000000000003fd3      0x234 c:/altera/15.0/nios2eds/bin/gnu/h-x86_64-mingw32/bin/../lib/gcc/nios2-elf/4.9.1\libgcc.a(lib2-divmod.o)
 .debug_info    0x0000000000004207       0xab c:/altera/15.0/nios2eds/bin/gnu/h-x86_64-mingw32/bin/../lib/gcc/nios2-elf/4.9.1\libgcc.a(_clz.o)
 .debug_info    0x00000000000042b2      0x133 c:/altera/15.0/nios2eds/bin/gnu/h-x86_64-mingw32/bin/../lib/gcc/nios2-elf/4.9.1/../../../../../H-x86_64-mingw32/nios2-elf/lib\libc.a(lib_a-memcpy.o)
 .debug_info    0x00000000000043e5      0x8a1 c:/altera/15.0/nios2eds/bin/gnu/h-x86_64-mingw32/bin/../lib/gcc/nios2-elf/4.9.1/../../../../../H-x86_64-mingw32/nios2-elf/lib\libc.a(lib_a-rand.o)
 .debug_info    0x0000000000004c86      0x88f c:/altera/15.0/nios2eds/bin/gnu/h-x86_64-mingw32/bin/../lib/gcc/nios2-elf/4.9.1/../../../../../H-x86_64-mingw32/nios2-elf/lib\libc.a(lib_a-impure.o)
 .debug_info    0x0000000000005515      0x1df c:/altera/15.0/nios2eds/bin/gnu/h-x86_64-mingw32/bin/../lib/gcc/nios2-elf/4.9.1\libgcc.a(_muldi3.o)
 .debug_info    0x00000000000056f4      0x266 ../sterli_gen2_bsp/\libucosii_bsp.a(alt_main.o)
 .debug_info    0x000000000000595a      0x13a ../sterli_gen2_bsp/\libucosii_bsp.a(alt_usleep.o)
 .debug_info    0x0000000000005a94      0xc50 ../sterli_gen2_bsp/\libucosii_bsp.a(alt_env_lock.o)
 .debug_info    0x00000000000066e4      0xd96 ../sterli_gen2_bsp/\libucosii_bsp.a(alt_malloc_lock.o)
 .debug_info    0x000000000000747a     0x1606 ../sterli_gen2_bsp/\libucosii_bsp.a(os_core.o)
 .debug_info    0x0000000000008a80      0xaa1 ../sterli_gen2_bsp/\libucosii_bsp.a(os_dbg.o)
 .debug_info    0x0000000000009521      0xf95 ../sterli_gen2_bsp/\libucosii_bsp.a(os_flag.o)
 .debug_info    0x000000000000a4b6      0x673 ../sterli_gen2_bsp/\libucosii_bsp.a(os_mem.o)
 .debug_info    0x000000000000ab29      0xd9c ../sterli_gen2_bsp/\libucosii_bsp.a(os_q.o)
 .debug_info    0x000000000000b8c5      0x9fd ../sterli_gen2_bsp/\libucosii_bsp.a(os_sem.o)
 .debug_info    0x000000000000c2c2     0x1110 ../sterli_gen2_bsp/\libucosii_bsp.a(os_task.o)
 .debug_info    0x000000000000d3d2      0x6e2 ../sterli_gen2_bsp/\libucosii_bsp.a(os_time.o)
 .debug_info    0x000000000000dab4      0x916 ../sterli_gen2_bsp/\libucosii_bsp.a(alt_sys_init.o)
 .debug_info    0x000000000000e3ca      0x86b ../sterli_gen2_bsp/\libucosii_bsp.a(altera_avalon_epcs_flash_controller.o)
 .debug_info    0x000000000000ec35      0x674 ../sterli_gen2_bsp/\libucosii_bsp.a(altera_avalon_jtag_uart_fd.o)
 .debug_info    0x000000000000f2a9      0x6b4 ../sterli_gen2_bsp/\libucosii_bsp.a(altera_avalon_jtag_uart_init.o)
 .debug_info    0x000000000000f95d      0x3c6 ../sterli_gen2_bsp/\libucosii_bsp.a(altera_avalon_jtag_uart_ioctl.o)
 .debug_info    0x000000000000fd23      0x578 ../sterli_gen2_bsp/\libucosii_bsp.a(altera_avalon_jtag_uart_read.o)
 .debug_info    0x000000000001029b      0x572 ../sterli_gen2_bsp/\libucosii_bsp.a(altera_avalon_jtag_uart_write.o)
 .debug_info    0x000000000001080d      0x186 ../sterli_gen2_bsp/\libucosii_bsp.a(altera_avalon_spi.o)
 .debug_info    0x0000000000010993      0x21f ../sterli_gen2_bsp/\libucosii_bsp.a(altera_avalon_timer_sc.o)
 .debug_info    0x0000000000010bb2      0x448 ../sterli_gen2_bsp/\libucosii_bsp.a(epcs_commands.o)
 .debug_info    0x0000000000010ffa      0x2c5 ../sterli_gen2_bsp/\libucosii_bsp.a(alt_alarm_start.o)
 .debug_info    0x00000000000112bf       0xd0 ../sterli_gen2_bsp/\libucosii_bsp.a(alt_busy_sleep.o)
 .debug_info    0x000000000001138f      0x34e ../sterli_gen2_bsp/\libucosii_bsp.a(alt_close.o)
 .debug_info    0x00000000000116dd      0x57e ../sterli_gen2_bsp/\libucosii_bsp.a(alt_dev.o)
 .debug_info    0x0000000000011c5b      0x1a2 ../sterli_gen2_bsp/\libucosii_bsp.a(alt_dev_llist_insert.o)
 .debug_info    0x0000000000011dfd       0x83 ../sterli_gen2_bsp/\libucosii_bsp.a(alt_do_ctors.o)
 .debug_info    0x0000000000011e80       0x83 ../sterli_gen2_bsp/\libucosii_bsp.a(alt_do_dtors.o)
 .debug_info    0x0000000000011f03       0x9f ../sterli_gen2_bsp/\libucosii_bsp.a(alt_errno.o)
 .debug_info    0x0000000000011fa2      0x3f9 ../sterli_gen2_bsp/\libucosii_bsp.a(alt_flash_dev.o)
 .debug_info    0x000000000001239b      0x349 ../sterli_gen2_bsp/\libucosii_bsp.a(alt_iic.o)
 .debug_info    0x00000000000126e4      0x1e8 ../sterli_gen2_bsp/\libucosii_bsp.a(alt_iic_isr_register.o)
 .debug_info    0x00000000000128cc      0x4d2 ../sterli_gen2_bsp/\libucosii_bsp.a(alt_io_redirect.o)
 .debug_info    0x0000000000012d9e       0x6b ../sterli_gen2_bsp/\libucosii_bsp.a(alt_irq_entry.o)
 .debug_info    0x0000000000012e09      0x1a9 ../sterli_gen2_bsp/\libucosii_bsp.a(alt_irq_handler.o)
 .debug_info    0x0000000000012fb2       0x88 ../sterli_gen2_bsp/\libucosii_bsp.a(alt_irq_vars.o)
 .debug_info    0x000000000001303a      0x3dd ../sterli_gen2_bsp/\libucosii_bsp.a(alt_open.o)
 .debug_info    0x0000000000013417      0x2f2 ../sterli_gen2_bsp/\libucosii_bsp.a(alt_release_fd.o)
 .debug_info    0x0000000000013709      0x2a0 ../sterli_gen2_bsp/\libucosii_bsp.a(alt_tick.o)
 .debug_info    0x00000000000139a9       0x8b ../sterli_gen2_bsp/\libucosii_bsp.a(altera_nios2_gen2_irq.o)
 .debug_info    0x0000000000013a34       0x6a ../sterli_gen2_bsp/\libucosii_bsp.a(os_cpu_a.o)
 .debug_info    0x0000000000013a9e      0xcd3 ../sterli_gen2_bsp/\libucosii_bsp.a(os_cpu_c.o)
 .debug_info    0x0000000000014771       0x71 ../sterli_gen2_bsp/\libucosii_bsp.a(alt_exception_entry.o)
 .debug_info    0x00000000000147e2      0x316 ../sterli_gen2_bsp/\libucosii_bsp.a(alt_find_dev.o)
 .debug_info    0x0000000000014af8      0x313 ../sterli_gen2_bsp/\libucosii_bsp.a(alt_find_file.o)
 .debug_info    0x0000000000014e0b      0x444 ../sterli_gen2_bsp/\libucosii_bsp.a(alt_get_fd.o)
 .debug_info    0x000000000001524f      0x1d8 ../sterli_gen2_bsp/\libucosii_bsp.a(alt_instruction_exception_entry.o)
 .debug_info    0x0000000000015427      0x10a c:/altera/15.0/nios2eds/bin/gnu/h-x86_64-mingw32/bin/../lib/gcc/nios2-elf/4.9.1/../../../../../H-x86_64-mingw32/nios2-elf/lib\libc.a(lib_a-atexit.o)
 .debug_info    0x0000000000015531      0x8df c:/altera/15.0/nios2eds/bin/gnu/h-x86_64-mingw32/bin/../lib/gcc/nios2-elf/4.9.1/../../../../../H-x86_64-mingw32/nios2-elf/lib\libc.a(lib_a-exit.o)
 .debug_info    0x0000000000015e10       0x83 c:/altera/15.0/nios2eds/bin/gnu/h-x86_64-mingw32/bin/../lib/gcc/nios2-elf/4.9.1/../../../../../H-x86_64-mingw32/nios2-elf/lib\libc.a(lib_a-int_errno.o)
 .debug_info    0x0000000000015e93      0x113 c:/altera/15.0/nios2eds/bin/gnu/h-x86_64-mingw32/bin/../lib/gcc/nios2-elf/4.9.1/../../../../../H-x86_64-mingw32/nios2-elf/lib\libc.a(lib_a-memcmp.o)
 .debug_info    0x0000000000015fa6      0x11a c:/altera/15.0/nios2eds/bin/gnu/h-x86_64-mingw32/bin/../lib/gcc/nios2-elf/4.9.1/../../../../../H-x86_64-mingw32/nios2-elf/lib\libc.a(lib_a-memset.o)