Archive member included to satisfy reference by file (symbol)

c:/altera/15.0/nios2eds/bin/gnu/h-x86_64-mingw32/bin/../lib/gcc/nios2-elf/4.9.1/mno-hw-mul\libgcc.a(_fixunsdfsi.o)
                              obj/default/touch.o (__fixunsdfsi)
c:/altera/15.0/nios2eds/bin/gnu/h-x86_64-mingw32/bin/../lib/gcc/nios2-elf/4.9.1/mno-hw-mul\libgcc.a(lib2-divmod.o)
                              obj/default/main.o (__modsi3)
c:/altera/15.0/nios2eds/bin/gnu/h-x86_64-mingw32/bin/../lib/gcc/nios2-elf/4.9.1/mno-hw-mul\libgcc.a(lib2-mul.o)
                              obj/default/LCD32.o (__mulsi3)
c:/altera/15.0/nios2eds/bin/gnu/h-x86_64-mingw32/bin/../lib/gcc/nios2-elf/4.9.1/mno-hw-mul\libgcc.a(adddf3.o)
                              obj/default/touch.o (__adddf3)
c:/altera/15.0/nios2eds/bin/gnu/h-x86_64-mingw32/bin/../lib/gcc/nios2-elf/4.9.1/mno-hw-mul\libgcc.a(divdf3.o)
                              obj/default/touch.o (__divdf3)
c:/altera/15.0/nios2eds/bin/gnu/h-x86_64-mingw32/bin/../lib/gcc/nios2-elf/4.9.1/mno-hw-mul\libgcc.a(eqdf2.o)
                              obj/default/touch.o (__eqdf2)
c:/altera/15.0/nios2eds/bin/gnu/h-x86_64-mingw32/bin/../lib/gcc/nios2-elf/4.9.1/mno-hw-mul\libgcc.a(gedf2.o)
                              c:/altera/15.0/nios2eds/bin/gnu/h-x86_64-mingw32/bin/../lib/gcc/nios2-elf/4.9.1/mno-hw-mul\libgcc.a(_fixunsdfsi.o) (__gedf2)
c:/altera/15.0/nios2eds/bin/gnu/h-x86_64-mingw32/bin/../lib/gcc/nios2-elf/4.9.1/mno-hw-mul\libgcc.a(muldf3.o)
                              obj/default/touch.o (__muldf3)
c:/altera/15.0/nios2eds/bin/gnu/h-x86_64-mingw32/bin/../lib/gcc/nios2-elf/4.9.1/mno-hw-mul\libgcc.a(subdf3.o)
                              c:/altera/15.0/nios2eds/bin/gnu/h-x86_64-mingw32/bin/../lib/gcc/nios2-elf/4.9.1/mno-hw-mul\libgcc.a(_fixunsdfsi.o) (__subdf3)
c:/altera/15.0/nios2eds/bin/gnu/h-x86_64-mingw32/bin/../lib/gcc/nios2-elf/4.9.1/mno-hw-mul\libgcc.a(fixdfsi.o)
                              c:/altera/15.0/nios2eds/bin/gnu/h-x86_64-mingw32/bin/../lib/gcc/nios2-elf/4.9.1/mno-hw-mul\libgcc.a(_fixunsdfsi.o) (__fixdfsi)
c:/altera/15.0/nios2eds/bin/gnu/h-x86_64-mingw32/bin/../lib/gcc/nios2-elf/4.9.1/mno-hw-mul\libgcc.a(floatsidf.o)
                              obj/default/touch.o (__floatsidf)
c:/altera/15.0/nios2eds/bin/gnu/h-x86_64-mingw32/bin/../lib/gcc/nios2-elf/4.9.1/mno-hw-mul\libgcc.a(_clzsi2.o)
                              c:/altera/15.0/nios2eds/bin/gnu/h-x86_64-mingw32/bin/../lib/gcc/nios2-elf/4.9.1/mno-hw-mul\libgcc.a(adddf3.o) (__clzsi2)
c:/altera/15.0/nios2eds/bin/gnu/h-x86_64-mingw32/bin/../lib/gcc/nios2-elf/4.9.1/mno-hw-mul\libgcc.a(_clz.o)
                              c:/altera/15.0/nios2eds/bin/gnu/h-x86_64-mingw32/bin/../lib/gcc/nios2-elf/4.9.1/mno-hw-mul\libgcc.a(_clzsi2.o) (__clz_tab)
c:/altera/15.0/nios2eds/bin/gnu/h-x86_64-mingw32/bin/../lib/gcc/nios2-elf/4.9.1/../../../../../H-x86_64-mingw32/nios2-elf/lib/mno-hw-mul\libc.a(lib_a-memcpy.o)
                              obj/default/AsciiLib.o (memcpy)
c:/altera/15.0/nios2eds/bin/gnu/h-x86_64-mingw32/bin/../lib/gcc/nios2-elf/4.9.1/../../../../../H-x86_64-mingw32/nios2-elf/lib/mno-hw-mul\libc.a(lib_a-rand.o)
                              obj/default/main.o (rand)
c:/altera/15.0/nios2eds/bin/gnu/h-x86_64-mingw32/bin/../lib/gcc/nios2-elf/4.9.1/../../../../../H-x86_64-mingw32/nios2-elf/lib/mno-hw-mul\libc.a(lib_a-impure.o)
                              c:/altera/15.0/nios2eds/bin/gnu/h-x86_64-mingw32/bin/../lib/gcc/nios2-elf/4.9.1/../../../../../H-x86_64-mingw32/nios2-elf/lib/mno-hw-mul\libc.a(lib_a-rand.o) (_impure_ptr)
c:/altera/15.0/nios2eds/bin/gnu/h-x86_64-mingw32/bin/../lib/gcc/nios2-elf/4.9.1/mno-hw-mul\libgcc.a(_muldi3.o)
                              c:/altera/15.0/nios2eds/bin/gnu/h-x86_64-mingw32/bin/../lib/gcc/nios2-elf/4.9.1/../../../../../H-x86_64-mingw32/nios2-elf/lib/mno-hw-mul\libc.a(lib_a-rand.o) (__muldi3)
../test_steric2_bsp/\libucosii_bsp.a(alt_main.o)
                              ../test_steric2_bsp//obj/HAL/src/crt0.o (alt_main)
../test_steric2_bsp/\libucosii_bsp.a(alt_usleep.o)
                              obj/default/LCD32.o (usleep)
../test_steric2_bsp/\libucosii_bsp.a(alt_env_lock.o)
                              ../test_steric2_bsp/\libucosii_bsp.a(alt_main.o) (alt_envsem)
../test_steric2_bsp/\libucosii_bsp.a(alt_malloc_lock.o)
                              ../test_steric2_bsp/\libucosii_bsp.a(alt_main.o) (alt_heapsem)
../test_steric2_bsp/\libucosii_bsp.a(os_core.o)
                              ../test_steric2_bsp/\libucosii_bsp.a(alt_usleep.o) (OSRunning)
../test_steric2_bsp/\libucosii_bsp.a(os_dbg.o)
                              ../test_steric2_bsp/\libucosii_bsp.a(os_core.o) (OSDebugInit)
../test_steric2_bsp/\libucosii_bsp.a(os_flag.o)
                              ../test_steric2_bsp/\libucosii_bsp.a(os_core.o) (OS_FlagInit)
../test_steric2_bsp/\libucosii_bsp.a(os_mem.o)
                              ../test_steric2_bsp/\libucosii_bsp.a(os_core.o) (OS_MemInit)
[...]
Memory Configuration

Name             Origin             Length             Attributes
sdram_BEFORE_EXCEPTION 0x0000000000800000 0x0000000000000020
sdram            0x0000000000800020 0x00000000007fffe0
reset            0x0000000001001800 0x0000000000000020
flash            0x0000000001001820 0x00000000000007e0
*default*        0x0000000000000000 0xffffffffffffffff

Linker script and memory map

LOAD ../test_steric2_bsp//obj/HAL/src/crt0.o
LOAD obj/default/AsciiLib.o
LOAD obj/default/LCD32.o
LOAD obj/default/main.o
LOAD obj/default/touch.o
LOAD c:/altera/15.0/nios2eds/bin/gnu/h-x86_64-mingw32/bin/../lib/gcc/nios2-elf/4.9.1/../../../../../H-x86_64-mingw32/nios2-elf/lib/mno-hw-mul\libstdc++.a
LOAD c:/altera/15.0/nios2eds/bin/gnu/h-x86_64-mingw32/bin/../lib/gcc/nios2-elf/4.9.1/../../../../../H-x86_64-mingw32/nios2-elf/lib/mno-hw-mul\libm.a
LOAD c:/altera/15.0/nios2eds/bin/gnu/h-x86_64-mingw32/bin/../lib/gcc/nios2-elf/4.9.1/mno-hw-mul\libgcc.a
START GROUP
LOAD c:/altera/15.0/nios2eds/bin/gnu/h-x86_64-mingw32/bin/../lib/gcc/nios2-elf/4.9.1/../../../../../H-x86_64-mingw32/nios2-elf/lib/mno-hw-mul\libc.a
LOAD c:/altera/15.0/nios2eds/bin/gnu/h-x86_64-mingw32/bin/../lib/gcc/nios2-elf/4.9.1/mno-hw-mul\libgcc.a
LOAD ../test_steric2_bsp/\libucosii_bsp.a
LOAD c:/altera/15.0/nios2eds/bin/gnu/h-x86_64-mingw32/bin/../lib/gcc/nios2-elf/4.9.1/../../../../../H-x86_64-mingw32/nios2-elf/lib/mno-hw-mul\libm.a
END GROUP
LOAD c:/altera/15.0/nios2eds/bin/gnu/h-x86_64-mingw32/bin/../lib/gcc/nios2-elf/4.9.1/mno-hw-mul\libgcc.a
                0x0000000000800000                __alt_mem_sdram = 0x800000
                0x0000000001001800                __alt_mem_flash = 0x1001800

.entry          0x0000000001001800        0x0
 *(.entry)
 .entry         0x0000000001001800        0x0 ../test_steric2_bsp//obj/HAL/src/crt0.o
                0x0000000001001800                __reset

.exceptions     0x0000000000800020      0x19c
                0x0000000000800020                PROVIDE (__ram_exceptions_start, ABSOLUTE (.))
                0x0000000000800020                . = ALIGN (0x20)
 *(.irq)
 *(.exceptions.entry.label)
 .exceptions.entry.label
                0x0000000000800020        0x0 ../test_steric2_bsp/\libucosii_bsp.a(alt_irq_entry.o)
                0x0000000000800020                alt_irq_entry
 .exceptions.entry.label
                0x0000000000800020        0x0 ../test_steric2_bsp/\libucosii_bsp.a(alt_exception_entry.o)
                0x0000000000800020                alt_exception
 *(.exceptions.entry.user)
 *(.exceptions.entry.ecc_fatal)
 *(.exceptions.entry)
 .exceptions.entry
                0x0000000000800020       0x54 ../test_steric2_bsp/\libucosii_bsp.a(alt_exception_entry.o)
 *(.exceptions.irqtest.user)
 *(.exceptions.irqtest)
 .exceptions.irqtest
                0x0000000000800074       0x10 ../test_steric2_bsp/\libucosii_bsp.a(alt_irq_entry.o)
 *(.exceptions.irqhandler.user)
 *(.exceptions.irqhandler)
 .exceptions.irqhandler
                0x0000000000800084        0x4 ../test_steric2_bsp/\libucosii_bsp.a(alt_irq_entry.o)
 *(.exceptions.irqreturn.user)
 *(.exceptions.irqreturn)
 .exceptions.irqreturn
                0x0000000000800088        0x4 ../test_steric2_bsp/\libucosii_bsp.a(alt_irq_entry.o)
 *(.exceptions.notirq.label)
 .exceptions.notirq.label
                0x000000000080008c        0x0 ../test_steric2_bsp/\libucosii_bsp.a(alt_irq_entry.o)
 *(.exceptions.notirq.user)
 *(.exceptions.notirq)
 .exceptions.notirq
                0x000000000080008c        0x8 ../test_steric2_bsp/\libucosii_bsp.a(alt_exception_entry.o)
 *(.exceptions.soft.user)
 *(.exceptions.soft)
 *(.exceptions.unknown.user)
 *(.exceptions.unknown)
 .exceptions.unknown
                0x0000000000800094        0x4 ../test_steric2_bsp/\libucosii_bsp.a(alt_exception_entry.o)
 *(.exceptions.exit.label)
 .exceptions.exit.label
                0x0000000000800098        0x0 ../test_steric2_bsp/\libucosii_bsp.a(alt_irq_entry.o)
 .exceptions.exit.label
                0x0000000000800098        0x0 ../test_steric2_bsp/\libucosii_bsp.a(alt_exception_entry.o)
 *(.exceptions.exit.user)
 *(.exceptions.exit)
 .exceptions.exit
                0x0000000000800098       0x54 ../test_steric2_bsp/\libucosii_bsp.a(alt_exception_entry.o)
 *(.exceptions)
 .exceptions    0x00000000008000ec       0xd0 ../test_steric2_bsp/\libucosii_bsp.a(alt_irq_handler.o)
                0x00000000008000ec                alt_irq_handler
                0x00000000008001bc                PROVIDE (__ram_exceptions_end, ABSOLUTE (.))
                0x0000000000800020                PROVIDE (__flash_exceptions_start, LOADADDR (.exceptions))

.text           0x00000000008001bc    0x1182c
                0x00000000008001bc                PROVIDE (stext, ABSOLUTE (.))
 *(.interp)
 *(.hash)
 *(.dynsym)
 *(.dynstr)
 *(.gnu.version)
 *(.gnu.version_d)
 *(.gnu.version_r)
 *(.rel.init)
 *(.rela.init)
 *(.rel.text .rel.text.* .rel.gnu.linkonce.t.*)
 *(.rela.text .rela.text.* .rela.gnu.linkonce.t.*)
 *(.rel.fini)
 *(.rela.fini)
 *(.rel.rodata .rel.rodata.* .rel.gnu.linkonce.r.*)
 *(.rela.rodata .rela.rodata.* .rela.gnu.linkonce.r.*)
 *(.rel.data .rel.data.* .rel.gnu.linkonce.d.*)
 *(.rela.data .rela.data.* .rela.gnu.linkonce.d.*)
 *(.rel.tdata .rel.tdata.* .rel.gnu.linkonce.td.*)
 *(.rela.tdata .rela.tdata.* .rela.gnu.linkonce.td.*)
 *(.rel.tbss .rel.tbss.* .rel.gnu.linkonce.tb.*)
 *(.rela.tbss .rela.tbss.* .rela.gnu.linkonce.tb.*)
 *(.rel.ctors)
 *(.rela.ctors)
 *(.rel.dtors)
 *(.rela.dtors)
 *(.rel.got)
 *(.rela.got)
 *(.rel.sdata .rel.sdata.* .rel.gnu.linkonce.s.*)
 *(.rela.sdata .rela.sdata.* .rela.gnu.linkonce.s.*)
 *(.rel.sbss .rel.sbss.* .rel.gnu.linkonce.sb.*)
 *(.rela.sbss .rela.sbss.* .rela.gnu.linkonce.sb.*)
 *(.rel.sdata2 .rel.sdata2.* .rel.gnu.linkonce.s2.*)
 *(.rela.sdata2 .rela.sdata2.* .rela.gnu.linkonce.s2.*)
 *(.rel.sbss2 .rel.sbss2.* .rel.gnu.linkonce.sb2.*)
 *(.rela.sbss2 .rela.sbss2.* .rela.gnu.linkonce.sb2.*)
 *(.rel.bss .rel.bss.* .rel.gnu.linkonce.b.*)
 *(.rela.bss .rela.bss.* .rela.gnu.linkonce.b.*)
 *(.rel.plt)
 *(.rela.plt)
 *(.rel.dyn)
 *(.init)
 *(.plt)
 *(.text .stub .text.* .gnu.linkonce.t.*)
 .text          0x00000000008001bc       0x38 ../test_steric2_bsp//obj/HAL/src/crt0.o
                0x00000000008001bc                _start
 .text          0x00000000008001f4       0x64 obj/default/AsciiLib.o
                0x00000000008001f4                GetASCIICode
 .text          0x0000000000800258     0x17e4 obj/default/LCD32.o
                0x0000000000800258                LCD_WriteIndex
                0x00000000008002dc                LCD_WriteData
                0x0000000000800350                LCD_ReadData
                0x00000000008003f0                LCD_WriteReg
                0x000000000080045c                LCD_ReadReg
                0x00000000008004c0                LCD_SetCursor
                0x0000000000800608                LCD_Initializtion
                0x0000000000800c94                LCD_Clear
                0x0000000000800dac                LCD_show_test
                0x0000000000800ef0                LCD_BGR2RGB
                0x0000000000800f68                LCD_GetPoint
                0x00000000008010dc                LCD_SetPoint
                0x0000000000801154                LCD_DrawLine
                0x00000000008013f4                PutChar
                0x0000000000801524                GUI_Text
                0x00000000008015f4                vid_draw_line
                0x00000000008016ac                vid_set_pixel
                0x0000000000801700                vid_draw_horiz_line
                0x0000000000801774                vid_draw_sloped_line
                0x00000000008019dc                delay_ms
 .text          0x0000000000801a3c       0xf0 obj/default/main.o
                0x0000000000801a3c                main
 .text          0x0000000000801b2c     0x1504 obj/default/touch.o
                0x0000000000801b2c                TP_Init
                0x0000000000801b68                DelayUS
                0x0000000000801b98                WR_CMD
                0x0000000000801bec                RD_AD
                0x0000000000801cb8                Read_X
                0x0000000000801d20                Read_Y
                0x0000000000801d88                TP_GetAdXY
                0x0000000000801de4                TP_DrawPoint
                0x0000000000801ea0                DrawCross
                0x00000000008021ac                Read_Ads7846
                0x00000000008024d4                setCalibrationMatrix
                0x0000000000802c08                getDisplayPoint
                0x0000000000802ef8                TouchPanel_Calibrate
 .text          0x0000000000803030       0x74 c:/altera/15.0/nios2eds/bin/gnu/h-x86_64-mingw32/bin/../lib/gcc/nios2-elf/4.9.1/mno-hw-mul\libgcc.a(_fixunsdfsi.o)
                0x0000000000803030                __fixunsdfsi
 .text          0x00000000008030a4      0x12c c:/altera/15.0/nios2eds/bin/gnu/h-x86_64-mingw32/bin/../lib/gcc/nios2-elf/4.9.1/mno-hw-mul\libgcc.a(lib2-divmod.o)
                0x0000000000803110                __divsi3
                0x0000000000803164                __modsi3
                0x00000000008031c0                __udivsi3
                0x00000000008031c8                __umodsi3
 .text          0x00000000008031d0       0x28 c:/altera/15.0/nios2eds/bin/gnu/h-x86_64-mingw32/bin/../lib/gcc/nios2-elf/4.9.1/mno-hw-mul\libgcc.a(lib2-mul.o)
                0x00000000008031d0                __mulsi3
 .text          0x00000000008031f8      0x89c c:/altera/15.0/nios2eds/bin/gnu/h-x86_64-mingw32/bin/../lib/gcc/nios2-elf/4.9.1/mno-hw-mul\libgcc.a(adddf3.o)
                0x00000000008031f8                __adddf3
 .text          0x0000000000803a94      0x980 c:/altera/15.0/nios2eds/bin/gnu/h-x86_64-mingw32/bin/../lib/gcc/nios2-elf/4.9.1/mno-hw-mul\libgcc.a(divdf3.o)
                0x0000000000803a94                __divdf3
 .text          0x0000000000804414       0x84 c:/altera/15.0/nios2eds/bin/gnu/h-x86_64-mingw32/bin/../lib/gcc/nios2-elf/4.9.1/mno-hw-mul\libgcc.a(eqdf2.o)
                0x0000000000804414                __nedf2
                0x0000000000804414                __eqdf2
 .text          0x0000000000804498       0xe0 c:/altera/15.0/nios2eds/bin/gnu/h-x86_64-mingw32/bin/../lib/gcc/nios2-elf/4.9.1/mno-hw-mul\libgcc.a(gedf2.o)
                0x0000000000804498                __gedf2
                0x0000000000804498                __gtdf2
 .text          0x0000000000804578      0x86c c:/altera/15.0/nios2eds/bin/gnu/h-x86_64-mingw32/bin/../lib/gcc/nios2-elf/4.9.1/mno-hw-mul\libgcc.a(muldf3.o)
                0x0000000000804578                __muldf3
 .text          0x0000000000804de4      0x8d0 c:/altera/15.0/nios2eds/bin/gnu/h-x86_64-mingw32/bin/../lib/gcc/nios2-elf/4.9.1/mno-hw-mul\libgcc.a(subdf3.o)
                0x0000000000804de4                __subdf3
 .text          0x00000000008056b4       0x88 c:/altera/15.0/nios2eds/bin/gnu/h-x86_64-mingw32/bin/../lib/gcc/nios2-elf/4.9.1/mno-hw-mul\libgcc.a(fixdfsi.o)
                0x00000000008056b4                __fixdfsi
 .text          0x000000000080573c       0xd0 c:/altera/15.0/nios2eds/bin/gnu/h-x86_64-mingw32/bin/../lib/gcc/nios2-elf/4.9.1/mno-hw-mul\libgcc.a(floatsidf.o)
                0x000000000080573c                __floatsidf
 .text          0x000000000080580c       0x64 c:/altera/15.0/nios2eds/bin/gnu/h-x86_64-mingw32/bin/../lib/gcc/nios2-elf/4.9.1/mno-hw-mul\libgcc.a(_clzsi2.o)
                0x000000000080580c                __clzsi2
 .text          0x0000000000805870        0x0 c:/altera/15.0/nios2eds/bin/gnu/h-x86_64-mingw32/bin/../lib/gcc/nios2-elf/4.9.1/mno-hw-mul\libgcc.a(_clz.o)
 .text          0x0000000000805870      0x138 c:/altera/15.0/nios2eds/bin/gnu/h-x86_64-mingw32/bin/../lib/gcc/nios2-elf/4.9.1/../../../../../H-x86_64-mingw32/nios2-elf/lib/mno-hw-mul\libc.a(lib_a-memcpy.o)
                0x0000000000805870                memcpy
 .text          0x00000000008059a8       0x7c c:/altera/15.0/nios2eds/bin/gnu/h-x86_64-mingw32/bin/../lib/gcc/nios2-elf/4.9.1/../../../../../H-x86_64-mingw32/nios2-elf/lib/mno-hw-mul\libc.a(lib_a-rand.o)
                0x00000000008059a8                srand
                0x00000000008059c0                rand
 .text          0x0000000000805a24        0x0 c:/altera/15.0/nios2eds/bin/gnu/h-x86_64-mingw32/bin/../lib/gcc/nios2-elf/4.9.1/../../../../../H-x86_64-mingw32/nios2-elf/lib/mno-hw-mul\libc.a(lib_a-impure.o)
 .text          0x0000000000805a24      0x10c c:/altera/15.0/nios2eds/bin/gnu/h-x86_64-mingw32/bin/../lib/gcc/nios2-elf/4.9.1/mno-hw-mul\libgcc.a(_muldi3.o)
                0x0000000000805a24                __muldi3
 .text          0x0000000000805b30       0xd4 ../test_steric2_bsp/\libucosii_bsp.a(alt_main.o)
                0x0000000000805b30                alt_main
 .text          0x0000000000805c04      0x128 ../test_steric2_bsp/\libucosii_bsp.a(alt_usleep.o)
                0x0000000000805c04                usleep
 .text          0x0000000000805d2c      0x11c ../test_steric2_bsp/\libucosii_bsp.a(alt_env_lock.o)
                0x0000000000805d2c                __env_lock
                0x0000000000805dec                __env_unlock
 .text          0x0000000000805e48      0x1f0 ../test_steric2_bsp/\libucosii_bsp.a(alt_malloc_lock.o)
                0x0000000000805e48                __malloc_lock
                0x0000000000805f68                __malloc_unlock
 .text          0x0000000000806038     0x1fe0 ../test_steric2_bsp/\libucosii_bsp.a(os_core.o)
                0x0000000000806038                OSEventNameGet
                0x0000000000806158                OSEventNameSet
                0x0000000000806294                OSEventPendMulti
                0x00000000008068a4                OSInit
                0x00000000008068f8                OSIntEnter
                0x0000000000806974                OSIntExit
                0x0000000000806a68                OSSchedLock
                0x0000000000806af0                OSSchedUnlock
                0x0000000000806bc8                OSStart
                0x0000000000806c34                OSStatInit
                0x0000000000806ce0                OSTimeTick
                0x0000000000806efc                OSVersion
                0x0000000000806f1c                OS_Dummy
                0x0000000000806f38                OS_EventTaskRdy
                0x00000000008070d0                OS_EventTaskWait
                0x00000000008071dc                OS_EventTaskWaitMulti
                0x0000000000807328                OS_EventTaskRemove
                0x00000000008073dc                OS_EventTaskRemoveMulti
                0x00000000008074d8                OS_EventWaitListInit
                0x000000000080789c                OS_MemClr
                0x00000000008078ec                OS_MemCopy
                0x0000000000807950                OS_Sched
                0x0000000000807a8c                OS_StrCopy
                0x0000000000807b00                OS_StrLen
                0x0000000000807b54                OS_TaskIdle
                0x0000000000807bb0                OS_TaskStat
                0x0000000000807c7c                OS_TaskStatStkChk
                0x0000000000807d44                OS_TCBInit
 .text          0x0000000000808018      0x18c ../test_steric2_bsp/\libucosii_bsp.a(os_dbg.o)
                0x0000000000808018                OSDebugInit
 .text          0x00000000008081a4     0x181c ../test_steric2_bsp/\libucosii_bsp.a(os_flag.o)
                0x00000000008081a4                OSFlagAccept
                0x00000000008084ac                OSFlagCreate
                0x00000000008085d4                OSFlagDel
                0x0000000000808844                OSFlagNameGet
                0x0000000000808974                OSFlagNameSet
                0x0000000000808ac4                OSFlagPend
                0x00000000008090b4                OSFlagPendGetFlagsRdy
                0x000000000080911c                OSFlagPost
                0x00000000008094a4                OSFlagQuery
                0x000000000080972c                OS_FlagInit
                0x0000000000809920                OS_FlagUnlink
 .text          0x00000000008099c0      0x790 ../test_steric2_bsp/\libucosii_bsp.a(os_mem.o)
                0x00000000008099c0                OSMemCreate
                0x0000000000809bb4                OSMemGet
                0x0000000000809ca4                OSMemNameGet
                0x0000000000809d9c                OSMemNameSet
                0x0000000000809eb4                OSMemPut
                0x0000000000809f8c                OSMemQuery
                0x000000000080a074                OS_MemInit
 .text          0x000000000080a150     0x1210 ../test_steric2_bsp/\libucosii_bsp.a(os_q.o)
                0x000000000080a150                OSQAccept
                0x000000000080a290                OSQCreate
                0x000000000080a48c                OSQDel
                0x000000000080a754                OSQFlush
                0x000000000080a80c                OSQPend
                0x000000000080ab08                OSQPendAbort
                0x000000000080ac74                OSQPost
                0x000000000080addc                OSQPostFront
                0x000000000080af4c                OSQPostOpt
                0x000000000080b158                OSQQuery
                0x000000000080b2b4                OS_QInit
 .text          0x000000000080b360      0xb08 ../test_steric2_bsp/\libucosii_bsp.a(os_sem.o)
                0x000000000080b360                OSSemAccept
                0x000000000080b410                OSSemCreate
                0x000000000080b510                OSSemDel
                0x000000000080b778                OSSemPend
                0x000000000080b9e0                OSSemPendAbort
                0x000000000080bb4c                OSSemPost
                0x000000000080bc5c                OSSemQuery
                0x000000000080bd6c                OSSemSet
 .text          0x000000000080be68     0x18f4 ../test_steric2_bsp/\libucosii_bsp.a(os_task.o)
                0x000000000080be68                OSTaskChangePrio
                0x000000000080c3a8                OSTaskCreate
                0x000000000080c564                OSTaskCreateExt
                0x000000000080c750                OSTaskDel
                0x000000000080cb30                OSTaskDelReq
                0x000000000080cc88                OSTaskNameGet
                0x000000000080ce30                OSTaskNameSet
                0x000000000080cff0                OSTaskResume
                0x000000000080d1e8                OSTaskStkChk
                0x000000000080d3b0                OSTaskSuspend
                0x000000000080d5c4                OSTaskQuery
                0x000000000080d6f0                OS_TaskStkClr
 .text          0x000000000080d75c      0x584 ../test_steric2_bsp/\libucosii_bsp.a(os_time.o)
                0x000000000080d75c                OSTimeDly
                0x000000000080d8a4                OSTimeDlyHMSM
                0x000000000080da28                OSTimeDlyResume
                0x000000000080dc18                OSTimeGet
                0x000000000080dc7c                OSTimeSet
 .text          0x000000000080dce0       0xdc ../test_steric2_bsp/\libucosii_bsp.a(alt_sys_init.o)
                0x000000000080dd18                alt_irq_init
                0x000000000080dd4c                alt_sys_init
 .text          0x000000000080ddbc      0x990 ../test_steric2_bsp/\libucosii_bsp.a(altera_avalon_epcs_flash_controller.o)
                0x000000000080ddf4                alt_epcs_flash_init
                0x000000000080e1c0                alt_epcs_flash_write
                0x000000000080e420                alt_epcs_flash_get_info
                0x000000000080e540                alt_epcs_flash_erase_block
                0x000000000080e5b4                alt_epcs_flash_write_block
                0x000000000080e6b4                alt_epcs_flash_read
 .text          0x000000000080e74c      0x164 ../test_steric2_bsp/\libucosii_bsp.a(altera_avalon_jtag_uart_fd.o)
                0x000000000080e74c                altera_avalon_jtag_uart_read_fd
                0x000000000080e7ac                altera_avalon_jtag_uart_write_fd
                0x000000000080e80c                altera_avalon_jtag_uart_close_fd
                0x000000000080e85c                altera_avalon_jtag_uart_ioctl_fd
 .text          0x000000000080e8b0      0x568 ../test_steric2_bsp/\libucosii_bsp.a(altera_avalon_jtag_uart_init.o)
                0x000000000080e8b0                altera_avalon_jtag_uart_init
                0x000000000080edb0                altera_avalon_jtag_uart_close
 .text          0x000000000080ee18       0xec ../test_steric2_bsp/\libucosii_bsp.a(altera_avalon_jtag_uart_ioctl.o)
                0x000000000080ee18                altera_avalon_jtag_uart_ioctl
 .text          0x000000000080ef04      0x2b4 ../test_steric2_bsp/\libucosii_bsp.a(altera_avalon_jtag_uart_read.o)
                0x000000000080ef04                altera_avalon_jtag_uart_read
 .text          0x000000000080f1b8      0x2c0 ../test_steric2_bsp/\libucosii_bsp.a(altera_avalon_jtag_uart_write.o)
                0x000000000080f1b8                altera_avalon_jtag_uart_write
 .text          0x000000000080f478      0x204 ../test_steric2_bsp/\libucosii_bsp.a(altera_avalon_spi.o)
                0x000000000080f478                alt_avalon_spi_command
 .text          0x000000000080f67c       0xfc ../test_steric2_bsp/\libucosii_bsp.a(altera_avalon_timer_sc.o)
                0x000000000080f6f0                alt_avalon_timer_sc_init
 .text          0x000000000080f778      0x62c ../test_steric2_bsp/\libucosii_bsp.a(epcs_commands.o)
                0x000000000080f778                epcs_read_status_register
                0x000000000080f844                epcs_sector_erase
                0x000000000080f93c                epcs_read_buffer
                0x000000000080fa30                epcs_write_enable
                0x000000000080fa80                epcs_write_status_register
                0x000000000080fae8                epcs_write_buffer
                0x000000000080fc04                epcs_read_electronic_signature
                0x000000000080fc6c                epcs_read_device_id
                0x000000000080fcec                epcs_enter_4_bytes_mode
                0x000000000080fd48                epcs_exit_4_bytes_mode
 .text          0x000000000080fda4      0x140 ../test_steric2_bsp/\libucosii_bsp.a(alt_alarm_start.o)
                0x000000000080fda4                alt_alarm_start
 .text          0x000000000080fee4      0x158 ../test_steric2_bsp/\libucosii_bsp.a(alt_busy_sleep.o)
                0x000000000080fee4                alt_busy_sleep
 .text          0x000000000081003c      0x128 ../test_steric2_bsp/\libucosii_bsp.a(alt_close.o)
                0x000000000081008c                close
 .text          0x0000000000810164       0x2c ../test_steric2_bsp/\libucosii_bsp.a(alt_dev.o)
 .text          0x0000000000810190       0xf4 ../test_steric2_bsp/\libucosii_bsp.a(alt_dev_llist_insert.o)
                0x00000000008101e0                alt_dev_llist_insert
 .text          0x0000000000810284       0x5c ../test_steric2_bsp/\libucosii_bsp.a(alt_do_ctors.o)
                0x0000000000810284                _do_ctors
 .text          0x00000000008102e0       0x5c ../test_steric2_bsp/\libucosii_bsp.a(alt_do_dtors.o)
                0x00000000008102e0                _do_dtors
 .text          0x000000000081033c        0x0 ../test_steric2_bsp/\libucosii_bsp.a(alt_errno.o)
 .text          0x000000000081033c       0xb8 ../test_steric2_bsp/\libucosii_bsp.a(alt_flash_dev.o)
                0x000000000081033c                alt_flash_open_dev
                0x00000000008103a4                alt_flash_close_dev
 .text          0x00000000008103f4      0x1e0 ../test_steric2_bsp/\libucosii_bsp.a(alt_iic.o)
                0x00000000008103f4                alt_ic_isr_register
                0x0000000000810444                alt_ic_irq_enable
                0x00000000008104e4                alt_ic_irq_disable
                0x0000000000810588                alt_ic_irq_enabled
 .text          0x00000000008105d4       0xf0 ../test_steric2_bsp/\libucosii_bsp.a(alt_iic_isr_register.o)
                0x00000000008105d4                alt_iic_isr_register
 .text          0x00000000008106c4      0x158 ../test_steric2_bsp/\libucosii_bsp.a(alt_io_redirect.o)
                0x00000000008107a4                alt_io_redirect
 .text          0x000000000081081c        0x0 ../test_steric2_bsp/\libucosii_bsp.a(alt_irq_entry.o)
 .text          0x000000000081081c        0x0 ../test_steric2_bsp/\libucosii_bsp.a(alt_irq_handler.o)
 .text          0x000000000081081c        0x0 ../test_steric2_bsp/\libucosii_bsp.a(alt_irq_vars.o)
 .text          0x000000000081081c      0x2a4 ../test_steric2_bsp/\libucosii_bsp.a(alt_open.o)
                0x0000000000810960                open
 .text          0x0000000000810ac0       0x80 ../test_steric2_bsp/\libucosii_bsp.a(alt_release_fd.o)
                0x0000000000810ac0                alt_release_fd
 .text          0x0000000000810b40      0x19c ../test_steric2_bsp/\libucosii_bsp.a(alt_tick.o)
                0x0000000000810b40                alt_alarm_stop
                0x0000000000810bd8                alt_tick
 .text          0x0000000000810cdc       0x20 ../test_steric2_bsp/\libucosii_bsp.a(altera_nios2_qsys_irq.o)
                0x0000000000810cdc                altera_nios2_qsys_irq_init
 .text          0x0000000000810cfc       0xd0 ../test_steric2_bsp/\libucosii_bsp.a(os_cpu_a.o)
                0x0000000000810cfc                OSCtxSw
                0x0000000000810cfc                OSIntCtxSw
                0x0000000000810d88                OSStartHighRdy
                0x0000000000810da8                OSStartTsk
 .text          0x0000000000810dcc      0x3fc ../test_steric2_bsp/\libucosii_bsp.a(os_cpu_c.o)
                0x0000000000810dcc                OSTaskStkInit
                0x00000000008110c0                OSTaskCreateHook
                0x00000000008110e0                OSTaskDelHook
                0x0000000000811100                OSTaskSwHook
                0x000000000081111c                OSTaskStatHook
                0x0000000000811138                OSTimeTickHook
                0x0000000000811154                OSInitHookBegin
                0x0000000000811170                OSInitHookEnd
                0x000000000081118c                OSTaskIdleHook
                0x00000000008111a8                OSTCBInitHook
 .text          0x00000000008111c8        0x0 ../test_steric2_bsp/\libucosii_bsp.a(alt_exception_entry.o)
 .text          0x00000000008111c8       0x90 ../test_steric2_bsp/\libucosii_bsp.a(alt_find_dev.o)
                0x00000000008111c8                alt_find_dev
 .text          0x0000000000811258      0x114 ../test_steric2_bsp/\libucosii_bsp.a(alt_find_file.o)
                0x0000000000811258                alt_find_file
 .text          0x000000000081136c      0x114 ../test_steric2_bsp/\libucosii_bsp.a(alt_get_fd.o)
                0x000000000081136c                alt_get_fd
 .text          0x0000000000811480       0x14 c:/altera/15.0/nios2eds/bin/gnu/h-x86_64-mingw32/bin/../lib/gcc/nios2-elf/4.9.1/../../../../../H-x86_64-mingw32/nios2-elf/lib/mno-hw-mul\libc.a(lib_a-atexit.o)
                0x0000000000811480                atexit
 .text          0x0000000000811494       0x38 c:/altera/15.0/nios2eds/bin/gnu/h-x86_64-mingw32/bin/../lib/gcc/nios2-elf/4.9.1/../../../../../H-x86_64-mingw32/nios2-elf/lib/mno-hw-mul\libc.a(lib_a-exit.o)
                0x0000000000811494                exit
 .text          0x00000000008114cc        0x0 c:/altera/15.0/nios2eds/bin/gnu/h-x86_64-mingw32/bin/../lib/gcc/nios2-elf/4.9.1/../../../../../H-x86_64-mingw32/nios2-elf/lib/mno-hw-mul\libc.a(lib_a-int_errno.o)
 .text          0x00000000008114cc       0x7c c:/altera/15.0/nios2eds/bin/gnu/h-x86_64-mingw32/bin/../lib/gcc/nios2-elf/4.9.1/../../../../../H-x86_64-mingw32/nios2-elf/lib/mno-hw-mul\libc.a(lib_a-memcmp.o)
                0x00000000008114cc                memcmp
 .text          0x0000000000811548      0x124 c:/altera/15.0/nios2eds/bin/gnu/h-x86_64-mingw32/bin/../lib/gcc/nios2-elf/4.9.1/../../../../../H-x86_64-mingw32/nios2-elf/lib/mno-hw-mul\libc.a(lib_a-memset.o)
                0x0000000000811548                memset
 .text          0x000000000081166c       0x98 c:/altera/15.0/nios2eds/bin/gnu/h-x86_64-mingw32/bin/../lib/gcc/nios2-elf/4.9.1/../../../../../H-x86_64-mingw32/nios2-elf/lib/mno-hw-mul\libc.a(lib_a-strlen.o)
                0x000000000081166c                strlen
 .text          0x0000000000811704      0x114 c:/altera/15.0/nios2eds/bin/gnu/h-x86_64-mingw32/bin/../lib/gcc/nios2-elf/4.9.1/../../../../../H-x86_64-mingw32/nios2-elf/lib/mno-hw-mul\libc.a(lib_a-__atexit.o)
                0x0000000000811704                __register_exitproc
 .text          0x0000000000811818      0x194 c:/altera/15.0/nios2eds/bin/gnu/h-x86_64-mingw32/bin/../lib/gcc/nios2-elf/4.9.1/../../../../../H-x86_64-mingw32/nios2-elf/lib/mno-hw-mul\libc.a(lib_a-__call_atexit.o)
                0x0000000000811818                __call_exitprocs
 .text          0x00000000008119ac       0x3c ../test_steric2_bsp/\libucosii_bsp.a(alt_exit.o)
                0x00000000008119ac                _exit
 *(.gnu.warning.*)
 *(.fini)
                0x00000000008119e8                PROVIDE (__etext, ABSOLUTE (.))
                0x00000000008119e8                PROVIDE (_etext, ABSOLUTE (.))
                0x00000000008119e8                PROVIDE (etext, ABSOLUTE (.))
 *(.eh_frame_hdr)
                0x00000000008119e8                . = ALIGN (0x4)
                0x00000000008119e8                PROVIDE (__preinit_array_start, ABSOLUTE (.))
 *(.preinit_array)
                0x00000000008119e8                PROVIDE (__preinit_array_end, ABSOLUTE (.))
                0x00000000008119e8                PROVIDE (__init_array_start, ABSOLUTE (.))
 *(.init_array)
                0x00000000008119e8                PROVIDE (__init_array_end, ABSOLUTE (.))
                0x00000000008119e8                PROVIDE (__fini_array_start, ABSOLUTE (.))
 *(.fini_array)
                0x00000000008119e8                PROVIDE (__fini_array_end, ABSOLUTE (.))
 *(.eh_frame)
 *(.gcc_except_table .gcc_except_table.*)
 *(.dynamic)
                0x00000000008119e8                PROVIDE (__CTOR_LIST__, ABSOLUTE (.))
 *(.ctors)
 *(SORT(.ctors.*))
                0x00000000008119e8                PROVIDE (__CTOR_END__, ABSOLUTE (.))
                0x00000000008119e8                PROVIDE (__DTOR_LIST__, ABSOLUTE (.))
 *(.dtors)
 *(SORT(.dtors.*))
                0x00000000008119e8                PROVIDE (__DTOR_END__, ABSOLUTE (.))
 *(.jcr)
                0x00000000008119e8                . = ALIGN (0x4)

.rodata         0x00000000008119e8      0x878
                0x00000000008119e8                PROVIDE (__ram_rodata_start, ABSOLUTE (.))
                0x00000000008119e8                . = ALIGN (0x4)
 *(.rodata .rodata.* .gnu.linkonce.r.*)
 .rodata        0x00000000008119e8      0x5f0 obj/default/AsciiLib.o
 .rodata        0x0000000000811fd8       0x10 obj/default/LCD32.o
                0x0000000000811fd8                colorfol1
 .rodata        0x0000000000811fe8       0x20 obj/default/touch.o
 .rodata        0x0000000000812008      0x100 c:/altera/15.0/nios2eds/bin/gnu/h-x86_64-mingw32/bin/../lib/gcc/nios2-elf/4.9.1/mno-hw-mul\libgcc.a(_clz.o)
                0x0000000000812008                __clz_tab
 .rodata.str1.4
                0x0000000000812108        0x4 c:/altera/15.0/nios2eds/bin/gnu/h-x86_64-mingw32/bin/../lib/gcc/nios2-elf/4.9.1/../../../../../H-x86_64-mingw32/nios2-elf/lib/mno-hw-mul\libc.a(lib_a-impure.o)
 .rodata        0x000000000081210c        0xc ../test_steric2_bsp/\libucosii_bsp.a(alt_main.o)
 .rodata        0x0000000000812118      0x120 ../test_steric2_bsp/\libucosii_bsp.a(os_core.o)
                0x0000000000812118                OSUnMapTbl
 .rodata        0x0000000000812238       0x18 ../test_steric2_bsp/\libucosii_bsp.a(alt_sys_init.o)
 .rodata        0x0000000000812250        0xc ../test_steric2_bsp/\libucosii_bsp.a(alt_dev.o)
 .rodata        0x000000000081225c        0x4 ../test_steric2_bsp/\libucosii_bsp.a(os_cpu_c.o)
 *(.rodata1)
                0x0000000000812260                . = ALIGN (0x4)
                0x0000000000812260                PROVIDE (__ram_rodata_end, ABSOLUTE (.))
                0x00000000008119e8                PROVIDE (__flash_rodata_start, LOADADDR (.rodata))

.rwdata         0x0000000000812260     0x17c0
                0x0000000000812260                PROVIDE (__ram_rwdata_start, ABSOLUTE (.))
                0x0000000000812260                . = ALIGN (0x4)
 *(.got.plt)
 *(.got)
 *(.data1)
 *(.data .data.* .gnu.linkonce.d.*)
 .data          0x0000000000812260        0x0 ../test_steric2_bsp//obj/HAL/src/crt0.o
 .data          0x0000000000812260        0x0 obj/default/AsciiLib.o
 .data          0x0000000000812260        0x0 obj/default/LCD32.o
 .data          0x0000000000812260        0x0 obj/default/main.o
 .data          0x0000000000812260        0xc obj/default/touch.o
                0x0000000000812260                DisplaySample
 .data          0x000000000081226c        0x0 c:/altera/15.0/nios2eds/bin/gnu/h-x86_64-mingw32/bin/../lib/gcc/nios2-elf/4.9.1/mno-hw-mul\libgcc.a(_fixunsdfsi.o)
 .data          0x000000000081226c        0x0 c:/altera/15.0/nios2eds/bin/gnu/h-x86_64-mingw32/bin/../lib/gcc/nios2-elf/4.9.1/mno-hw-mul\libgcc.a(lib2-divmod.o)
 .data          0x000000000081226c        0x0 c:/altera/15.0/nios2eds/bin/gnu/h-x86_64-mingw32/bin/../lib/gcc/nios2-elf/4.9.1/mno-hw-mul\libgcc.a(lib2-mul.o)
 .data          0x000000000081226c        0x0 c:/altera/15.0/nios2eds/bin/gnu/h-x86_64-mingw32/bin/../lib/gcc/nios2-elf/4.9.1/mno-hw-mul\libgcc.a(adddf3.o)
 .data          0x000000000081226c        0x0 c:/altera/15.0/nios2eds/bin/gnu/h-x86_64-mingw32/bin/../lib/gcc/nios2-elf/4.9.1/mno-hw-mul\libgcc.a(divdf3.o)
 .data          0x000000000081226c        0x0 c:/altera/15.0/nios2eds/bin/gnu/h-x86_64-mingw32/bin/../lib/gcc/nios2-elf/4.9.1/mno-hw-mul\libgcc.a(eqdf2.o)
 .data          0x000000000081226c        0x0 c:/altera/15.0/nios2eds/bin/gnu/h-x86_64-mingw32/bin/../lib/gcc/nios2-elf/4.9.1/mno-hw-mul\libgcc.a(gedf2.o)
 .data          0x000000000081226c        0x0 c:/altera/15.0/nios2eds/bin/gnu/h-x86_64-mingw32/bin/../lib/gcc/nios2-elf/4.9.1/mno-hw-mul\libgcc.a(muldf3.o)
 .data          0x000000000081226c        0x0 c:/altera/15.0/nios2eds/bin/gnu/h-x86_64-mingw32/bin/../lib/gcc/nios2-elf/4.9.1/mno-hw-mul\libgcc.a(subdf3.o)
 .data          0x000000000081226c        0x0 c:/altera/15.0/nios2eds/bin/gnu/h-x86_64-mingw32/bin/../lib/gcc/nios2-elf/4.9.1/mno-hw-mul\libgcc.a(fixdfsi.o)
 .data          0x000000000081226c        0x0 c:/altera/15.0/nios2eds/bin/gnu/h-x86_64-mingw32/bin/../lib/gcc/nios2-elf/4.9.1/mno-hw-mul\libgcc.a(floatsidf.o)
 .data          0x000000000081226c        0x0 c:/altera/15.0/nios2eds/bin/gnu/h-x86_64-mingw32/bin/../lib/gcc/nios2-elf/4.9.1/mno-hw-mul\libgcc.a(_clzsi2.o)
 .data          0x000000000081226c        0x0 c:/altera/15.0/nios2eds/bin/gnu/h-x86_64-mingw32/bin/../lib/gcc/nios2-elf/4.9.1/mno-hw-mul\libgcc.a(_clz.o)
 .data          0x000000000081226c        0x0 c:/altera/15.0/nios2eds/bin/gnu/h-x86_64-mingw32/bin/../lib/gcc/nios2-elf/4.9.1/../../../../../H-x86_64-mingw32/nios2-elf/lib/mno-hw-mul\libc.a(lib_a-memcpy.o)
 .data          0x000000000081226c        0x0 c:/altera/15.0/nios2eds/bin/gnu/h-x86_64-mingw32/bin/../lib/gcc/nios2-elf/4.9.1/../../../../../H-x86_64-mingw32/nios2-elf/lib/mno-hw-mul\libc.a(lib_a-rand.o)
 .data          0x000000000081226c      0x424 c:/altera/15.0/nios2eds/bin/gnu/h-x86_64-mingw32/bin/../lib/gcc/nios2-elf/4.9.1/../../../../../H-x86_64-mingw32/nios2-elf/lib/mno-hw-mul\libc.a(lib_a-impure.o)
 .data          0x0000000000812690        0x0 c:/altera/15.0/nios2eds/bin/gnu/h-x86_64-mingw32/bin/../lib/gcc/nios2-elf/4.9.1/mno-hw-mul\libgcc.a(_muldi3.o)
 .data          0x0000000000812690        0x0 ../test_steric2_bsp/\libucosii_bsp.a(alt_main.o)
 .data          0x0000000000812690        0x0 ../test_steric2_bsp/\libucosii_bsp.a(alt_usleep.o)
 .data          0x0000000000812690        0x0 ../test_steric2_bsp/\libucosii_bsp.a(alt_env_lock.o)
 .data          0x0000000000812690        0x0 ../test_steric2_bsp/\libucosii_bsp.a(alt_malloc_lock.o)
 .data          0x0000000000812690        0x0 ../test_steric2_bsp/\libucosii_bsp.a(os_core.o)
 .data          0x0000000000812690        0x0 ../test_steric2_bsp/\libucosii_bsp.a(os_dbg.o)
 .data          0x0000000000812690        0x0 ../test_steric2_bsp/\libucosii_bsp.a(os_flag.o)
 .data          0x0000000000812690        0x0 ../test_steric2_bsp/\libucosii_bsp.a(os_mem.o)
 .data          0x0000000000812690        0x0 ../test_steric2_bsp/\libucosii_bsp.a(os_q.o)
 .data          0x0000000000812690        0x0 ../test_steric2_bsp/\libucosii_bsp.a(os_sem.o)
 .data          0x0000000000812690        0x0 ../test_steric2_bsp/\libucosii_bsp.a(os_task.o)
 .data          0x0000000000812690        0x0 ../test_steric2_bsp/\libucosii_bsp.a(os_time.o)
 .data          0x0000000000812690     0x1138 ../test_steric2_bsp/\libucosii_bsp.a(alt_sys_init.o)
 .data          0x00000000008137c8        0x0 ../test_steric2_bsp/\libucosii_bsp.a(altera_avalon_epcs_flash_controller.o)
 .data          0x00000000008137c8        0x0 ../test_steric2_bsp/\libucosii_bsp.a(altera_avalon_jtag_uart_fd.o)
 .data          0x00000000008137c8        0x0 ../test_steric2_bsp/\libucosii_bsp.a(altera_avalon_jtag_uart_init.o)
 .data          0x00000000008137c8        0x0 ../test_steric2_bsp/\libucosii_bsp.a(altera_avalon_jtag_uart_ioctl.o)
 .data          0x00000000008137c8        0x0 ../test_steric2_bsp/\libucosii_bsp.a(altera_avalon_jtag_uart_read.o)
 .data          0x00000000008137c8        0x0 ../test_steric2_bsp/\libucosii_bsp.a(altera_avalon_jtag_uart_write.o)
 .data          0x00000000008137c8        0x0 ../test_steric2_bsp/\libucosii_bsp.a(altera_avalon_spi.o)
 .data          0x00000000008137c8        0x0 ../test_steric2_bsp/\libucosii_bsp.a(altera_avalon_timer_sc.o)
 .data          0x00000000008137c8        0x0 ../test_steric2_bsp/\libucosii_bsp.a(epcs_commands.o)
 .data          0x00000000008137c8        0x0 ../test_steric2_bsp/\libucosii_bsp.a(alt_alarm_start.o)
 .data          0x00000000008137c8        0x0 ../test_steric2_bsp/\libucosii_bsp.a(alt_busy_sleep.o)
 .data          0x00000000008137c8        0x0 ../test_steric2_bsp/\libucosii_bsp.a(alt_close.o)
 .data          0x00000000008137c8      0x1a8 ../test_steric2_bsp/\libucosii_bsp.a(alt_dev.o)
                0x00000000008137c8                alt_dev_null
                0x00000000008137f0                alt_fd_list
 .data          0x0000000000813970        0x0 ../test_steric2_bsp/\libucosii_bsp.a(alt_dev_llist_insert.o)
 .data          0x0000000000813970        0x0 ../test_steric2_bsp/\libucosii_bsp.a(alt_do_ctors.o)
 .data          0x0000000000813970        0x0 ../test_steric2_bsp/\libucosii_bsp.a(alt_do_dtors.o)
 .data          0x0000000000813970        0x0 ../test_steric2_bsp/\libucosii_bsp.a(alt_errno.o)
 .data          0x0000000000813970        0x0 ../test_steric2_bsp/\libucosii_bsp.a(alt_flash_dev.o)
 .data          0x0000000000813970        0x0 ../test_steric2_bsp/\libucosii_bsp.a(alt_iic.o)
 .data          0x0000000000813970        0x0 ../test_steric2_bsp/\libucosii_bsp.a(alt_iic_isr_register.o)
 .data          0x0000000000813970        0x0 ../test_steric2_bsp/\libucosii_bsp.a(alt_io_redirect.o)
 .data          0x0000000000813970        0x0 ../test_steric2_bsp/\libucosii_bsp.a(alt_irq_entry.o)
 .data          0x0000000000813970        0x0 ../test_steric2_bsp/\libucosii_bsp.a(alt_irq_handler.o)
 .data          0x0000000000813970        0x0 ../test_steric2_bsp/\libucosii_bsp.a(alt_irq_vars.o)
 .data          0x0000000000813970        0x0 ../test_steric2_bsp/\libucosii_bsp.a(alt_open.o)
 .data          0x0000000000813970        0x0 ../test_steric2_bsp/\libucosii_bsp.a(alt_release_fd.o)
 .data          0x0000000000813970        0x0 ../test_steric2_bsp/\libucosii_bsp.a(alt_tick.o)
 .data          0x0000000000813970        0x0 ../test_steric2_bsp/\libucosii_bsp.a(altera_nios2_qsys_irq.o)
 .data          0x0000000000813970        0x0 ../test_steric2_bsp/\libucosii_bsp.a(os_cpu_a.o)
 .data          0x0000000000813970        0x0 ../test_steric2_bsp/\libucosii_bsp.a(os_cpu_c.o)
 .data          0x0000000000813970        0x0 ../test_steric2_bsp/\libucosii_bsp.a(alt_exception_entry.o)
 .data          0x0000000000813970        0x0 ../test_steric2_bsp/\libucosii_bsp.a(alt_find_dev.o)
 .data          0x0000000000813970        0x0 ../test_steric2_bsp/\libucosii_bsp.a(alt_find_file.o)
 .data          0x0000000000813970        0x0 ../test_steric2_bsp/\libucosii_bsp.a(alt_get_fd.o)
 .data          0x0000000000813970        0x0 c:/altera/15.0/nios2eds/bin/gnu/h-x86_64-mingw32/bin/../lib/gcc/nios2-elf/4.9.1/../../../../../H-x86_64-mingw32/nios2-elf/lib/mno-hw-mul\libc.a(lib_a-atexit.o)
 .data          0x0000000000813970        0x0 c:/altera/15.0/nios2eds/bin/gnu/h-x86_64-mingw32/bin/../lib/gcc/nios2-elf/4.9.1/../../../../../H-x86_64-mingw32/nios2-elf/lib/mno-hw-mul\libc.a(lib_a-exit.o)
 .data          0x0000000000813970        0x0 c:/altera/15.0/nios2eds/bin/gnu/h-x86_64-mingw32/bin/../lib/gcc/nios2-elf/4.9.1/../../../../../H-x86_64-mingw32/nios2-elf/lib/mno-hw-mul\libc.a(lib_a-int_errno.o)
 .data          0x0000000000813970        0x0 c:/altera/15.0/nios2eds/bin/gnu/h-x86_64-mingw32/bin/../lib/gcc/nios2-elf/4.9.1/../../../../../H-x86_64-mingw32/nios2-elf/lib/mno-hw-mul\libc.a(lib_a-memcmp.o)
 .data          0x0000000000813970        0x0 c:/altera/15.0/nios2eds/bin/gnu/h-x86_64-mingw32/bin/../lib/gcc/nios2-elf/4.9.1/../../../../../H-x86_64-mingw32/nios2-elf/lib/mno-hw-mul\libc.a(lib_a-memset.o)
 .data          0x0000000000813970        0x0 c:/altera/15.0/nios2eds/bin/gnu/h-x86_64-mingw32/bin/../lib/gcc/nios2-elf/4.9.1/../../../../../H-x86_64-mingw32/nios2-elf/lib/mno-hw-mul\libc.a(lib_a-strlen.o)
 .data          0x0000000000813970        0x0 c:/altera/15.0/nios2eds/bin/gnu/h-x86_64-mingw32/bin/../lib/gcc/nios2-elf/4.9.1/../../../../../H-x86_64-mingw32/nios2-elf/lib/mno-hw-mul\libc.a(lib_a-__atexit.o)
 .data          0x0000000000813970        0x0 c:/altera/15.0/nios2eds/bin/gnu/h-x86_64-mingw32/bin/../lib/gcc/nios2-elf/4.9.1/../../../../../H-x86_64-mingw32/nios2-elf/lib/mno-hw-mul\libc.a(lib_a-__call_atexit.o)
 .data          0x0000000000813970        0x0 ../test_steric2_bsp/\libucosii_bsp.a(alt_exit.o)
                0x000000000081b970                _gp = ABSOLUTE ((. + 0x8000))
                0x000000000081b970                PROVIDE (gp, _gp)
 *(.rwdata .rwdata.*)
 *(.sdata .sdata.* .gnu.linkonce.s.*)
 .sdata         0x0000000000813970        0x8 c:/altera/15.0/nios2eds/bin/gnu/h-x86_64-mingw32/bin/../lib/gcc/nios2-elf/4.9.1/../../../../../H-x86_64-mingw32/nios2-elf/lib/mno-hw-mul\libc.a(lib_a-impure.o)
                0x0000000000813970                _global_impure_ptr
                0x0000000000813974                _impure_ptr
 .sdata         0x0000000000813978        0x4 ../test_steric2_bsp/\libucosii_bsp.a(alt_env_lock.o)
 .sdata         0x000000000081397c        0x4 ../test_steric2_bsp/\libucosii_bsp.a(alt_malloc_lock.o)
 .sdata         0x0000000000813980       0x74 ../test_steric2_bsp/\libucosii_bsp.a(os_dbg.o)
                0x0000000000813980                OSDebugEn
                0x0000000000813984                OSEndiannessTest
                0x0000000000813988                OSEventEn
                0x000000000081398a                OSEventMax
                0x000000000081398c                OSEventNameSize
                0x000000000081398e                OSEventSize
                0x0000000000813990                OSEventTblSize
                0x0000000000813992                OSEventMultiEn
                0x0000000000813994                OSFlagEn
                0x0000000000813996                OSFlagGrpSize
                0x0000000000813998                OSFlagNodeSize
                0x000000000081399a                OSFlagWidth
                0x000000000081399c                OSFlagMax
                0x000000000081399e                OSFlagNameSize
                0x00000000008139a0                OSLowestPrio
                0x00000000008139a2                OSMboxEn
                0x00000000008139a4                OSMemEn
                0x00000000008139a6                OSMemMax
                0x00000000008139a8                OSMemNameSize
                0x00000000008139aa                OSMemSize
                0x00000000008139ac                OSMemTblSize
                0x00000000008139ae                OSMutexEn
                0x00000000008139b0                OSPtrSize
                0x00000000008139b2                OSQEn
                0x00000000008139b4                OSQMax
                0x00000000008139b6                OSQSize
                0x00000000008139b8                OSRdyTblSize
                0x00000000008139ba                OSSemEn
                0x00000000008139bc                OSStkWidth
                0x00000000008139be                OSTaskCreateEn
                0x00000000008139c0                OSTaskCreateExtEn
                0x00000000008139c2                OSTaskDelEn
                0x00000000008139c4                OSTaskIdleStkSize
                0x00000000008139c6                OSTaskProfileEn
                0x00000000008139c8                OSTaskMax
                0x00000000008139ca                OSTaskNameSize
                0x00000000008139cc                OSTaskStatEn
                0x00000000008139ce                OSTaskStatStkSize
                0x00000000008139d0                OSTaskStatStkChkEn
                0x00000000008139d2                OSTaskSwHookEn
                0x00000000008139d4                OSTCBPrioTblMax
                0x00000000008139d6                OSTCBSize
                0x00000000008139d8                OSTicksPerSec
                0x00000000008139da                OSTimeTickHookEn
                0x00000000008139dc                OSVersionNbr
                0x00000000008139de                OSTmrEn
                0x00000000008139e0                OSTmrCfgMax
                0x00000000008139e2                OSTmrCfgNameSize
                0x00000000008139e4                OSTmrCfgWheelSize
                0x00000000008139e6                OSTmrCfgTicksPerSec
                0x00000000008139e8                OSTmrSize
                0x00000000008139ea                OSTmrTblSize
                0x00000000008139ec                OSTmrWheelSize
                0x00000000008139ee                OSTmrWheelTblSize
                0x00000000008139f0                OSDataSize
 .sdata         0x00000000008139f4       0x14 ../test_steric2_bsp/\libucosii_bsp.a(alt_dev.o)
                0x00000000008139f4                alt_fs_list
                0x00000000008139fc                alt_dev_list
                0x0000000000813a04                alt_max_fd
 .sdata         0x0000000000813a08        0x4 ../test_steric2_bsp/\libucosii_bsp.a(alt_errno.o)
                0x0000000000813a08                alt_errno
 .sdata         0x0000000000813a0c        0x8 ../test_steric2_bsp/\libucosii_bsp.a(alt_flash_dev.o)
                0x0000000000813a0c                alt_flash_dev_list
 .sdata         0x0000000000813a14        0x4 ../test_steric2_bsp/\libucosii_bsp.a(alt_irq_vars.o)
                0x0000000000813a14                alt_priority_mask
 .sdata         0x0000000000813a18        0x8 ../test_steric2_bsp/\libucosii_bsp.a(alt_tick.o)
                0x0000000000813a18                alt_alarm_list
 *(.sdata2 .sdata2.* .gnu.linkonce.s2.*)
                0x0000000000813a20                . = ALIGN (0x4)
                0x0000000000813a20                _edata = ABSOLUTE (.)
                0x0000000000813a20                PROVIDE (edata, ABSOLUTE (.))
                0x0000000000813a20                PROVIDE (__ram_rwdata_end, ABSOLUTE (.))
                0x0000000000812260                PROVIDE (__flash_rwdata_start, LOADADDR (.rwdata))

.bss            0x0000000000813a20     0x33f4
                0x0000000000813a20                __bss_start = ABSOLUTE (.)
                0x0000000000813a20                PROVIDE (__sbss_start, ABSOLUTE (.))
                0x0000000000813a20                PROVIDE (___sbss_start, ABSOLUTE (.))
 *(.dynsbss)
 *(.sbss .sbss.* .gnu.linkonce.sb.*)
 .sbss          0x0000000000813a20        0x1 obj/default/LCD32.o
 *fill*         0x0000000000813a21        0x1 
 .sbss          0x0000000000813a22        0x4 obj/default/touch.o
 .sbss          0x0000000000813a26        0x4 obj/default/touch.o
                0x0000000000813a26                display
 *fill*         0x0000000000813a2a        0x2 
 .sbss          0x0000000000813a2c        0xc ../test_steric2_bsp/\libucosii_bsp.a(alt_main.o)
                0x0000000000813a2c                alt_argc
                0x0000000000813a30                alt_argv
                0x0000000000813a34                alt_envp
 .sbss          0x0000000000813a38        0x8 ../test_steric2_bsp/\libucosii_bsp.a(alt_env_lock.o)
                0x0000000000813a3c                alt_envsem
 .sbss          0x0000000000813a40        0x8 ../test_steric2_bsp/\libucosii_bsp.a(alt_malloc_lock.o)
                0x0000000000813a44                alt_heapsem
 .sbss          0x0000000000813a48       0x50 ../test_steric2_bsp/\libucosii_bsp.a(os_core.o)
                0x0000000000813a48                OSLockNesting
                0x0000000000813a49                OSRunning
                0x0000000000813a4c                OSIdleCtr
                0x0000000000813a50                OSPrioHighRdy
                0x0000000000813a51                OSPrioCur
                0x0000000000813a54                OSTCBList
                0x0000000000813a58                OSTickStepState
                0x0000000000813a5c                OSCtxSwCtr
                0x0000000000813a60                OSIdleCtrMax
                0x0000000000813a64                OSTCBFreeList
                0x0000000000813a68                OSCPUUsage
                0x0000000000813a69                OSTaskCtr
                0x0000000000813a6c                OSMemFreeList
                0x0000000000813a70                OSTCBHighRdy
                0x0000000000813a74                OSQFreeList
                0x0000000000813a78                OSRdyGrp
                0x0000000000813a79                OSRdyTbl
                0x0000000000813a7c                OSEventFreeList
                0x0000000000813a80                OSIntNesting
                0x0000000000813a84                OSTCBCur
                0x0000000000813a88                OSTime
                0x0000000000813a8c                OSFlagFreeList
                0x0000000000813a90                OSStatRdy
                0x0000000000813a94                OSIdleCtrRun
 .sbss          0x0000000000813a98        0x4 ../test_steric2_bsp/\libucosii_bsp.a(alt_dev.o)
                0x0000000000813a98                alt_fd_list_lock
 .sbss          0x0000000000813a9c        0x4 ../test_steric2_bsp/\libucosii_bsp.a(alt_irq_vars.o)
                0x0000000000813a9c                alt_irq_active
 .sbss          0x0000000000813aa0        0x8 ../test_steric2_bsp/\libucosii_bsp.a(alt_tick.o)
                0x0000000000813aa0                _alt_tick_rate
                0x0000000000813aa4                _alt_nticks
 .sbss          0x0000000000813aa8        0x4 c:/altera/15.0/nios2eds/bin/gnu/h-x86_64-mingw32/bin/../lib/gcc/nios2-elf/4.9.1/../../../../../H-x86_64-mingw32/nios2-elf/lib/mno-hw-mul\libc.a(lib_a-int_errno.o)
                0x0000000000813aa8                errno
 *(.sbss2 .sbss2.* .gnu.linkonce.sb2.*)
 *(.scommon)
                0x0000000000813aac                PROVIDE (__sbss_end, ABSOLUTE (.))
                0x0000000000813aac                PROVIDE (___sbss_end, ABSOLUTE (.))
 *(.dynbss)
 *(.bss .bss.* .gnu.linkonce.b.*)
 .bss           0x0000000000813aac        0x0 ../test_steric2_bsp//obj/HAL/src/crt0.o
 .bss           0x0000000000813aac        0x0 obj/default/AsciiLib.o
 .bss           0x0000000000813aac        0x0 obj/default/LCD32.o
 .bss           0x0000000000813aac        0x0 obj/default/main.o
 .bss           0x0000000000813aac        0x0 obj/default/touch.o
 .bss           0x0000000000813aac        0x0 c:/altera/15.0/nios2eds/bin/gnu/h-x86_64-mingw32/bin/../lib/gcc/nios2-elf/4.9.1/mno-hw-mul\libgcc.a(_fixunsdfsi.o)
 .bss           0x0000000000813aac        0x0 c:/altera/15.0/nios2eds/bin/gnu/h-x86_64-mingw32/bin/../lib/gcc/nios2-elf/4.9.1/mno-hw-mul\libgcc.a(lib2-divmod.o)
 .bss           0x0000000000813aac        0x0 c:/altera/15.0/nios2eds/bin/gnu/h-x86_64-mingw32/bin/../lib/gcc/nios2-elf/4.9.1/mno-hw-mul\libgcc.a(lib2-mul.o)
 .bss           0x0000000000813aac        0x0 c:/altera/15.0/nios2eds/bin/gnu/h-x86_64-mingw32/bin/../lib/gcc/nios2-elf/4.9.1/mno-hw-mul\libgcc.a(adddf3.o)
 .bss           0x0000000000813aac        0x0 c:/altera/15.0/nios2eds/bin/gnu/h-x86_64-mingw32/bin/../lib/gcc/nios2-elf/4.9.1/mno-hw-mul\libgcc.a(divdf3.o)
 .bss           0x0000000000813aac        0x0 c:/altera/15.0/nios2eds/bin/gnu/h-x86_64-mingw32/bin/../lib/gcc/nios2-elf/4.9.1/mno-hw-mul\libgcc.a(eqdf2.o)
 .bss           0x0000000000813aac        0x0 c:/altera/15.0/nios2eds/bin/gnu/h-x86_64-mingw32/bin/../lib/gcc/nios2-elf/4.9.1/mno-hw-mul\libgcc.a(gedf2.o)
 .bss           0x0000000000813aac        0x0 c:/altera/15.0/nios2eds/bin/gnu/h-x86_64-mingw32/bin/../lib/gcc/nios2-elf/4.9.1/mno-hw-mul\libgcc.a(muldf3.o)
 .bss           0x0000000000813aac        0x0 c:/altera/15.0/nios2eds/bin/gnu/h-x86_64-mingw32/bin/../lib/gcc/nios2-elf/4.9.1/mno-hw-mul\libgcc.a(subdf3.o)
 .bss           0x0000000000813aac        0x0 c:/altera/15.0/nios2eds/bin/gnu/h-x86_64-mingw32/bin/../lib/gcc/nios2-elf/4.9.1/mno-hw-mul\libgcc.a(fixdfsi.o)
 .bss           0x0000000000813aac        0x0 c:/altera/15.0/nios2eds/bin/gnu/h-x86_64-mingw32/bin/../lib/gcc/nios2-elf/4.9.1/mno-hw-mul\libgcc.a(floatsidf.o)
 .bss           0x0000000000813aac        0x0 c:/altera/15.0/nios2eds/bin/gnu/h-x86_64-mingw32/bin/../lib/gcc/nios2-elf/4.9.1/mno-hw-mul\libgcc.a(_clzsi2.o)
 .bss           0x0000000000813aac        0x0 c:/altera/15.0/nios2eds/bin/gnu/h-x86_64-mingw32/bin/../lib/gcc/nios2-elf/4.9.1/mno-hw-mul\libgcc.a(_clz.o)
 .bss           0x0000000000813aac        0x0 c:/altera/15.0/nios2eds/bin/gnu/h-x86_64-mingw32/bin/../lib/gcc/nios2-elf/4.9.1/../../../../../H-x86_64-mingw32/nios2-elf/lib/mno-hw-mul\libc.a(lib_a-memcpy.o)
 .bss           0x0000000000813aac        0x0 c:/altera/15.0/nios2eds/bin/gnu/h-x86_64-mingw32/bin/../lib/gcc/nios2-elf/4.9.1/../../../../../H-x86_64-mingw32/nios2-elf/lib/mno-hw-mul\libc.a(lib_a-rand.o)
 .bss           0x0000000000813aac        0x0 c:/altera/15.0/nios2eds/bin/gnu/h-x86_64-mingw32/bin/../lib/gcc/nios2-elf/4.9.1/../../../../../H-x86_64-mingw32/nios2-elf/lib/mno-hw-mul\libc.a(lib_a-impure.o)
 .bss           0x0000000000813aac        0x0 c:/altera/15.0/nios2eds/bin/gnu/h-x86_64-mingw32/bin/../lib/gcc/nios2-elf/4.9.1/mno-hw-mul\libgcc.a(_muldi3.o)
 .bss           0x0000000000813aac        0x0 ../test_steric2_bsp/\libucosii_bsp.a(alt_main.o)
 .bss           0x0000000000813aac        0x0 ../test_steric2_bsp/\libucosii_bsp.a(alt_usleep.o)
 .bss           0x0000000000813aac        0x0 ../test_steric2_bsp/\libucosii_bsp.a(alt_env_lock.o)
 .bss           0x0000000000813aac        0x0 ../test_steric2_bsp/\libucosii_bsp.a(alt_malloc_lock.o)
 .bss           0x0000000000813aac        0x0 ../test_steric2_bsp/\libucosii_bsp.a(os_core.o)
 .bss           0x0000000000813aac        0x0 ../test_steric2_bsp/\libucosii_bsp.a(os_dbg.o)
 .bss           0x0000000000813aac        0x0 ../test_steric2_bsp/\libucosii_bsp.a(os_flag.o)
 .bss           0x0000000000813aac        0x0 ../test_steric2_bsp/\libucosii_bsp.a(os_mem.o)
 .bss           0x0000000000813aac        0x0 ../test_steric2_bsp/\libucosii_bsp.a(os_q.o)
 .bss           0x0000000000813aac        0x0 ../test_steric2_bsp/\libucosii_bsp.a(os_sem.o)
 .bss           0x0000000000813aac        0x0 ../test_steric2_bsp/\libucosii_bsp.a(os_task.o)
 .bss           0x0000000000813aac        0x0 ../test_steric2_bsp/\libucosii_bsp.a(os_time.o)
 .bss           0x0000000000813aac        0x0 ../test_steric2_bsp/\libucosii_bsp.a(alt_sys_init.o)
 .bss           0x0000000000813aac        0x0 ../test_steric2_bsp/\libucosii_bsp.a(altera_avalon_epcs_flash_controller.o)
 .bss           0x0000000000813aac        0x0 ../test_steric2_bsp/\libucosii_bsp.a(altera_avalon_jtag_uart_fd.o)
 .bss           0x0000000000813aac        0x0 ../test_steric2_bsp/\libucosii_bsp.a(altera_avalon_jtag_uart_init.o)
 .bss           0x0000000000813aac        0x0 ../test_steric2_bsp/\libucosii_bsp.a(altera_avalon_jtag_uart_ioctl.o)
 .bss           0x0000000000813aac        0x0 ../test_steric2_bsp/\libucosii_bsp.a(altera_avalon_jtag_uart_read.o)
 .bss           0x0000000000813aac        0x0 ../test_steric2_bsp/\libucosii_bsp.a(altera_avalon_jtag_uart_write.o)
 .bss           0x0000000000813aac        0x0 ../test_steric2_bsp/\libucosii_bsp.a(altera_avalon_spi.o)
 .bss           0x0000000000813aac        0x0 ../test_steric2_bsp/\libucosii_bsp.a(altera_avalon_timer_sc.o)
 .bss           0x0000000000813aac        0x0 ../test_steric2_bsp/\libucosii_bsp.a(epcs_commands.o)
 .bss           0x0000000000813aac        0x0 ../test_steric2_bsp/\libucosii_bsp.a(alt_alarm_start.o)
 .bss           0x0000000000813aac        0x0 ../test_steric2_bsp/\libucosii_bsp.a(alt_busy_sleep.o)
 .bss           0x0000000000813aac        0x0 ../test_steric2_bsp/\libucosii_bsp.a(alt_close.o)
 .bss           0x0000000000813aac        0x0 ../test_steric2_bsp/\libucosii_bsp.a(alt_dev.o)
 .bss           0x0000000000813aac        0x0 ../test_steric2_bsp/\libucosii_bsp.a(alt_dev_llist_insert.o)
 .bss           0x0000000000813aac        0x0 ../test_steric2_bsp/\libucosii_bsp.a(alt_do_ctors.o)
 .bss           0x0000000000813aac        0x0 ../test_steric2_bsp/\libucosii_bsp.a(alt_do_dtors.o)
 .bss           0x0000000000813aac        0x0 ../test_steric2_bsp/\libucosii_bsp.a(alt_errno.o)
 .bss           0x0000000000813aac        0x0 ../test_steric2_bsp/\libucosii_bsp.a(alt_flash_dev.o)
 .bss           0x0000000000813aac        0x0 ../test_steric2_bsp/\libucosii_bsp.a(alt_iic.o)
 .bss           0x0000000000813aac        0x0 ../test_steric2_bsp/\libucosii_bsp.a(alt_iic_isr_register.o)
 .bss           0x0000000000813aac        0x0 ../test_steric2_bsp/\libucosii_bsp.a(alt_io_redirect.o)
 .bss           0x0000000000813aac        0x0 ../test_steric2_bsp/\libucosii_bsp.a(alt_irq_entry.o)
 .bss           0x0000000000813aac        0x0 ../test_steric2_bsp/\libucosii_bsp.a(alt_irq_handler.o)
 .bss           0x0000000000813aac        0x0 ../test_steric2_bsp/\libucosii_bsp.a(alt_irq_vars.o)
 .bss           0x0000000000813aac        0x0 ../test_steric2_bsp/\libucosii_bsp.a(alt_open.o)
 .bss           0x0000000000813aac        0x0 ../test_steric2_bsp/\libucosii_bsp.a(alt_release_fd.o)
 .bss           0x0000000000813aac        0x0 ../test_steric2_bsp/\libucosii_bsp.a(alt_tick.o)
 .bss           0x0000000000813aac        0x0 ../test_steric2_bsp/\libucosii_bsp.a(altera_nios2_qsys_irq.o)
 .bss           0x0000000000813aac        0x0 ../test_steric2_bsp/\libucosii_bsp.a(os_cpu_a.o)
 .bss           0x0000000000813aac        0x0 ../test_steric2_bsp/\libucosii_bsp.a(os_cpu_c.o)
 .bss           0x0000000000813aac        0x0 ../test_steric2_bsp/\libucosii_bsp.a(alt_exception_entry.o)
 .bss           0x0000000000813aac        0x0 ../test_steric2_bsp/\libucosii_bsp.a(alt_find_dev.o)
 .bss           0x0000000000813aac        0x0 ../test_steric2_bsp/\libucosii_bsp.a(alt_find_file.o)
 .bss           0x0000000000813aac        0x0 ../test_steric2_bsp/\libucosii_bsp.a(alt_get_fd.o)
 .bss           0x0000000000813aac        0x0 c:/altera/15.0/nios2eds/bin/gnu/h-x86_64-mingw32/bin/../lib/gcc/nios2-elf/4.9.1/../../../../../H-x86_64-mingw32/nios2-elf/lib/mno-hw-mul\libc.a(lib_a-atexit.o)
 .bss           0x0000000000813aac        0x0 c:/altera/15.0/nios2eds/bin/gnu/h-x86_64-mingw32/bin/../lib/gcc/nios2-elf/4.9.1/../../../../../H-x86_64-mingw32/nios2-elf/lib/mno-hw-mul\libc.a(lib_a-exit.o)
 .bss           0x0000000000813aac        0x0 c:/altera/15.0/nios2eds/bin/gnu/h-x86_64-mingw32/bin/../lib/gcc/nios2-elf/4.9.1/../../../../../H-x86_64-mingw32/nios2-elf/lib/mno-hw-mul\libc.a(lib_a-int_errno.o)
 .bss           0x0000000000813aac        0x0 c:/altera/15.0/nios2eds/bin/gnu/h-x86_64-mingw32/bin/../lib/gcc/nios2-elf/4.9.1/../../../../../H-x86_64-mingw32/nios2-elf/lib/mno-hw-mul\libc.a(lib_a-memcmp.o)
 .bss           0x0000000000813aac        0x0 c:/altera/15.0/nios2eds/bin/gnu/h-x86_64-mingw32/bin/../lib/gcc/nios2-elf/4.9.1/../../../../../H-x86_64-mingw32/nios2-elf/lib/mno-hw-mul\libc.a(lib_a-memset.o)
 .bss           0x0000000000813aac        0x0 c:/altera/15.0/nios2eds/bin/gnu/h-x86_64-mingw32/bin/../lib/gcc/nios2-elf/4.9.1/../../../../../H-x86_64-mingw32/nios2-elf/lib/mno-hw-mul\libc.a(lib_a-strlen.o)
 .bss           0x0000000000813aac        0x0 c:/altera/15.0/nios2eds/bin/gnu/h-x86_64-mingw32/bin/../lib/gcc/nios2-elf/4.9.1/../../../../../H-x86_64-mingw32/nios2-elf/lib/mno-hw-mul\libc.a(lib_a-__atexit.o)
 .bss           0x0000000000813aac        0x0 c:/altera/15.0/nios2eds/bin/gnu/h-x86_64-mingw32/bin/../lib/gcc/nios2-elf/4.9.1/../../../../../H-x86_64-mingw32/nios2-elf/lib/mno-hw-mul\libc.a(lib_a-__call_atexit.o)
 .bss           0x0000000000813aac        0x0 ../test_steric2_bsp/\libucosii_bsp.a(alt_exit.o)
 *(COMMON)
 COMMON         0x0000000000813aac       0x44 obj/default/touch.o
                0x0000000000813aac                ScreenSample
                0x0000000000813ab8                matrix
 COMMON         0x0000000000813af0     0x3224 ../test_steric2_bsp/\libucosii_bsp.a(os_core.o)
                0x0000000000813af0                OSFlagTbl
                0x0000000000813e60                OSMemTbl
                0x0000000000814a90                OSTaskStatStk
                0x0000000000815290                OSQTbl
                0x0000000000815470                OSTaskIdleStk
                0x0000000000815c70                OSEventTbl
                0x00000000008167b0                OSTCBTbl
                0x0000000000816cc0                OSTCBPrioTbl
 COMMON         0x0000000000816d14      0x100 ../test_steric2_bsp/\libucosii_bsp.a(alt_irq_handler.o)
                0x0000000000816d14                alt_irq
                0x0000000000816e14                . = ALIGN (0x4)
                0x0000000000816e14                __bss_end = ABSOLUTE (.)

.sdram          0x0000000000816e14        0x0
                0x0000000000816e14                PROVIDE (_alt_partition_sdram_start, ABSOLUTE (.))
 *(.sdram .sdram. sdram.*)
                0x0000000000816e14                . = ALIGN (0x4)
                0x0000000000816e14                PROVIDE (_alt_partition_sdram_end, ABSOLUTE (.))
                0x0000000000816e14                _end = ABSOLUTE (.)
                0x0000000000816e14                end = ABSOLUTE (.)
                0x0000000000816e14                __alt_stack_base = ABSOLUTE (.)
                0x0000000000816e14                PROVIDE (_alt_partition_sdram_load_addr, LOADADDR (.sdram))

.flash          0x0000000001001820        0x0
                0x0000000001001820                PROVIDE (_alt_partition_flash_start, ABSOLUTE (.))
 *(.flash .flash. flash.*)
                0x0000000001001820                . = ALIGN (0x4)
                0x0000000001001820                PROVIDE (_alt_partition_flash_end, ABSOLUTE (.))
                0x0000000001001820                PROVIDE (_alt_partition_flash_load_addr, LOADADDR (.flash))

.stab
 *(.stab)

.stabstr
 *(.stabstr)

.stab.excl
 *(.stab.excl)

.stab.exclstr
 *(.stab.exclstr)

.stab.index
 *(.stab.index)

.stab.indexstr
 *(.stab.indexstr)

.comment        0x0000000000000000       0x23
 *(.comment)
 .comment       0x0000000000000000       0x23 obj/default/AsciiLib.o
                                         0x24 (size before relaxing)
 .comment       0x0000000000000000       0x24 obj/default/LCD32.o
 .comment       0x0000000000000000       0x24 obj/default/main.o
 .comment       0x0000000000000000       0x24 obj/default/touch.o
 .comment       0x0000000000000000       0x24 c:/altera/15.0/nios2eds/bin/gnu/h-x86_64-mingw32/bin/../lib/gcc/nios2-elf/4.9.1/mno-hw-mul\libgcc.a(_fixunsdfsi.o)
 .comment       0x0000000000000000       0x24 c:/altera/15.0/nios2eds/bin/gnu/h-x86_64-mingw32/bin/../lib/gcc/nios2-elf/4.9.1/mno-hw-mul\libgcc.a(lib2-divmod.o)
 .comment       0x0000000000000000       0x24 c:/altera/15.0/nios2eds/bin/gnu/h-x86_64-mingw32/bin/../lib/gcc/nios2-elf/4.9.1/mno-hw-mul\libgcc.a(lib2-mul.o)
 .comment       0x0000000000000000       0x24 c:/altera/15.0/nios2eds/bin/gnu/h-x86_64-mingw32/bin/../lib/gcc/nios2-elf/4.9.1/mno-hw-mul\libgcc.a(adddf3.o)
 .comment       0x0000000000000000       0x24 c:/altera/15.0/nios2eds/bin/gnu/h-x86_64-mingw32/bin/../lib/gcc/nios2-elf/4.9.1/mno-hw-mul\libgcc.a(divdf3.o)
 .comment       0x0000000000000000       0x24 c:/altera/15.0/nios2eds/bin/gnu/h-x86_64-mingw32/bin/../lib/gcc/nios2-elf/4.9.1/mno-hw-mul\libgcc.a(eqdf2.o)
 .comment       0x0000000000000000       0x24 c:/altera/15.0/nios2eds/bin/gnu/h-x86_64-mingw32/bin/../lib/gcc/nios2-elf/4.9.1/mno-hw-mul\libgcc.a(gedf2.o)
 .comment       0x0000000000000000       0x24 c:/altera/15.0/nios2eds/bin/gnu/h-x86_64-mingw32/bin/../lib/gcc/nios2-elf/4.9.1/mno-hw-mul\libgcc.a(muldf3.o)
 .comment       0x0000000000000000       0x24 c:/altera/15.0/nios2eds/bin/gnu/h-x86_64-mingw32/bin/../lib/gcc/nios2-elf/4.9.1/mno-hw-mul\libgcc.a(subdf3.o)
 .comment       0x0000000000000000       0x24 c:/altera/15.0/nios2eds/bin/gnu/h-x86_64-mingw32/bin/../lib/gcc/nios2-elf/4.9.1/mno-hw-mul\libgcc.a(fixdfsi.o)
 .comment       0x0000000000000000       0x24 c:/altera/15.0/nios2eds/bin/gnu/h-x86_64-mingw32/bin/../lib/gcc/nios2-elf/4.9.1/mno-hw-mul\libgcc.a(floatsidf.o)
 .comment       0x0000000000000000       0x24 c:/altera/15.0/nios2eds/bin/gnu/h-x86_64-mingw32/bin/../lib/gcc/nios2-elf/4.9.1/mno-hw-mul\libgcc.a(_clzsi2.o)
 .comment       0x0000000000000000       0x24 c:/altera/15.0/nios2eds/bin/gnu/h-x86_64-mingw32/bin/../lib/gcc/nios2-elf/4.9.1/mno-hw-mul\libgcc.a(_clz.o)
 .comment       0x0000000000000000       0x24 c:/altera/15.0/nios2eds/bin/gnu/h-x86_64-mingw32/bin/../lib/gcc/nios2-elf/4.9.1/../../../../../H-x86_64-mingw32/nios2-elf/lib/mno-hw-mul\libc.a(lib_a-memcpy.o)
 .comment       0x0000000000000000       0x24 c:/altera/15.0/nios2eds/bin/gnu/h-x86_64-mingw32/bin/../lib/gcc/nios2-elf/4.9.1/../../../../../H-x86_64-mingw32/nios2-elf/lib/mno-hw-mul\libc.a(lib_a-rand.o)
 .comment       0x0000000000000000       0x24 c:/altera/15.0/nios2eds/bin/gnu/h-x86_64-mingw32/bin/../lib/gcc/nios2-elf/4.9.1/../../../../../H-x86_64-mingw32/nios2-elf/lib/mno-hw-mul\libc.a(lib_a-impure.o)
 .comment       0x0000000000000000       0x24 c:/altera/15.0/nios2eds/bin/gnu/h-x86_64-mingw32/bin/../lib/gcc/nios2-elf/4.9.1/mno-hw-mul\libgcc.a(_muldi3.o)
 .comment       0x0000000000000000       0x24 ../test_steric2_bsp/\libucosii_bsp.a(alt_main.o)
 .comment       0x0000000000000000       0x24 ../test_steric2_bsp/\libucosii_bsp.a(alt_usleep.o)
 .comment       0x0000000000000000       0x24 ../test_steric2_bsp/\libucosii_bsp.a(alt_env_lock.o)
 .comment       0x0000000000000000       0x24 ../test_steric2_bsp/\libucosii_bsp.a(alt_malloc_lock.o)
 .comment       0x0000000000000000       0x24 ../test_steric2_bsp/\libucosii_bsp.a(os_core.o)
 .comment       0x0000000000000000       0x24 ../test_steric2_bsp/\libucosii_bsp.a(os_dbg.o)
 .comment       0x0000000000000000       0x24 ../test_steric2_bsp/\libucosii_bsp.a(os_flag.o)
 .comment       0x0000000000000000       0x24 ../test_steric2_bsp/\libucosii_bsp.a(os_mem.o)
 .comment       0x0000000000000000       0x24 ../test_steric2_bsp/\libucosii_bsp.a(os_q.o)
 .comment       0x0000000000000000       0x24 ../test_steric2_bsp/\libucosii_bsp.a(os_sem.o)
 .comment       0x0000000000000000       0x24 ../test_steric2_bsp/\libucosii_bsp.a(os_task.o)
 .comment       0x0000000000000000       0x24 ../test_steric2_bsp/\libucosii_bsp.a(os_time.o)
 .comment       0x0000000000000000       0x24 ../test_steric2_bsp/\libucosii_bsp.a(alt_sys_init.o)
 .comment       0x0000000000000000       0x24 ../test_steric2_bsp/\libucosii_bsp.a(altera_avalon_epcs_flash_controller.o)
 .comment       0x0000000000000000       0x24 ../test_steric2_bsp/\libucosii_bsp.a(altera_avalon_jtag_uart_fd.o)
 .comment       0x0000000000000000       0x24 ../test_steric2_bsp/\libucosii_bsp.a(altera_avalon_jtag_uart_init.o)
 .comment       0x0000000000000000       0x24 ../test_steric2_bsp/\libucosii_bsp.a(altera_avalon_jtag_uart_ioctl.o)
 .comment       0x0000000000000000       0x24 ../test_steric2_bsp/\libucosii_bsp.a(altera_avalon_jtag_uart_read.o)
 .comment       0x0000000000000000       0x24 ../test_steric2_bsp/\libucosii_bsp.a(altera_avalon_jtag_uart_write.o)
 .comment       0x0000000000000000       0x24 ../test_steric2_bsp/\libucosii_bsp.a(altera_avalon_spi.o)
 .comment       0x0000000000000000       0x24 ../test_steric2_bsp/\libucosii_bsp.a(altera_avalon_timer_sc.o)
 .comment       0x0000000000000000       0x24 ../test_steric2_bsp/\libucosii_bsp.a(epcs_commands.o)
 .comment       0x0000000000000000       0x24 ../test_steric2_bsp/\libucosii_bsp.a(alt_alarm_start.o)
 .comment       0x0000000000000000       0x24 ../test_steric2_bsp/\libucosii_bsp.a(alt_busy_sleep.o)
 .comment       0x0000000000000000       0x24 ../test_steric2_bsp/\libucosii_bsp.a(alt_close.o)
 .comment       0x0000000000000000       0x24 ../test_steric2_bsp/\libucosii_bsp.a(alt_dev.o)
 .comment       0x0000000000000000       0x24 ../test_steric2_bsp/\libucosii_bsp.a(alt_dev_llist_insert.o)
 .comment       0x0000000000000000       0x24 ../test_steric2_bsp/\libucosii_bsp.a(alt_do_ctors.o)
 .comment       0x0000000000000000       0x24 ../test_steric2_bsp/\libucosii_bsp.a(alt_do_dtors.o)
 .comment       0x0000000000000000       0x24 ../test_steric2_bsp/\libucosii_bsp.a(alt_errno.o)
 .comment       0x0000000000000000       0x24 ../test_steric2_bsp/\libucosii_bsp.a(alt_flash_dev.o)
 .comment       0x0000000000000000       0x24 ../test_steric2_bsp/\libucosii_bsp.a(alt_iic.o)
 .comment       0x0000000000000000       0x24 ../test_steric2_bsp/\libucosii_bsp.a(alt_iic_isr_register.o)
 .comment       0x0000000000000000       0x24 ../test_steric2_bsp/\libucosii_bsp.a(alt_io_redirect.o)
 .comment       0x0000000000000000       0x24 ../test_steric2_bsp/\libucosii_bsp.a(alt_irq_handler.o)
 .comment       0x0000000000000000       0x24 ../test_steric2_bsp/\libucosii_bsp.a(alt_irq_vars.o)
 .comment       0x0000000000000000       0x24 ../test_steric2_bsp/\libucosii_bsp.a(alt_open.o)
 .comment       0x0000000000000000       0x24 ../test_steric2_bsp/\libucosii_bsp.a(alt_release_fd.o)
 .comment       0x0000000000000000       0x24 ../test_steric2_bsp/\libucosii_bsp.a(alt_tick.o)
 .comment       0x0000000000000000       0x24 ../test_steric2_bsp/\libucosii_bsp.a(altera_nios2_qsys_irq.o)
 .comment       0x0000000000000000       0x24 ../test_steric2_bsp/\libucosii_bsp.a(os_cpu_c.o)
 .comment       0x0000000000000000       0x24 ../test_steric2_bsp/\libucosii_bsp.a(alt_find_dev.o)
 .comment       0x0000000000000000       0x24 ../test_steric2_bsp/\libucosii_bsp.a(alt_find_file.o)
 .comment       0x0000000000000000       0x24 ../test_steric2_bsp/\libucosii_bsp.a(alt_get_fd.o)
 .comment       0x0000000000000000       0x24 c:/altera/15.0/nios2eds/bin/gnu/h-x86_64-mingw32/bin/../lib/gcc/nios2-elf/4.9.1/../../../../../H-x86_64-mingw32/nios2-elf/lib/mno-hw-mul\libc.a(lib_a-atexit.o)
 .comment       0x0000000000000000       0x24 c:/altera/15.0/nios2eds/bin/gnu/h-x86_64-mingw32/bin/../lib/gcc/nios2-elf/4.9.1/../../../../../H-x86_64-mingw32/nios2-elf/lib/mno-hw-mul\libc.a(lib_a-exit.o)
 .comment       0x0000000000000000       0x24 c:/altera/15.0/nios2eds/bin/gnu/h-x86_64-mingw32/bin/../lib/gcc/nios2-elf/4.9.1/../../../../../H-x86_64-mingw32/nios2-elf/lib/mno-hw-mul\libc.a(lib_a-int_errno.o)
 .comment       0x0000000000000000       0x24 c:/altera/15.0/nios2eds/bin/gnu/h-x86_64-mingw32/bin/../lib/gcc/nios2-elf/4.9.1/../../../../../H-x86_64-mingw32/nios2-elf/lib/mno-hw-mul\libc.a(lib_a-memcmp.o)
 .comment       0x0000000000000000       0x24 c:/altera/15.0/nios2eds/bin/gnu/h-x86_64-mingw32/bin/../lib/gcc/nios2-elf/4.9.1/../../../../../H-x86_64-mingw32/nios2-elf/lib/mno-hw-mul\libc.a(lib_a-memset.o)
 .comment       0x0000000000000000       0x24 c:/altera/15.0/nios2eds/bin/gnu/h-x86_64-mingw32/bin/../lib/gcc/nios2-elf/4.9.1/../../../../../H-x86_64-mingw32/nios2-elf/lib/mno-hw-mul\libc.a(lib_a-strlen.o)
 .comment       0x0000000000000000       0x24 c:/altera/15.0/nios2eds/bin/gnu/h-x86_64-mingw32/bin/../lib/gcc/nios2-elf/4.9.1/../../../../../H-x86_64-mingw32/nios2-elf/lib/mno-hw-mul\libc.a(lib_a-__atexit.o)
 .comment       0x0000000000000000       0x24 c:/altera/15.0/nios2eds/bin/gnu/h-x86_64-mingw32/bin/../lib/gcc/nios2-elf/4.9.1/../../../../../H-x86_64-mingw32/nios2-elf/lib/mno-hw-mul\libc.a(lib_a-__call_atexit.o)
 .comment       0x0000000000000000       0x24 ../test_steric2_bsp/\libucosii_bsp.a(alt_exit.o)

.debug
 *(.debug)

.line
 *(.line)

.debug_srcinfo
 *(.debug_srcinfo)

.debug_sfnames
 *(.debug_sfnames)

.debug_aranges  0x0000000000000000      0x9c0
 *(.debug_aranges)
 .debug_aranges
                0x0000000000000000       0x20 ../test_steric2_bsp//obj/HAL/src/crt0.o
 .debug_aranges
                0x0000000000000020       0x20 obj/default/AsciiLib.o
 .debug_aranges
                0x0000000000000040       0x20 obj/default/LCD32.o
 .debug_aranges
                0x0000000000000060       0x20 obj/default/main.o
 .debug_aranges
                0x0000000000000080       0x20 obj/default/touch.o
 .debug_aranges
                0x00000000000000a0       0x20 c:/altera/15.0/nios2eds/bin/gnu/h-x86_64-mingw32/bin/../lib/gcc/nios2-elf/4.9.1/mno-hw-mul\libgcc.a(_fixunsdfsi.o)
 .debug_aranges
                0x00000000000000c0       0x20 c:/altera/15.0/nios2eds/bin/gnu/h-x86_64-mingw32/bin/../lib/gcc/nios2-elf/4.9.1/mno-hw-mul\libgcc.a(lib2-divmod.o)
 .debug_aranges
                0x00000000000000e0       0x20 c:/altera/15.0/nios2eds/bin/gnu/h-x86_64-mingw32/bin/../lib/gcc/nios2-elf/4.9.1/mno-hw-mul\libgcc.a(lib2-mul.o)
 .debug_aranges
                0x0000000000000100       0x20 c:/altera/15.0/nios2eds/bin/gnu/h-x86_64-mingw32/bin/../lib/gcc/nios2-elf/4.9.1/mno-hw-mul\libgcc.a(adddf3.o)
 .debug_aranges
                0x0000000000000120       0x20 c:/altera/15.0/nios2eds/bin/gnu/h-x86_64-mingw32/bin/../lib/gcc/nios2-elf/4.9.1/mno-hw-mul\libgcc.a(divdf3.o)
 .debug_aranges
                0x0000000000000140       0x20 c:/altera/15.0/nios2eds/bin/gnu/h-x86_64-mingw32/bin/../lib/gcc/nios2-elf/4.9.1/mno-hw-mul\libgcc.a(eqdf2.o)
 .debug_aranges
                0x0000000000000160       0x20 c:/altera/15.0/nios2eds/bin/gnu/h-x86_64-mingw32/bin/../lib/gcc/nios2-elf/4.9.1/mno-hw-mul\libgcc.a(gedf2.o)
 .debug_aranges
                0x0000000000000180       0x20 c:/altera/15.0/nios2eds/bin/gnu/h-x86_64-mingw32/bin/../lib/gcc/nios2-elf/4.9.1/mno-hw-mul\libgcc.a(muldf3.o)
 .debug_aranges
                0x00000000000001a0       0x20 c:/altera/15.0/nios2eds/bin/gnu/h-x86_64-mingw32/bin/../lib/gcc/nios2-elf/4.9.1/mno-hw-mul\libgcc.a(subdf3.o)
 .debug_aranges
                0x00000000000001c0       0x20 c:/altera/15.0/nios2eds/bin/gnu/h-x86_64-mingw32/bin/../lib/gcc/nios2-elf/4.9.1/mno-hw-mul\libgcc.a(fixdfsi.o)
 .debug_aranges
                0x00000000000001e0       0x20 c:/altera/15.0/nios2eds/bin/gnu/h-x86_64-mingw32/bin/../lib/gcc/nios2-elf/4.9.1/mno-hw-mul\libgcc.a(floatsidf.o)
 .debug_aranges
                0x0000000000000200       0x20 c:/altera/15.0/nios2eds/bin/gnu/h-x86_64-mingw32/bin/../lib/gcc/nios2-elf/4.9.1/mno-hw-mul\libgcc.a(_clzsi2.o)
 .debug_aranges
                0x0000000000000220       0x18 c:/altera/15.0/nios2eds/bin/gnu/h-x86_64-mingw32/bin/../lib/gcc/nios2-elf/4.9.1/mno-hw-mul\libgcc.a(_clz.o)
 .debug_aranges
                0x0000000000000238       0x20 c:/altera/15.0/nios2eds/bin/gnu/h-x86_64-mingw32/bin/../lib/gcc/nios2-elf/4.9.1/../../../../../H-x86_64-mingw32/nios2-elf/lib/mno-hw-mul\libc.a(lib_a-memcpy.o)
 .debug_aranges
                0x0000000000000258       0x20 c:/altera/15.0/nios2eds/bin/gnu/h-x86_64-mingw32/bin/../lib/gcc/nios2-elf/4.9.1/../../../../../H-x86_64-mingw32/nios2-elf/lib/mno-hw-mul\libc.a(lib_a-rand.o)
 .debug_aranges
                0x0000000000000278       0x18 c:/altera/15.0/nios2eds/bin/gnu/h-x86_64-mingw32/bin/../lib/gcc/nios2-elf/4.9.1/../../../../../H-x86_64-mingw32/nios2-elf/lib/mno-hw-mul\libc.a(lib_a-impure.o)
 .debug_aranges
                0x0000000000000290       0x20 c:/altera/15.0/nios2eds/bin/gnu/h-x86_64-mingw32/bin/../lib/gcc/nios2-elf/4.9.1/mno-hw-mul\libgcc.a(_muldi3.o)
 .debug_aranges
                0x00000000000002b0       0x20 ../test_steric2_bsp/\libucosii_bsp.a(alt_main.o)
 .debug_aranges
                0x00000000000002d0       0x20 ../test_steric2_bsp/\libucosii_bsp.a(alt_usleep.o)
 .debug_aranges
                0x00000000000002f0       0x20 ../test_steric2_bsp/\libucosii_bsp.a(alt_env_lock.o)
 .debug_aranges
                0x0000000000000310       0x20 ../test_steric2_bsp/\libucosii_bsp.a(alt_malloc_lock.o)
 .debug_aranges
                0x0000000000000330       0x20 ../test_steric2_bsp/\libucosii_bsp.a(os_core.o)
 .debug_aranges
                0x0000000000000350       0x20 ../test_steric2_bsp/\libucosii_bsp.a(os_dbg.o)
 .debug_aranges
                0x0000000000000370       0x20 ../test_steric2_bsp/\libucosii_bsp.a(os_flag.o)
 .debug_aranges
                0x0000000000000390       0x20 ../test_steric2_bsp/\libucosii_bsp.a(os_mem.o)
 .debug_aranges
                0x00000000000003b0       0x20 ../test_steric2_bsp/\libucosii_bsp.a(os_q.o)
 .debug_aranges
                0x00000000000003d0       0x20 ../test_steric2_bsp/\libucosii_bsp.a(os_sem.o)
 .debug_aranges
                0x00000000000003f0       0x20 ../test_steric2_bsp/\libucosii_bsp.a(os_task.o)
 .debug_aranges
                0x0000000000000410       0x20 ../test_steric2_bsp/\libucosii_bsp.a(os_time.o)
 .debug_aranges
                0x0000000000000430       0x20 ../test_steric2_bsp/\libucosii_bsp.a(alt_sys_init.o)
 .debug_aranges
                0x0000000000000450       0x20 ../test_steric2_bsp/\libucosii_bsp.a(altera_avalon_epcs_flash_controller.o)
 .debug_aranges
                0x0000000000000470       0x20 ../test_steric2_bsp/\libucosii_bsp.a(altera_avalon_jtag_uart_fd.o)
 .debug_aranges
                0x0000000000000490       0x20 ../test_steric2_bsp/\libucosii_bsp.a(altera_avalon_jtag_uart_init.o)
 .debug_aranges
                0x00000000000004b0       0x20 ../test_steric2_bsp/\libucosii_bsp.a(altera_avalon_jtag_uart_ioctl.o)
 .debug_aranges
                0x00000000000004d0       0x20 ../test_steric2_bsp/\libucosii_bsp.a(altera_avalon_jtag_uart_read.o)
 .debug_aranges
                0x00000000000004f0       0x20 ../test_steric2_bsp/\libucosii_bsp.a(altera_avalon_jtag_uart_write.o)
 .debug_aranges
                0x0000000000000510       0x20 ../test_steric2_bsp/\libucosii_bsp.a(altera_avalon_spi.o)
 .debug_aranges
                0x0000000000000530       0x20 ../test_steric2_bsp/\libucosii_bsp.a(altera_avalon_timer_sc.o)
 .debug_aranges
                0x0000000000000550       0x20 ../test_steric2_bsp/\libucosii_bsp.a(epcs_commands.o)
 .debug_aranges
                0x0000000000000570       0x20 ../test_steric2_bsp/\libucosii_bsp.a(alt_alarm_start.o)
 .debug_aranges
                0x0000000000000590       0x20 ../test_steric2_bsp/\libucosii_bsp.a(alt_busy_sleep.o)
 .debug_aranges
                0x00000000000005b0       0x20 ../test_steric2_bsp/\libucosii_bsp.a(alt_close.o)
 .debug_aranges
                0x00000000000005d0       0x20 ../test_steric2_bsp/\libucosii_bsp.a(alt_dev.o)
 .debug_aranges
                0x00000000000005f0       0x20 ../test_steric2_bsp/\libucosii_bsp.a(alt_dev_llist_insert.o)
 .debug_aranges
                0x0000000000000610       0x20 ../test_steric2_bsp/\libucosii_bsp.a(alt_do_ctors.o)
 .debug_aranges
                0x0000000000000630       0x20 ../test_steric2_bsp/\libucosii_bsp.a(alt_do_dtors.o)
 .debug_aranges
                0x0000000000000650       0x18 ../test_steric2_bsp/\libucosii_bsp.a(alt_errno.o)
 .debug_aranges
                0x0000000000000668       0x20 ../test_steric2_bsp/\libucosii_bsp.a(alt_flash_dev.o)
 .debug_aranges
                0x0000000000000688       0x20 ../test_steric2_bsp/\libucosii_bsp.a(alt_iic.o)
 .debug_aranges
                0x00000000000006a8       0x20 ../test_steric2_bsp/\libucosii_bsp.a(alt_iic_isr_register.o)
 .debug_aranges
                0x00000000000006c8       0x20 ../test_steric2_bsp/\libucosii_bsp.a(alt_io_redirect.o)
 .debug_aranges
                0x00000000000006e8       0x30 ../test_steric2_bsp/\libucosii_bsp.a(alt_irq_entry.o)
 .debug_aranges
                0x0000000000000718       0x20 ../test_steric2_bsp/\libucosii_bsp.a(alt_irq_handler.o)
 .debug_aranges
                0x0000000000000738       0x18 ../test_steric2_bsp/\libucosii_bsp.a(alt_irq_vars.o)
 .debug_aranges
                0x0000000000000750       0x20 ../test_steric2_bsp/\libucosii_bsp.a(alt_open.o)
 .debug_aranges
                0x0000000000000770       0x20 ../test_steric2_bsp/\libucosii_bsp.a(alt_release_fd.o)
 .debug_aranges
                0x0000000000000790       0x20 ../test_steric2_bsp/\libucosii_bsp.a(alt_tick.o)
 .debug_aranges
                0x00000000000007b0       0x20 ../test_steric2_bsp/\libucosii_bsp.a(altera_nios2_qsys_irq.o)
 .debug_aranges
                0x00000000000007d0       0x20 ../test_steric2_bsp/\libucosii_bsp.a(os_cpu_a.o)
 .debug_aranges
                0x00000000000007f0       0x20 ../test_steric2_bsp/\libucosii_bsp.a(os_cpu_c.o)
 .debug_aranges
                0x0000000000000810       0x38 ../test_steric2_bsp/\libucosii_bsp.a(alt_exception_entry.o)
 .debug_aranges
                0x0000000000000848       0x20 ../test_steric2_bsp/\libucosii_bsp.a(alt_find_dev.o)
 .debug_aranges
                0x0000000000000868       0x20 ../test_steric2_bsp/\libucosii_bsp.a(alt_find_file.o)
 .debug_aranges
                0x0000000000000888       0x20 ../test_steric2_bsp/\libucosii_bsp.a(alt_get_fd.o)
 .debug_aranges
                0x00000000000008a8       0x20 c:/altera/15.0/nios2eds/bin/gnu/h-x86_64-mingw32/bin/../lib/gcc/nios2-elf/4.9.1/../../../../../H-x86_64-mingw32/nios2-elf/lib/mno-hw-mul\libc.a(lib_a-atexit.o)
 .debug_aranges
                0x00000000000008c8       0x20 c:/altera/15.0/nios2eds/bin/gnu/h-x86_64-mingw32/bin/../lib/gcc/nios2-elf/4.9.1/../../../../../H-x86_64-mingw32/nios2-elf/lib/mno-hw-mul\libc.a(lib_a-exit.o)
 .debug_aranges
                0x00000000000008e8       0x18 c:/altera/15.0/nios2eds/bin/gnu/h-x86_64-mingw32/bin/../lib/gcc/nios2-elf/4.9.1/../../../../../H-x86_64-mingw32/nios2-elf/lib/mno-hw-mul\libc.a(lib_a-int_errno.o)
 .debug_aranges
                0x0000000000000900       0x20 c:/altera/15.0/nios2eds/bin/gnu/h-x86_64-mingw32/bin/../lib/gcc/nios2-elf/4.9.1/../../../../../H-x86_64-mingw32/nios2-elf/lib/mno-hw-mul\libc.a(lib_a-memcmp.o)
 .debug_aranges
                0x0000000000000920       0x20 c:/altera/15.0/nios2eds/bin/gnu/h-x86_64-mingw32/bin/../lib/gcc/nios2-elf/4.9.1/../../../../../H-x86_64-mingw32/nios2-elf/lib/mno-hw-mul\libc.a(lib_a-memset.o)
 .debug_aranges
                0x0000000000000940       0x20 c:/altera/15.0/nios2eds/bin/gnu/h-x86_64-mingw32/bin/../lib/gcc/nios2-elf/4.9.1/../../../../../H-x86_64-mingw32/nios2-elf/lib/mno-hw-mul\libc.a(lib_a-strlen.o)
 .debug_aranges
                0x0000000000000960       0x20 c:/altera/15.0/nios2eds/bin/gnu/h-x86_64-mingw32/bin/../lib/gcc/nios2-elf/4.9.1/../../../../../H-x86_64-mingw32/nios2-elf/lib/mno-hw-mul\libc.a(lib_a-__atexit.o)
 .debug_aranges
                0x0000000000000980       0x20 c:/altera/15.0/nios2eds/bin/gnu/h-x86_64-mingw32/bin/../lib/gcc/nios2-elf/4.9.1/../../../../../H-x86_64-mingw32/nios2-elf/lib/mno-hw-mul\libc.a(lib_a-__call_atexit.o)
 .debug_aranges
                0x00000000000009a0       0x20 ../test_steric2_bsp/\libucosii_bsp.a(alt_exit.o)

.debug_pubnames
 *(.debug_pubnames)

.debug_info     0x0000000000000000    0x160e4
 *(.debug_info .gnu.linkonce.wi.*)
 .debug_info    0x0000000000000000       0x67 ../test_steric2_bsp//obj/HAL/src/crt0.o
 .debug_info    0x0000000000000067       0xe1 obj/default/AsciiLib.o
 .debug_info    0x0000000000000148      0x7cf obj/default/LCD32.o
 .debug_info    0x0000000000000917       0xa1 obj/default/main.o
 .debug_info    0x00000000000009b8      0x4d3 obj/default/touch.o
 .debug_info    0x0000000000000e8b       0xc0 c:/altera/15.0/nios2eds/bin/gnu/h-x86_64-mingw32/bin/../lib/gcc/nios2-elf/4.9.1/mno-hw-mul\libgcc.a(_fixunsdfsi.o)
 .debug_info    0x0000000000000f4b      0x234 c:/altera/15.0/nios2eds/bin/gnu/h-x86_64-mingw32/bin/../lib/gcc/nios2-elf/4.9.1/mno-hw-mul\libgcc.a(lib2-divmod.o)
 .debug_info    0x000000000000117f       0xb4 c:/altera/15.0/nios2eds/bin/gnu/h-x86_64-mingw32/bin/../lib/gcc/nios2-elf/4.9.1/mno-hw-mul\libgcc.a(lib2-mul.o)
 .debug_info    0x0000000000001233      0x485 c:/altera/15.0/nios2eds/bin/gnu/h-x86_64-mingw32/bin/../lib/gcc/nios2-elf/4.9.1/mno-hw-mul\libgcc.a(adddf3.o)
 .debug_info    0x00000000000016b8      0x5be c:/altera/15.0/nios2eds/bin/gnu/h-x86_64-mingw32/bin/../lib/gcc/nios2-elf/4.9.1/mno-hw-mul\libgcc.a(divdf3.o)
 .debug_info    0x0000000000001c76      0x1e2 c:/altera/15.0/nios2eds/bin/gnu/h-x86_64-mingw32/bin/../lib/gcc/nios2-elf/4.9.1/mno-hw-mul\libgcc.a(eqdf2.o)
 .debug_info    0x0000000000001e58      0x202 c:/altera/15.0/nios2eds/bin/gnu/h-x86_64-mingw32/bin/../lib/gcc/nios2-elf/4.9.1/mno-hw-mul\libgcc.a(gedf2.o)
 .debug_info    0x000000000000205a      0x5f6 c:/altera/15.0/nios2eds/bin/gnu/h-x86_64-mingw32/bin/../lib/gcc/nios2-elf/4.9.1/mno-hw-mul\libgcc.a(muldf3.o)
 .debug_info    0x0000000000002650      0x4a2 c:/altera/15.0/nios2eds/bin/gnu/h-x86_64-mingw32/bin/../lib/gcc/nios2-elf/4.9.1/mno-hw-mul\libgcc.a(subdf3.o)
 .debug_info    0x0000000000002af2      0x1a6 c:/altera/15.0/nios2eds/bin/gnu/h-x86_64-mingw32/bin/../lib/gcc/nios2-elf/4.9.1/mno-hw-mul\libgcc.a(fixdfsi.o)
 .debug_info    0x0000000000002c98      0x1b6 c:/altera/15.0/nios2eds/bin/gnu/h-x86_64-mingw32/bin/../lib/gcc/nios2-elf/4.9.1/mno-hw-mul\libgcc.a(floatsidf.o)
 .debug_info    0x0000000000002e4e      0x11d c:/altera/15.0/nios2eds/bin/gnu/h-x86_64-mingw32/bin/../lib/gcc/nios2-elf/4.9.1/mno-hw-mul\libgcc.a(_clzsi2.o)
 .debug_info    0x0000000000002f6b       0xab c:/altera/15.0/nios2eds/bin/gnu/h-x86_64-mingw32/bin/../lib/gcc/nios2-elf/4.9.1/mno-hw-mul\libgcc.a(_clz.o)
 .debug_info    0x0000000000003016      0x133 c:/altera/15.0/nios2eds/bin/gnu/h-x86_64-mingw32/bin/../lib/gcc/nios2-elf/4.9.1/../../../../../H-x86_64-mingw32/nios2-elf/lib/mno-hw-mul\libc.a(lib_a-memcpy.o)
 .debug_info    0x0000000000003149      0x8a1 c:/altera/15.0/nios2eds/bin/gnu/h-x86_64-mingw32/bin/../lib/gcc/nios2-elf/4.9.1/../../../../../H-x86_64-mingw32/nios2-elf/lib/mno-hw-mul\libc.a(lib_a-rand.o)
 .debug_info    0x00000000000039ea      0x88f c:/altera/15.0/nios2eds/bin/gnu/h-x86_64-mingw32/bin/../lib/gcc/nios2-elf/4.9.1/../../../../../H-x86_64-mingw32/nios2-elf/lib/mno-hw-mul\libc.a(lib_a-impure.o)
 .debug_info    0x0000000000004279      0x1e2 c:/altera/15.0/nios2eds/bin/gnu/h-x86_64-mingw32/bin/../lib/gcc/nios2-elf/4.9.1/mno-hw-mul\libgcc.a(_muldi3.o)
 .debug_info    0x000000000000445b      0x266 ../test_steric2_bsp/\libucosii_bsp.a(alt_main.o)
 .debug_info    0x00000000000046c1      0x13a ../test_steric2_bsp/\libucosii_bsp.a(alt_usleep.o)
 .debug_info    0x00000000000047fb      0xc50 ../test_steric2_bsp/\libucosii_bsp.a(alt_env_lock.o)
 .debug_info    0x000000000000544b      0xd96 ../test_steric2_bsp/\libucosii_bsp.a(alt_malloc_lock.o)
 .debug_info    0x00000000000061e1     0x1606 ../test_steric2_bsp/\libucosii_bsp.a(os_core.o)
 .debug_info    0x00000000000077e7      0xaa1 ../test_steric2_bsp/\libucosii_bsp.a(os_dbg.o)
 .debug_info    0x0000000000008288      0xf95 ../test_steric2_bsp/\libucosii_bsp.a(os_flag.o)
 .debug_info    0x000000000000921d      0x673 ../test_steric2_bsp/\libucosii_bsp.a(os_mem.o)
 .debug_info    0x0000000000009890      0xd9c ../test_steric2_bsp/\libucosii_bsp.a(os_q.o)
 .debug_info    0x000000000000a62c      0x9fd ../test_steric2_bsp/\libucosii_bsp.a(os_sem.o)
 .debug_info    0x000000000000b029     0x1110 ../test_steric2_bsp/\libucosii_bsp.a(os_task.o)
 .debug_info    0x000000000000c139      0x6e2 ../test_steric2_bsp/\libucosii_bsp.a(os_time.o)
 .debug_info    0x000000000000c81b      0x916 ../test_steric2_bsp/\libucosii_bsp.a(alt_sys_init.o)
 .debug_info    0x000000000000d131      0x86b ../test_steric2_bsp/\libucosii_bsp.a(altera_avalon_epcs_flash_controller.o)
 .debug_info    0x000000000000d99c      0x674 ../test_steric2_bsp/\libucosii_bsp.a(altera_avalon_jtag_uart_fd.o)
 .debug_info    0x000000000000e010      0x6b4 ../test_steric2_bsp/\libucosii_bsp.a(altera_avalon_jtag_uart_init.o)
 .debug_info    0x000000000000e6c4      0x3c6 ../test_steric2_bsp/\libucosii_bsp.a(altera_avalon_jtag_uart_ioctl.o)
 .debug_info    0x000000000000ea8a      0x578 ../test_steric2_bsp/\libucosii_bsp.a(altera_avalon_jtag_uart_read.o)
 .debug_info    0x000000000000f002      0x572 ../test_steric2_bsp/\libucosii_bsp.a(altera_avalon_jtag_uart_write.o)
 .debug_info    0x000000000000f574      0x186 ../test_steric2_bsp/\libucosii_bsp.a(altera_avalon_spi.o)
 .debug_info    0x000000000000f6fa      0x21f ../test_steric2_bsp/\libucosii_bsp.a(altera_avalon_timer_sc.o)
 .debug_info    0x000000000000f919      0x448 ../test_steric2_bsp/\libucosii_bsp.a(epcs_commands.o)
 .debug_info    0x000000000000fd61      0x2c5 ../test_steric2_bsp/\libucosii_bsp.a(alt_alarm_start.o)
 .debug_info    0x0000000000010026       0xd0 ../test_steric2_bsp/\libucosii_bsp.a(alt_busy_sleep.o)
 .debug_info    0x00000000000100f6      0x34e ../test_steric2_bsp/\libucosii_bsp.a(alt_close.o)
 .debug_info    0x0000000000010444      0x57e ../test_steric2_bsp/\libucosii_bsp.a(alt_dev.o)
 .debug_info    0x00000000000109c2      0x1a2 ../test_steric2_bsp/\libucosii_bsp.a(alt_dev_llist_insert.o)
 .debug_info    0x0000000000010b64       0x83 ../test_steric2_bsp/\libucosii_bsp.a(alt_do_ctors.o)
 .debug_info    0x0000000000010be7       0x83 ../test_steric2_bsp/\libucosii_bsp.a(alt_do_dtors.o)
 .debug_info    0x0000000000010c6a       0x9f ../test_steric2_bsp/\libucosii_bsp.a(alt_errno.o)
 .debug_info    0x0000000000010d09      0x3f9 ../test_steric2_bsp/\libucosii_bsp.a(alt_flash_dev.o)
 .debug_info    0x0000000000011102      0x349 ../test_steric2_bsp/\libucosii_bsp.a(alt_iic.o)
 .debug_info    0x000000000001144b      0x1e8 ../test_steric2_bsp/\libucosii_bsp.a(alt_iic_isr_register.o)
 .debug_info    0x0000000000011633      0x4d2 ../test_steric2_bsp/\libucosii_bsp.a(alt_io_redirect.o)
 .debug_info    0x0000000000011b05       0x6c ../test_steric2_bsp/\libucosii_bsp.a(alt_irq_entry.o)
 .debug_info    0x0000000000011b71      0x1a9 ../test_steric2_bsp/\libucosii_bsp.a(alt_irq_handler.o)
 .debug_info    0x0000000000011d1a       0x88 ../test_steric2_bsp/\libucosii_bsp.a(alt_irq_vars.o)
 .debug_info    0x0000000000011da2      0x3dd ../test_steric2_bsp/\libucosii_bsp.a(alt_open.o)
 .debug_info    0x000000000001217f      0x2f2 ../test_steric2_bsp/\libucosii_bsp.a(alt_release_fd.o)
 .debug_info    0x0000000000012471      0x2a0 ../test_steric2_bsp/\libucosii_bsp.a(alt_tick.o)
 .debug_info    0x0000000000012711       0x8b ../test_steric2_bsp/\libucosii_bsp.a(altera_nios2_qsys_irq.o)
 .debug_info    0x000000000001279c       0x6b ../test_steric2_bsp/\libucosii_bsp.a(os_cpu_a.o)
 .debug_info    0x0000000000012807      0xcd3 ../test_steric2_bsp/\libucosii_bsp.a(os_cpu_c.o)
 .debug_info    0x00000000000134da       0x72 ../test_steric2_bsp/\libucosii_bsp.a(alt_exception_entry.o)
 .debug_info    0x000000000001354c      0x316 ../test_steric2_bsp/\libucosii_bsp.a(alt_find_dev.o)
 .debug_info    0x0000000000013862      0x313 ../test_steric2_bsp/\libucosii_bsp.a(alt_find_file.o)
 .debug_info    0x0000000000013b75      0x444 ../test_steric2_bsp/\libucosii_bsp.a(alt_get_fd.o)
 .debug_info    0x0000000000013fb9      0x10a c:/altera/15.0/nios2eds/bin/gnu/h-x86_64-mingw32/bin/../lib/gcc/nios2-elf/4.9.1/../../../../../H-x86_64-mingw32/nios2-elf/lib/mno-hw-mul\libc.a(lib_a-atexit.o)
 .debug_info    0x00000000000140c3      0x8df c:/altera/15.0/nios2eds/bin/gnu/h-x86_64-mingw32/bin/../lib/gcc/nios2-elf/4.9.1/../../../../../H-x86_64-mingw32/nios2-elf/lib/mno-hw-mul\libc.a(lib_a-exit.o)
 .debug_info    0x00000000000149a2       0x83 c:/altera/15.0/nios2eds/bin/gnu/h-x86_64-mingw32/bin/../lib/gcc/nios2-elf/4.9.1/../../../../../H-x86_64-mingw32/nios2-elf/lib/mno-hw-mul\libc.a(lib_a-int_errno.o)
 .debug_info    0x0000000000014a25      0x113 c:/altera/15.0/nios2eds/bin/gnu/h-x86_64-mingw32/bin/../lib/gcc/nios2-elf/4.9.1/../../../../../H-x86_64-mingw32/nios2-elf/lib/mno-hw-mul\libc.a(lib_a-memcmp.o)
 .debug_info    0x0000000000014b38      0x11a c:/altera/15.0/nios2eds/bin/gnu/h-x86_64-mingw32/bin/../lib/gcc/nios2-elf/4.9.1/../../../../../H-x86_64-mingw32/nios2-elf/lib/mno-hw-mul\libc.a(lib_a-memset.o)
 .debug_info    0x0000000000014c52       0xdb c:/altera/15.0/nios2eds/bin/gnu/h-x86_64-mingw32/bin/../lib/gcc/nios2-elf/4.9.1/../../../../../H-x86_64-mingw32/nios2-elf/lib/mno-hw-mul\libc.a(lib_a-strlen.o)
 .debug_info    0x0000000000014d2d      0x93b c:/altera/15.0/nios2eds/bin/gnu/h-x86_64-mingw32/bin/../lib/gcc/nios2-elf/4.9.1/../../../../../H-x86_64-mingw32/nios2-elf/lib/mno-hw-mul\libc.a(lib_a-__atexit.o)